###############################################################################
#
# IAR ELF Linker V7.10.3.6832/W32 for ARM                 12/Dec/2015  15:41:17
# Copyright 2007-2014 IAR Systems AB.
#
#    Output file  =  G:\git_hub_lamp\lamp_slave_git\Debug\Exe\SlaverNode.out
#    Map file     =  G:\git_hub_lamp\lamp_slave_git\Debug\List\SlaverNode.map
#    Command line =  
#        G:\git_hub_lamp\lamp_slave_git\Debug\Obj\APL.o
#        G:\git_hub_lamp\lamp_slave_git\Debug\Obj\apl_debug.o
#        G:\git_hub_lamp\lamp_slave_git\Debug\Obj\autostart.o
#        G:\git_hub_lamp\lamp_slave_git\Debug\Obj\checkpoint.o
#        G:\git_hub_lamp\lamp_slave_git\Debug\Obj\clock.o
#        G:\git_hub_lamp\lamp_slave_git\Debug\Obj\common.o
#        G:\git_hub_lamp\lamp_slave_git\Debug\Obj\compower.o
#        G:\git_hub_lamp\lamp_slave_git\Debug\Obj\contiki-main.o
#        G:\git_hub_lamp\lamp_slave_git\Debug\Obj\crc16.o
#        G:\git_hub_lamp\lamp_slave_git\Debug\Obj\ctimer.o
#        G:\git_hub_lamp\lamp_slave_git\Debug\Obj\elfloader.o
#        G:\git_hub_lamp\lamp_slave_git\Debug\Obj\energest.o
#        G:\git_hub_lamp\lamp_slave_git\Debug\Obj\etimer.o
#        G:\git_hub_lamp\lamp_slave_git\Debug\Obj\gpio_per.o
#        G:\git_hub_lamp\lamp_slave_git\Debug\Obj\hal_falsh.o
#        G:\git_hub_lamp\lamp_slave_git\Debug\Obj\hal_GDflash.o
#        G:\git_hub_lamp\lamp_slave_git\Debug\Obj\hal_led.o
#        G:\git_hub_lamp\lamp_slave_git\Debug\Obj\hal_memory.o
#        G:\git_hub_lamp\lamp_slave_git\Debug\Obj\hal_nvic.o
#        G:\git_hub_lamp\lamp_slave_git\Debug\Obj\hal_radio.o
#        G:\git_hub_lamp\lamp_slave_git\Debug\Obj\hal_rcc.o
#        G:\git_hub_lamp\lamp_slave_git\Debug\Obj\hal_timer.o
#        G:\git_hub_lamp\lamp_slave_git\Debug\Obj\hal_uart.o
#        G:\git_hub_lamp\lamp_slave_git\Debug\Obj\hal_wdg.o
#        G:\git_hub_lamp\lamp_slave_git\Debug\Obj\ifft.o
#        G:\git_hub_lamp\lamp_slave_git\Debug\Obj\list.o
#        G:\git_hub_lamp\lamp_slave_git\Debug\Obj\memb.o
#        G:\git_hub_lamp\lamp_slave_git\Debug\Obj\mmem.o
#        G:\git_hub_lamp\lamp_slave_git\Debug\Obj\os_cpu_a.o
#        G:\git_hub_lamp\lamp_slave_git\Debug\Obj\PHY.o
#        G:\git_hub_lamp\lamp_slave_git\Debug\Obj\print-stats.o
#        G:\git_hub_lamp\lamp_slave_git\Debug\Obj\process.o
#        G:\git_hub_lamp\lamp_slave_git\Debug\Obj\procinit.o
#        G:\git_hub_lamp\lamp_slave_git\Debug\Obj\profile.o
#        G:\git_hub_lamp\lamp_slave_git\Debug\Obj\random.o
#        G:\git_hub_lamp\lamp_slave_git\Debug\Obj\ringbuf.o
#        G:\git_hub_lamp\lamp_slave_git\Debug\Obj\rtimer.o
#        G:\git_hub_lamp\lamp_slave_git\Debug\Obj\settings.o
#        G:\git_hub_lamp\lamp_slave_git\Debug\Obj\startup_stm32f030.o
#        G:\git_hub_lamp\lamp_slave_git\Debug\Obj\stimer.o
#        G:\git_hub_lamp\lamp_slave_git\Debug\Obj\stm32f0xx_adc.o
#        G:\git_hub_lamp\lamp_slave_git\Debug\Obj\stm32f0xx_cec.o
#        G:\git_hub_lamp\lamp_slave_git\Debug\Obj\stm32f0xx_comp.o
#        G:\git_hub_lamp\lamp_slave_git\Debug\Obj\stm32f0xx_crc.o
#        G:\git_hub_lamp\lamp_slave_git\Debug\Obj\stm32f0xx_dac.o
#        G:\git_hub_lamp\lamp_slave_git\Debug\Obj\stm32f0xx_dbgmcu.o
#        G:\git_hub_lamp\lamp_slave_git\Debug\Obj\stm32f0xx_dma.o
#        G:\git_hub_lamp\lamp_slave_git\Debug\Obj\stm32f0xx_exti.o
#        G:\git_hub_lamp\lamp_slave_git\Debug\Obj\stm32f0xx_flash.o
#        G:\git_hub_lamp\lamp_slave_git\Debug\Obj\stm32f0xx_gpio.o
#        G:\git_hub_lamp\lamp_slave_git\Debug\Obj\stm32f0xx_i2c.o
#        G:\git_hub_lamp\lamp_slave_git\Debug\Obj\stm32f0xx_it.o
#        G:\git_hub_lamp\lamp_slave_git\Debug\Obj\stm32f0xx_iwdg.o
#        G:\git_hub_lamp\lamp_slave_git\Debug\Obj\stm32f0xx_misc.o
#        G:\git_hub_lamp\lamp_slave_git\Debug\Obj\stm32f0xx_pwr.o
#        G:\git_hub_lamp\lamp_slave_git\Debug\Obj\stm32f0xx_rcc.o
#        G:\git_hub_lamp\lamp_slave_git\Debug\Obj\stm32f0xx_rtc.o
#        G:\git_hub_lamp\lamp_slave_git\Debug\Obj\stm32f0xx_spi.o
#        G:\git_hub_lamp\lamp_slave_git\Debug\Obj\stm32f0xx_syscfg.o
#        G:\git_hub_lamp\lamp_slave_git\Debug\Obj\stm32f0xx_tim.o
#        G:\git_hub_lamp\lamp_slave_git\Debug\Obj\stm32f0xx_usart.o
#        G:\git_hub_lamp\lamp_slave_git\Debug\Obj\stm32f0xx_wwdg.o
#        G:\git_hub_lamp\lamp_slave_git\Debug\Obj\sx1276-Fsk.o
#        G:\git_hub_lamp\lamp_slave_git\Debug\Obj\sx1276-FskMisc.o
#        G:\git_hub_lamp\lamp_slave_git\Debug\Obj\sx1276-LoRa.o
#        G:\git_hub_lamp\lamp_slave_git\Debug\Obj\sx1276-LoRaMisc.o
#        G:\git_hub_lamp\lamp_slave_git\Debug\Obj\system_stm32f0xx.o
#        G:\git_hub_lamp\lamp_slave_git\Debug\Obj\timer.o
#        G:\git_hub_lamp\lamp_slave_git\Debug\Obj\timetable-aggregate.o
#        G:\git_hub_lamp\lamp_slave_git\Debug\Obj\trickle-timer.o -o
#        G:\git_hub_lamp\lamp_slave_git\Debug\Exe\SlaverNode.out --map
#        G:\git_hub_lamp\lamp_slave_git\Debug\List\SlaverNode.map --config
#        G:\git_hub_lamp\lamp_slave_git\SlaverNode.icf --entry
#        __iar_program_start --vfe
#
###############################################################################

*******************************************************************************
*** RUNTIME MODEL ATTRIBUTES
***

CppFlavor       = *
__SystemLibrary = DLib


*******************************************************************************
*** PLACEMENT SUMMARY
***

"A1":  place at 0x08001000 { ro section .intvec };
"P1":  place in [from 0x08001000 to 0x0800ffff] { ro };
"P2":  place in [from 0x20000000 to 0x20001fff] { rw, block CSTACK, block HEAP };

  Section             Kind        Address    Size  Object
  -------             ----        -------    ----  ------
"A1":                                        0xb4
  .intvec             ro code  0x08001000    0xb4  startup_stm32f030.o [1]
                             - 0x080010b4    0xb4

"P1":                                      0xaf08
  .text               ro code  0x080010b4  0x10e8  gpio_per.o [1]
  .text               ro code  0x0800219c   0x116  common.o [1]
  .text               ro code  0x080022b2    0x10  gpio_per.o [1]
  .text               ro code  0x080022c2    0x2a  zero_init3.o [5]
  .text               ro code  0x080022ec    0x34  ABImemset.o [5]
  .text               ro code  0x08002320    0x10  strlen.o [5]
  .text               ro code  0x08002330     0xc  atoi.o [3]
  .text               ro code  0x0800233c     0xc  atof.o [4]
  .text               ro code  0x08002348    0x62  DblToFlt.o [4]
  .text               ro code  0x080023aa     0xa  xsprout.o [3]
  .text               ro code  0x080023b4   0x394  stm32f0xx_rcc.o [1]
  .text               ro code  0x08002748   0x210  stm32f0xx_tim.o [1]
  .text               ro code  0x08002958   0x940  hal_uart.o [1]
  .text               ro code  0x08003298   0x220  etimer.o [1]
  .text               ro code  0x080034b8    0xe0  I32DivModFast.o [5]
  .text               ro code  0x08003598   0x13e  stm32f0xx_flash.o [1]
  .text               ro code  0x080036d6    0xd8  hal_falsh.o [1]
  .rodata             const    0x080037ae     0x2  gpio_per.o [1]
  .text               ro code  0x080037b0   0x322  process.o [1]
  .rodata             const    0x08003ad2     0x2  hal_uart.o [1]
  .text               ro code  0x08003ad4    0xf4  stm32f0xx_adc.o [1]
  .text               ro code  0x08003bc8   0x168  stm32f0xx_gpio.o [1]
  .text               ro code  0x08003d30    0xc4  stm32f0xx_exti.o [1]
  .text               ro code  0x08003df4    0x9c  stm32f0xx_syscfg.o [1]
  .text               ro code  0x08003e90    0x34  I32ToDbl.o [4]
  .text               ro code  0x08003ec4   0x184  DblMul.o [4]
  .text               ro code  0x08004048    0xc2  DblDiv.o [4]
  .rodata             const    0x0800410a     0x2  hal_uart.o [1]
  .text               ro code  0x0800410c    0x52  DblToI32.o [4]
  .rodata             const    0x0800415e     0x2  hal_uart.o [1]
  .text               ro code  0x08004160   0x1f2  stm32f0xx_usart.o [1]
  .rodata             const    0x08004352     0x2  hal_uart.o [1]
  .text               ro code  0x08004354    0x32  FltToDbl.o [4]
  .text               ro code  0x08004386     0x2  startup_stm32f030.o [1]
  .text               ro code  0x08004388    0x38  sprintf.o [3]
  .text               ro code  0x080043c0   0x6aa  APL.o [1]
  .text               ro code  0x08004a6a     0x2  startup_stm32f030.o [1]
  .text               ro code  0x08004a6c   0x438  stm32f0xx_rtc.o [1]
  .text               ro code  0x08004ea4    0x1e  I32ToFlt.o [4]
  .text               ro code  0x08004ec2    0xb4  FltMul.o [4]
  .text               ro code  0x08004f76    0xbe  sqrt.o [4]
  .text               ro code  0x08005034    0x98  clock.o [1]
  .text               ro code  0x080050cc    0x10  stm32f0xx_iwdg.o [1]
  .text               ro code  0x080050dc    0x10  stm32f0xx_wwdg.o [1]
  .text               ro code  0x080050ec    0x38  strstr.o [3]
  .text               ro code  0x08005124   0x180  xstoul.o [3]
  .text               ro code  0x080052a4   0x14a  xstod.o [4]
  .text               ro code  0x080053ee     0x2  startup_stm32f030.o [1]
  .text               ro code  0x080053f0   0xa04  apl_debug.o [1]
  .text               ro code  0x08005df4   0x1b2  hal_memory.o [1]
  .text               ro code  0x08005fa6     0x2  startup_stm32f030.o [1]
  .text               ro code  0x08005fa8    0x3c  vsnprint.o [3]
  .text               ro code  0x08005fe4   0x144  stm32f0xx_dma.o [1]
  .text               ro code  0x08006128    0x2e  timer.o [1]
  .text               ro code  0x08006156     0x2  startup_stm32f030.o [1]
  .text               ro code  0x08006158     0x2  IntDivZer.o [5]
  .text               ro code  0x0800615a     0x2  startup_stm32f030.o [1]
  .text               ro code  0x0800615c   0xe96  xprintffull_nomb.o [3]
  .text               ro code  0x08006ff2     0x2  startup_stm32f030.o [1]
  .text               ro code  0x08006ff4   0x3b4  hal_GDflash.o [1]
  .text               ro code  0x080073a8     0xc  iarEdom.o [5]
  .text               ro code  0x080073b4    0x18  memchr.o [5]
  .text               ro code  0x080073cc    0x10  errno.o [3]
  .text               ro code  0x080073dc   0x12c  xstopfx.o [3]
  .text               ro code  0x08007508   0x1cc  xstoflt.o [3]
  .text               ro code  0x080076d4   0x1b4  DblAddSub.o [4]
  .rodata             const    0x08007888    0x4c  APL.o [1]
  .text               ro code  0x080078d8   0x208  xdtento.o [4]
  .text               ro code  0x08007ae0   0x220  xstoxflt.o [3]
  .text               ro code  0x08007d00   0x11c  xdscale.o [4]
  .text               ro code  0x08007e1c   0x438  sx1276-LoRaMisc.o [1]
  .text               ro code  0x08008254   0xa80  hal_radio.o [1]
  .text               ro code  0x08008cd4   0x99c  sx1276-LoRa.o [1]
  .text               ro code  0x08009670     0xa  strtol.o [3]
  .text               ro code  0x0800967a     0x2  startup_stm32f030.o [1]
  CODE                ro code  0x0800967c     0xe  os_cpu_a.o [1]
  .text               ro code  0x0800968a    0x14  strchr.o [5]
  .text               ro code  0x0800969e    0x6a  I64DivMod.o [5]
  .text               ro code  0x08009708    0x5c  ABImemcpy.o [5]
  .text               ro code  0x08009764    0x44  xdnorm.o [4]
  .text               ro code  0x080097a8    0x32  DblCmpLe.o [4]
  .text               ro code  0x080097da    0x32  DblCmpGe.o [4]
  .text               ro code  0x0800980c    0x20  div.o [3]
  .text               ro code  0x0800982c     0x2  xtls.o [3]
  .text               ro code  0x0800982e    0x24  DblCmpEq.o [4]
  .text               ro code  0x08009852     0x2  startup_stm32f030.o [1]
  .text               ro code  0x08009854    0x68  xdunscal.o [4]
  .text               ro code  0x080098bc    0xd2  stm32f0xx_spi.o [1]
  .text               ro code  0x0800998e     0x2  startup_stm32f030.o [1]
  .text               ro code  0x08009990   0x890  pow.o [4]
  .text               ro code  0x0800a220    0x58  ceil.o [4]
  .text               ro code  0x0800a278    0x98  xstol.o [3]
  .text               ro code  0x0800a310     0x2  I64DivZer.o [5]
  .text               ro code  0x0800a312     0x2  startup_stm32f030.o [1]
  .text               ro code  0x0800a314    0x8c  xdint.o [4]
  .text               ro code  0x0800a3a0    0xa4  xlog.o [4]
  .text               ro code  0x0800a444   0x2b4  xexp.o [4]
  .text               ro code  0x0800a6f8    0x3c  xdtest.o [4]
  .text               ro code  0x0800a734   0x34c  hal_timer.o [1]
  .text               ro code  0x0800aa80    0x30  stm32f0xx_pwr.o [1]
  .text               ro code  0x0800aab0   0x20c  system_stm32f0xx.o [1]
  .rodata             const    0x0800acbc   0x200  common.o [1]
  .text               ro code  0x0800aebc   0x162  hal_nvic.o [1]
  .text               ro code  0x0800b01e     0x2  startup_stm32f030.o [1]
  .text               ro code  0x0800b020    0x78  stm32f0xx_misc.o [1]
  .rodata             const    0x0800b098    0xf8  apl_debug.o [1]
  .rodata             const    0x0800b190    0xc8  sx1276-LoRa.o [1]
  .text               ro code  0x0800b258    0xc0  contiki-main.o [1]
  .text               ro code  0x0800b318    0x2c  PHY.o [1]
  .text               ro code  0x0800b344    0x52  hal_rcc.o [1]
  .text               ro code  0x0800b396     0x2  startup_stm32f030.o [1]
  .text               ro code  0x0800b398    0x80  hal_led.o [1]
  .rodata             const    0x0800b418    0x80  apl_debug.o [1]
  .rodata             const    0x0800b498    0x50  sx1276-LoRa.o [1]
  .rodata             const    0x0800b4e8    0x34  hal_timer.o [1]
  .rodata             const    0x0800b51c    0x30  APL.o [1]
  .rodata             const    0x0800b54c    0x30  APL.o [1]
  .rodata             const    0x0800b57c    0x30  APL.o [1]
  .rodata             const    0x0800b5ac    0x30  gpio_per.o [1]
  .rodata             const    0x0800b5dc    0x30  hal_timer.o [1]
  .text               ro code  0x0800b60c    0x30  copy_init3.o [5]
  .rodata             const    0x0800b63c    0x2c  apl_debug.o [1]
  .rodata             const    0x0800b668    0x2c  gpio_per.o [1]
  .text               ro code  0x0800b694    0x2a  stm32f0xx_it.o [1]
  .text               ro code  0x0800b6be     0x2  startup_stm32f030.o [1]
  .rodata             const    0x0800b6c0    0x28  APL.o [1]
  .rodata             const    0x0800b6e8    0x28  apl_debug.o [1]
  .text               ro code  0x0800b710    0x28  data_init.o [5]
  .iar.init_table     const    0x0800b738    0x24  - Linker created -
  .rodata             const    0x0800b75c    0x20  gpio_per.o [1]
  .rodata             const    0x0800b77c    0x20  gpio_per.o [1]
  .rodata             const    0x0800b79c    0x20  gpio_per.o [1]
  .rodata             const    0x0800b7bc    0x1c  APL.o [1]
  .rodata             const    0x0800b7d8    0x1c  apl_debug.o [1]
  .rodata             const    0x0800b7f4    0x1c  apl_debug.o [1]
  .rodata             const    0x0800b810    0x1c  apl_debug.o [1]
  .rodata             const    0x0800b82c    0x1c  gpio_per.o [1]
  .rodata             const    0x0800b848    0x1c  gpio_per.o [1]
  .rodata             const    0x0800b864    0x1c  hal_timer.o [1]
  .text               ro code  0x0800b880    0x1c  xsnprout.o [3]
  .text               ro code  0x0800b89c    0x1a  cmain.o [5]
  .text               ro code  0x0800b8b6     0x4  low_level_init.o [3]
  .text               ro code  0x0800b8ba     0x8  exit.o [3]
  .text               ro code  0x0800b8c2     0x2  startup_stm32f030.o [1]
  .text               ro code  0x0800b8c4     0xa  cexit.o [5]
  .text               ro code  0x0800b8ce     0x2  startup_stm32f030.o [1]
  .text               ro code  0x0800b8d0     0xc  XXexit.o [5]
  .rodata             const    0x0800b8dc    0x18  APL.o [1]
  .rodata             const    0x0800b8f4    0x18  apl_debug.o [1]
  .rodata             const    0x0800b90c    0x18  apl_debug.o [1]
  .rodata             const    0x0800b924    0x18  gpio_per.o [1]
  .rodata             const    0x0800b93c    0x18  gpio_per.o [1]
  .rodata             const    0x0800b954    0x18  gpio_per.o [1]
  .rodata             const    0x0800b96c    0x18  gpio_per.o [1]
  .rodata             const    0x0800b984    0x18  hal_radio.o [1]
  .rodata             const    0x0800b99c    0x18  hal_timer.o [1]
  .rodata             const    0x0800b9b4    0x18  hal_timer.o [1]
  .rodata             const    0x0800b9cc    0x18  hal_uart.o [1]
  .rodata             const    0x0800b9e4    0x18  hal_uart.o [1]
  .rodata             const    0x0800b9fc    0x18  hal_uart.o [1]
  .rodata             const    0x0800ba14    0x18  xprintffull_nomb.o [3]
  .rodata             const    0x0800ba2c    0x14  APL.o [1]
  .rodata             const    0x0800ba40    0x14  APL.o [1]
  .rodata             const    0x0800ba54    0x14  APL.o [1]
  .rodata             const    0x0800ba68    0x14  APL.o [1]
  .rodata             const    0x0800ba7c    0x14  APL.o [1]
  .rodata             const    0x0800ba90    0x14  APL.o [1]
  .rodata             const    0x0800baa4    0x14  APL.o [1]
  .rodata             const    0x0800bab8    0x14  hal_timer.o [1]
  .rodata             const    0x0800bacc    0x14  hal_timer.o [1]
  .rodata             const    0x0800bae0    0x14  hal_timer.o [1]
  .rodata             const    0x0800baf4    0x14  hal_uart.o [1]
  .rodata             const    0x0800bb08    0x10  APL.o [1]
  .rodata             const    0x0800bb18    0x10  APL.o [1]
  .rodata             const    0x0800bb28    0x10  APL.o [1]
  .rodata             const    0x0800bb38    0x10  apl_debug.o [1]
  .rodata             const    0x0800bb48    0x10  apl_debug.o [1]
  .rodata             const    0x0800bb58    0x10  apl_debug.o [1]
  .rodata             const    0x0800bb68    0x10  apl_debug.o [1]
  .rodata             const    0x0800bb78    0x10  gpio_per.o [1]
  .rodata             const    0x0800bb88    0x10  hal_radio.o [1]
  .rodata             const    0x0800bb98    0x10  hal_radio.o [1]
  .rodata             const    0x0800bba8    0x10  hal_radio.o [1]
  .rodata             const    0x0800bbb8    0x10  hal_uart.o [1]
  .text               ro code  0x0800bbc8    0x10  startup_stm32f030.o [1]
  .rodata             const    0x0800bbd8     0xc  APL.o [1]
  .rodata             const    0x0800bbe4     0xc  apl_debug.o [1]
  .rodata             const    0x0800bbf0     0xc  apl_debug.o [1]
  .rodata             const    0x0800bbfc     0xc  apl_debug.o [1]
  .rodata             const    0x0800bc08     0xc  apl_debug.o [1]
  .rodata             const    0x0800bc14     0xc  apl_debug.o [1]
  .rodata             const    0x0800bc20     0xc  apl_debug.o [1]
  .rodata             const    0x0800bc2c     0xc  apl_debug.o [1]
  .rodata             const    0x0800bc38     0xc  apl_debug.o [1]
  .rodata             const    0x0800bc44     0xc  apl_debug.o [1]
  .rodata             const    0x0800bc50     0xc  apl_debug.o [1]
  .rodata             const    0x0800bc5c     0xc  apl_debug.o [1]
  .rodata             const    0x0800bc68     0xc  apl_debug.o [1]
  .rodata             const    0x0800bc74     0xc  apl_debug.o [1]
  .rodata             const    0x0800bc80     0xc  contiki-main.o [1]
  .rodata             const    0x0800bc8c     0xc  etimer.o [1]
  .rodata             const    0x0800bc98     0xc  gpio_per.o [1]
  .rodata             const    0x0800bca4     0xc  hal_radio.o [1]
  .rodata             const    0x0800bcb0     0xc  hal_radio.o [1]
  .rodata             const    0x0800bcbc     0xc  hal_radio.o [1]
  .rodata             const    0x0800bcc8     0xc  hal_radio.o [1]
  .rodata             const    0x0800bcd4     0xc  hal_radio.o [1]
  .rodata             const    0x0800bce0     0xc  hal_radio.o [1]
  .rodata             const    0x0800bcec     0xc  hal_radio.o [1]
  .rodata             const    0x0800bcf8     0xc  PHY.o [1]
  .text               ro code  0x0800bd04     0xc  cstartup_M.o [5]
  .rodata             const    0x0800bd10     0x8  apl_debug.o [1]
  .rodata             const    0x0800bd18     0x8  apl_debug.o [1]
  .rodata             const    0x0800bd20     0x8  apl_debug.o [1]
  .rodata             const    0x0800bd28     0x8  apl_debug.o [1]
  .rodata             const    0x0800bd30     0x8  apl_debug.o [1]
  .rodata             const    0x0800bd38     0x8  apl_debug.o [1]
  .rodata             const    0x0800bd40     0x8  apl_debug.o [1]
  .rodata             const    0x0800bd48     0x8  apl_debug.o [1]
  .rodata             const    0x0800bd50     0x8  apl_debug.o [1]
  .rodata             const    0x0800bd58     0x8  apl_debug.o [1]
  .rodata             const    0x0800bd60     0x8  apl_debug.o [1]
  .rodata             const    0x0800bd68     0x8  apl_debug.o [1]
  .rodata             const    0x0800bd70     0x8  apl_debug.o [1]
  .rodata             const    0x0800bd78     0x8  apl_debug.o [1]
  .rodata             const    0x0800bd80     0x8  apl_debug.o [1]
  .rodata             const    0x0800bd88     0x8  apl_debug.o [1]
  .rodata             const    0x0800bd90     0x8  apl_debug.o [1]
  .rodata             const    0x0800bd98     0x8  apl_debug.o [1]
  .rodata             const    0x0800bda0     0x8  hal_led.o [1]
  .rodata             const    0x0800bda8     0x8  hal_uart.o [1]
  .rodata             const    0x0800bdb0     0x8  hal_uart.o [1]
  .rodata             const    0x0800bdb8     0x8  hal_uart.o [1]
  .rodata             const    0x0800bdc0     0x8  hal_uart.o [1]
  .rodata             const    0x0800bdc8     0x4  apl_debug.o [1]
  .rodata             const    0x0800bdcc     0x4  apl_debug.o [1]
  .rodata             const    0x0800bdd0     0x4  apl_debug.o [1]
  .rodata             const    0x0800bdd4     0x4  apl_debug.o [1]
  .rodata             const    0x0800bdd8     0x4  gpio_per.o [1]
  .rodata             const    0x0800bddc     0x4  hal_led.o [1]
  .rodata             const    0x0800bde0     0x4  hal_uart.o [1]
  .rodata             const    0x0800bde4     0x4  hal_uart.o [1]
  .text               ro code  0x0800bde8     0x2  startup_stm32f030.o [1]
  .rodata             const    0x0800bdea     0x0  zero_init3.o [5]
  .rodata             const    0x0800bdea     0x0  copy_init3.o [5]
  Initializer bytes   ro data  0x0800bdec   0x1d0  <for P2 s0>
                             - 0x0800bfbc  0xaf08

Absolute sections:                           0xc0
  .noinit             uninit   0x20000000    0xc0  contiki-main.o [1]
                             - 0x200000c0    0xc0

"P2", part 1 of 3:                          0x1d0
  P2 s0                        0x200000c0   0x1d0  <Init block>
    .data             inited   0x200000c0    0x38  gpio_per.o [1]
    .data             inited   0x200000f8    0x2c  APL.o [1]
    .data             inited   0x20000124    0x20  sx1276-LoRa.o [1]
    .data             inited   0x20000144    0x10  APL.o [1]
    .data             inited   0x20000154    0x10  APL.o [1]
    .data             inited   0x20000164    0x10  APL.o [1]
    .data             inited   0x20000174    0x10  APL.o [1]
    .data             inited   0x20000184    0x10  etimer.o [1]
    .data             inited   0x20000194    0x10  gpio_per.o [1]
    .data             inited   0x200001a4    0x10  gpio_per.o [1]
    .data             inited   0x200001b4    0x10  hal_radio.o [1]
    .data             inited   0x200001c4    0x10  hal_radio.o [1]
    .data             inited   0x200001d4    0x10  hal_uart.o [1]
    .data             inited   0x200001e4    0x10  stm32f0xx_rcc.o [1]
    .data             inited   0x200001f4    0x10  system_stm32f0xx.o [1]
    .data             inited   0x20000204     0x8  APL.o [1]
    .data             inited   0x2000020c     0x8  APL.o [1]
    .data             inited   0x20000214     0x8  APL.o [1]
    .data             inited   0x2000021c     0x8  APL.o [1]
    .data             inited   0x20000224     0x8  APL.o [1]
    .data             inited   0x2000022c     0x8  hal_led.o [1]
    .data             inited   0x20000234     0x8  hal_radio.o [1]
    .data             inited   0x2000023c     0x8  hal_radio.o [1]
    .data             inited   0x20000244     0x8  hal_uart.o [1]
    .data             inited   0x2000024c     0x8  hal_uart.o [1]
    .data             inited   0x20000254     0x8  hal_uart.o [1]
    .data             inited   0x2000025c     0x4  APL.o [1]
    .data             inited   0x20000260     0x4  APL.o [1]
    .data             inited   0x20000264     0x4  APL.o [1]
    .data             inited   0x20000268     0x4  clock.o [1]
    .data             inited   0x2000026c     0x4  hal_radio.o [1]
    .data             inited   0x20000270     0x4  hal_radio.o [1]
    .data             inited   0x20000274     0x4  hal_radio.o [1]
    .data             inited   0x20000278     0x4  hal_radio.o [1]
    .data             inited   0x2000027c     0x4  hal_radio.o [1]
    .data             inited   0x20000280     0x4  system_stm32f0xx.o [1]
    __DLIB_PERTHREAD  inited   0x20000284     0x4  errno.o [3]
    .data             inited   0x20000288     0x1  gpio_per.o [1]
    .data             inited   0x20000289     0x1  hal_uart.o [1]
    .data             inited   0x2000028a     0x1  hal_uart.o [1]
    .data             inited   0x2000028b     0x1  hal_uart.o [1]
    .data             inited   0x2000028c     0x1  hal_uart.o [1]
    .data             inited   0x2000028d     0x1  sx1276-LoRa.o [1]
                             - 0x20000290   0x1d0

"P2", part 2 of 3:                         0x10d0
  .bss                zero     0x20000290   0x4b8  hal_uart.o [1]
  .bss                zero     0x20000748   0x400  gpio_per.o [1]
  .bss                zero     0x20000b48   0x180  process.o [1]
  .bss                zero     0x20000cc8   0x108  sx1276-LoRa.o [1]
  .bss                zero     0x20000dd0   0x100  hal_uart.o [1]
  .bss                zero     0x20000ed0   0x100  hal_uart.o [1]
  .bss                zero     0x20000fd0    0x98  contiki-main.o [1]
  .bss                zero     0x20001068    0x90  APL.o [1]
  .bss                zero     0x200010f8    0x8c  APL.o [1]
  .bss                zero     0x20001184    0x70  sx1276-LoRa.o [1]
  .bss                zero     0x200011f4    0x64  hal_memory.o [1]
  .bss                zero     0x20001258    0x20  hal_uart.o [1]
  .bss                zero     0x20001278    0x10  APL.o [1]
  .bss                zero     0x20001288    0x10  gpio_per.o [1]
  .bss                zero     0x20001298    0x10  gpio_per.o [1]
  .bss                zero     0x200012a8    0x10  hal_radio.o [1]
  .bss                zero     0x200012b8    0x10  hal_radio.o [1]
  .bss                zero     0x200012c8    0x10  hal_uart.o [1]
  .bss                zero     0x200012d8    0x10  hal_uart.o [1]
  .bss                zero     0x200012e8    0x10  hal_uart.o [1]
  .bss                zero     0x200012f8     0x8  sx1276-LoRa.o [1]
  .bss                zero     0x20001300     0x8  sx1276-LoRa.o [1]
  .bss                zero     0x20001308     0x4  APL.o [1]
  .bss                zero     0x2000130c     0x4  clock.o [1]
  .bss                zero     0x20001310     0x4  clock.o [1]
  .bss                zero     0x20001314     0x4  clock.o [1]
  .bss                zero     0x20001318     0x4  etimer.o [1]
  .bss                zero     0x2000131c     0x4  etimer.o [1]
  .bss                zero     0x20001320     0x4  gpio_per.o [1]
  .bss                zero     0x20001324     0x4  hal_memory.o [1]
  .bss                zero     0x20001328     0x4  hal_timer.o [1]
  .bss                zero     0x2000132c     0x4  hal_uart.o [1]
  .bss                zero     0x20001330     0x4  hal_uart.o [1]
  .bss                zero     0x20001334     0x4  hal_uart.o [1]
  .bss                zero     0x20001338     0x4  process.o [1]
  .bss                zero     0x2000133c     0x4  process.o [1]
  .bss                zero     0x20001340     0x4  process.o [1]
  .bss                zero     0x20001344     0x4  process.o [1]
  .bss                zero     0x20001348     0x4  process.o [1]
  .bss                zero     0x2000134c     0x4  sx1276-LoRa.o [1]
  .bss                zero     0x20001350     0x4  sx1276-LoRa.o [1]
  .bss                zero     0x20001354     0x2  gpio_per.o [1]
  .bss                zero     0x20001356     0x1  APL.o [1]
  .bss                zero     0x20001357     0x1  process.o [1]
  .bss                zero     0x20001358     0x1  process.o [1]
  .bss                zero     0x20001359     0x1  process.o [1]
  .bss                zero     0x2000135a     0x1  process.o [1]
  .bss                zero     0x2000135b     0x1  process.o [1]
  .bss                zero     0x2000135c     0x1  process.o [1]
  .bss                zero     0x2000135d     0x1  sx1276-LoRa.o [1]
  .bss                zero     0x2000135e     0x1  sx1276-LoRa.o [1]
                             - 0x2000135f  0x10cf

"P2", part 3 of 3:                          0x800
  CSTACK                       0x20001360   0x800  <Block>
    CSTACK            uninit   0x20001360   0x800  <Block tail>
                             - 0x20001b60   0x800


*******************************************************************************
*** INIT TABLE
***

          Address     Size
          -------     ----
Zero (__iar_zero_init3)
    1 destination range, total size 0x10cf:
          0x20000290  0x10cf

Copy (__iar_copy_init3)
    1 source range, total size 0x1d0 (100% of destination):
          0x0800bdec   0x1d0
    1 destination range, total size 0x1ce:
          0x200000c0   0x1ce



*******************************************************************************
*** MODULE SUMMARY
***

    Module               ro code  ro data  rw data  rw data
                                                     (abs)
    ------               -------  -------  -------  -------
G:\git_hub_lamp\lamp_slave_git\Debug\Obj: [1]
    APL.o                  1 706      672      465
    PHY.o                     44       12
    apl_debug.o            2 564      972
    clock.o                  152        4       16
    common.o                 278      512
    contiki-main.o           192       12      152      192
    etimer.o                 544       28       24
    gpio_per.o             4 344      463    1 151
    hal_GDflash.o            948
    hal_falsh.o              216
    hal_led.o                128       20        8
    hal_memory.o             434               104
    hal_nvic.o               354
    hal_radio.o            2 688      224      100
    hal_rcc.o                 82
    hal_timer.o              844      236        4
    hal_uart.o             2 368      200    1 856
    os_cpu_a.o                14
    process.o                802               410
    startup_stm32f030.o      230
    stm32f0xx_adc.o          244
    stm32f0xx_dma.o          324
    stm32f0xx_exti.o         196
    stm32f0xx_flash.o        318
    stm32f0xx_gpio.o         360
    stm32f0xx_it.o            42
    stm32f0xx_iwdg.o          16
    stm32f0xx_misc.o         120
    stm32f0xx_pwr.o           48
    stm32f0xx_rcc.o          916       16       16
    stm32f0xx_rtc.o        1 080
    stm32f0xx_spi.o          210
    stm32f0xx_syscfg.o       156
    stm32f0xx_tim.o          528
    stm32f0xx_usart.o        498
    stm32f0xx_wwdg.o          16
    sx1276-LoRa.o          2 460      313      435
    sx1276-LoRaMisc.o      1 080
    system_stm32f0xx.o       524       20       20
    timer.o                   46
    -------------------------------------------------------
    Total:                28 114    3 704    4 761      192

command line: [2]
    -------------------------------------------------------
    Total:

dl6M_tln.a: [3]
    atoi.o                    12
    div.o                     32
    errno.o                   16        4        4
    exit.o                     8
    low_level_init.o           4
    sprintf.o                 56
    strstr.o                  56
    strtol.o                  10
    vsnprint.o                60
    xprintffull_nomb.o     3 734       24
    xsnprout.o                28
    xsprout.o                 10
    xstoflt.o                460
    xstol.o                  152
    xstopfx.o                300
    xstoul.o                 384
    xstoxflt.o               544
    xtls.o                     2
    -------------------------------------------------------
    Total:                 5 868       28        4

m6M_tl.a: [4]
    DblAddSub.o              436
    DblCmpEq.o                36
    DblCmpGe.o                50
    DblCmpLe.o                50
    DblDiv.o                 194
    DblMul.o                 388
    DblToFlt.o                98
    DblToI32.o                82
    FltMul.o                 180
    FltToDbl.o                50
    I32ToDbl.o                52
    I32ToFlt.o                30
    atof.o                    12
    ceil.o                    88
    pow.o                  2 192
    sqrt.o                   190
    xdint.o                  140
    xdnorm.o                  68
    xdscale.o                284
    xdtento.o                520
    xdtest.o                  60
    xdunscal.o               104
    xexp.o                   692
    xlog.o                   164
    xstod.o                  330
    -------------------------------------------------------
    Total:                 6 490

rt6M_tl.a: [5]
    ABImemcpy.o               92
    ABImemset.o               52
    I32DivModFast.o          224
    I64DivMod.o              106
    I64DivZer.o                2
    IntDivZer.o                2
    XXexit.o                  12
    cexit.o                   10
    cmain.o                   26
    copy_init3.o              48
    cstartup_M.o              12
    data_init.o               40
    iarEdom.o                 12
    memchr.o                  24
    strchr.o                  20
    strlen.o                  16
    zero_init3.o              42
    -------------------------------------------------------
    Total:                   740

    Gaps                       4
    Linker created                     40    2 048
-----------------------------------------------------------
    Grand Total:          41 216    3 772    6 813      192


*******************************************************************************
*** ENTRY LIST
***

Entry                      Address   Size  Type      Object
-----                      -------   ----  ----      ------
?main                   0x0800b89d         Code  Gb  cmain.o [5]
ADC_ChannelConfig       0x08003b21   0x16  Code  Gb  stm32f0xx_adc.o [1]
ADC_ClearFlag           0x08003bc5    0x4  Code  Gb  stm32f0xx_adc.o [1]
ADC_Cmd                 0x08003b05   0x1c  Code  Gb  stm32f0xx_adc.o [1]
ADC_GetCalibrationFactor
                        0x08003b37   0x3e  Code  Gb  stm32f0xx_adc.o [1]
ADC_GetConversionValue  0x08003b89    0x6  Code  Gb  stm32f0xx_adc.o [1]
ADC_GetFlagStatus       0x08003b8f   0x2c  Code  Gb  stm32f0xx_adc.o [1]
ADC_Init                0x08003ad5   0x30  Code  Gb  stm32f0xx_adc.o [1]
ADC_StartOfConversion   0x08003b7f    0xa  Code  Gb  stm32f0xx_adc.o [1]
ADC_StopOfConversion    0x08003b75    0xa  Code  Gb  stm32f0xx_adc.o [1]
AHBPrescTable           0x200001f4   0x10  Data  Gb  system_stm32f0xx.o [1]
APBAHBPrescTable        0x200001e4   0x10  Data  Lc  stm32f0xx_rcc.o [1]
COM_BAUD                0x0800bda8    0x8  Data  Gb  hal_uart.o [1]
COM_RX_AF               0x08004352    0x2  Data  Gb  hal_uart.o [1]
COM_RX_PIN              0x0800bde4    0x4  Data  Gb  hal_uart.o [1]
COM_RX_PIN_SOURCE       0x0800410a    0x2  Data  Gb  hal_uart.o [1]
COM_RX_PORT             0x20000254    0x8  Data  Gb  hal_uart.o [1]
COM_RX_PORT_CLK         0x0800bdc0    0x8  Data  Gb  hal_uart.o [1]
COM_TX_AF               0x0800415e    0x2  Data  Gb  hal_uart.o [1]
COM_TX_PIN              0x0800bde0    0x4  Data  Gb  hal_uart.o [1]
COM_TX_PIN_SOURCE       0x08003ad2    0x2  Data  Gb  hal_uart.o [1]
COM_TX_PORT             0x2000024c    0x8  Data  Gb  hal_uart.o [1]
COM_TX_PORT_CLK         0x0800bdb8    0x8  Data  Gb  hal_uart.o [1]
COM_USART               0x20000244    0x8  Data  Gb  hal_uart.o [1]
COM_USART_CLK           0x0800bdb0    0x8  Data  Gb  hal_uart.o [1]
CRC16_CCITT_Table       0x0800acbc  0x200  Data  Gb  common.o [1]
CSTACK$$Base            0x20001360          --   Gb  - Linker created -
CSTACK$$Limit           0x20001b60          --   Gb  - Linker created -
CmdList                 0x0800b098   0xf8  Data  Lc  apl_debug.o [1]
DMA1_Channel4_5_IRQHandler
                        0x08003141   0xc0  Code  Gb  hal_uart.o [1]
DMA_ClearITPendingBit   0x080060fd    0x6  Code  Gb  stm32f0xx_dma.o [1]
DMA_Cmd                 0x080060ab   0x1c  Code  Gb  stm32f0xx_dma.o [1]
DMA_DeInit              0x08005fe5   0x84  Code  Gb  stm32f0xx_dma.o [1]
DMA_GetITStatus         0x080060df   0x1e  Code  Gb  stm32f0xx_dma.o [1]
DMA_ITConfig            0x080060c7   0x18  Code  Gb  stm32f0xx_dma.o [1]
DMA_Init                0x08006069   0x42  Code  Gb  stm32f0xx_dma.o [1]
Delayms                 0x080021e5   0x26  Code  Gb  common.o [1]
EXTI0_1_IRQHandler      0x08009461   0xfe  Code  Gb  sx1276-LoRa.o [1]
EXTI4_15_IRQHandler     0x08009565   0xd4  Code  Gb  sx1276-LoRa.o [1]
EXTI_ClearITPendingBit  0x08003dd9    0x6  Code  Gb  stm32f0xx_exti.o [1]
EXTI_GetITStatus        0x08003dbb   0x1e  Code  Gb  stm32f0xx_exti.o [1]
EXTI_Init               0x08003d31   0x8a  Code  Gb  stm32f0xx_exti.o [1]
FLASH_ClearFlag         0x08003665    0x6  Code  Gb  stm32f0xx_flash.o [1]
FLASH_ErasePage         0x080035bf   0x4e  Code  Gb  stm32f0xx_flash.o [1]
FLASH_GetStatus         0x0800366b   0x36  Code  Gb  stm32f0xx_flash.o [1]
FLASH_Init              0x080036d7    0xe  Code  Gb  hal_falsh.o [1]
FLASH_Lock              0x080035b1    0xe  Code  Gb  stm32f0xx_flash.o [1]
FLASH_ProgramHalfWord   0x0800360d   0x42  Code  Gb  stm32f0xx_flash.o [1]
FLASH_Unlock            0x08003599   0x18  Code  Gb  stm32f0xx_flash.o [1]
FLASH_WaitForLastOperation
                        0x080036a9   0x2e  Code  Gb  stm32f0xx_flash.o [1]
FLASH_Write_chars       0x080036e5   0xca  Code  Gb  hal_falsh.o [1]
FLASH_Write_update_page
                        0x0800490f   0x20  Code  Gb  APL.o [1]
GDflash_64KByte_erase   0x0800739d    0xc  Code  Gb  hal_GDflash.o [1]
GDflash_ReadByte        0x080070ab   0x42  Code  Gb  hal_GDflash.o [1]
GDflash_WriteByte       0x0800706f   0x3c  Code  Gb  hal_GDflash.o [1]
GDflash_erase           0x08007251   0x82  Code  Gb  hal_GDflash.o [1]
GDflash_init            0x080070f1    0xe  Code  Gb  hal_GDflash.o [1]
GDflash_page_program    0x080071d1   0x80  Code  Gb  hal_GDflash.o [1]
GDflash_read            0x080072d3   0x16  Code  Gb  hal_GDflash.o [1]
GDflash_read_datas      0x0800715f   0x72  Code  Gb  hal_GDflash.o [1]
GDflash_read_status_reg
                        0x08007131   0x2e  Code  Gb  hal_GDflash.o [1]
GDflash_write           0x080072e9   0xb4  Code  Gb  hal_GDflash.o [1]
GDflash_write_enable    0x080070ff   0x32  Code  Gb  hal_GDflash.o [1]
GPIO_Init               0x08003bc9   0xbe  Code  Gb  stm32f0xx_gpio.o [1]
GPIO_PinAFConfig        0x08003cc1   0x70  Code  Gb  stm32f0xx_gpio.o [1]
GPIO_ReadInputDataBit   0x08003c87   0x1e  Code  Gb  stm32f0xx_gpio.o [1]
GPIO_ResetBits          0x08003cab    0x4  Code  Gb  stm32f0xx_gpio.o [1]
GPIO_SetBits            0x08003ca5    0x6  Code  Gb  stm32f0xx_gpio.o [1]
GPIO_WriteBit           0x08003caf   0x12  Code  Gb  stm32f0xx_gpio.o [1]
GPIO_int_Config         0x08008b85   0x3a  Code  Gb  hal_radio.o [1]
GPQA                    0x2000020c    0x8  Data  Gb  APL.o [1]
GetCRC16                0x080021a3   0x36  Code  Gb  common.o [1]
GetStringParameter      0x080056e9   0x8e  Code  Gb  apl_debug.o [1]
GetTime                 0x0800aa79    0x8  Code  Gb  hal_timer.o [1]
Getu16Parameter         0x08005605   0xcc  Code  Gb  apl_debug.o [1]
Getu8Parameter          0x08005505  0x100  Code  Gb  apl_debug.o [1]
HardFault_Handler       0x0800b6b7    0x4  Code  Gb  stm32f0xx_it.o [1]
HexCharToInt8u          0x08005781   0x44  Code  Lc  apl_debug.o [1]
HoppingFrequencies      0x0800b190   0xc8  Data  Gb  sx1276-LoRa.o [1]
IWDG_ReloadCounter      0x080050cd    0x8  Code  Gb  stm32f0xx_iwdg.o [1]
InitHardware            0x0800b319   0x1c  Code  Gb  PHY.o [1]
InitPhyVariable         0x0800b335   0x10  Code  Gb  PHY.o [1]
InitVariable            0x0800b259    0x8  Code  Gb  contiki-main.o [1]
Ki                      0x20000260    0x4  Data  Gb  APL.o [1]
Kp                      0x20000264    0x4  Data  Gb  APL.o [1]
Ku                      0x2000025c    0x4  Data  Gb  APL.o [1]
LED_CLK                 0x0800bda0    0x8  Data  Gb  hal_led.o [1]
LED_PIN                 0x0800bddc    0x4  Data  Gb  hal_led.o [1]
LED_PORT                0x2000022c    0x8  Data  Gb  hal_led.o [1]
LoRaSettings            0x20000124   0x20  Data  Gb  sx1276-LoRa.o [1]
MemCpy                  0x0800220b   0x1e  Code  Gb  common.o [1]
MemSet                  0x08002229   0x16  Code  Gb  common.o [1]
NMI_Handler             0x0800b695   0x22  Code  Gb  stm32f0xx_it.o [1]
NVIC_Init               0x0800b021   0x6a  Code  Gb  stm32f0xx_misc.o [1]
NVIC_SetPriority        0x0800aebd   0x8a  Code  Lc  hal_nvic.o [1]
NVIC_SetPriority        0x0800a735   0x8a  Code  Lc  hal_timer.o [1]
NVIC_SystemReset        0x080043c1   0x12  Code  Lc  APL.o [1]
OSMemCreate             0x08005e47   0x84  Code  Gb  hal_memory.o [1]
OSMemFreeList           0x20001324    0x4  Data  Gb  hal_memory.o [1]
OSMemGet                0x08005ed5   0x3e  Code  Gb  hal_memory.o [1]
OSMemPut                0x08005f13   0x36  Code  Gb  hal_memory.o [1]
OSMemQuery              0x08005f49   0x34  Code  Gb  hal_memory.o [1]
OSMemTbl                0x200011f4   0x64  Data  Gb  hal_memory.o [1]
OS_CPU_SR_Restore       0x08009685         Code  Gb  os_cpu_a.o [1]
OS_CPU_SR_Save          0x0800967d         Code  Gb  os_cpu_a.o [1]
OS_MemClr               0x08005f93   0x14  Code  Gb  hal_memory.o [1]
OS_MemCopy              0x08005f7d   0x16  Code  Gb  hal_memory.o [1]
OS_MemInit              0x08005dfd   0x4a  Code  Lc  hal_memory.o [1]
PFCont                  0x20000224    0x8  Data  Gb  APL.o [1]
PWR_BackupAccessCmd     0x0800aa81   0x26  Code  Gb  stm32f0xx_pwr.o [1]
PendSV_Handler          0x0800b6bd    0x2  Code  Gb  stm32f0xx_it.o [1]
RCC_ADCCLKConfig        0x08002429   0x34  Code  Gb  stm32f0xx_rcc.o [1]
RCC_AHBPeriphClockCmd   0x080025e9   0x20  Code  Gb  stm32f0xx_rcc.o [1]
RCC_APB1PeriphClockCmd  0x0800262b   0x20  Code  Gb  stm32f0xx_rcc.o [1]
RCC_APB2PeriphClockCmd  0x08002609   0x20  Code  Gb  stm32f0xx_rcc.o [1]
RCC_ClearITPendingBit   0x08002709    0x6  Code  Gb  stm32f0xx_rcc.o [1]
RCC_ClockSecuritySystemCmd
                        0x080023e7   0x26  Code  Gb  stm32f0xx_rcc.o [1]
RCC_GetClocksFreq       0x08002465  0x146  Code  Gb  stm32f0xx_rcc.o [1]
RCC_GetFlagStatus       0x08002681   0x5c  Code  Gb  stm32f0xx_rcc.o [1]
RCC_GetITStatus         0x080026e9   0x20  Code  Gb  stm32f0xx_rcc.o [1]
RCC_HSEConfig           0x080023b5    0xc  Code  Gb  stm32f0xx_rcc.o [1]
RCC_IRQHandler          0x0800b353   0x44  Code  Gb  hal_rcc.o [1]
RCC_ITConfig            0x0800265d   0x20  Code  Gb  stm32f0xx_rcc.o [1]
RCC_PLLCmd              0x080023c1   0x26  Code  Gb  stm32f0xx_rcc.o [1]
RCC_RTCCLKCmd           0x080025bd   0x26  Code  Gb  stm32f0xx_rcc.o [1]
RCC_RTCCLKConfig        0x080025ab    0xc  Code  Gb  stm32f0xx_rcc.o [1]
RCC_SYSCLKConfig        0x0800240d   0x14  Code  Gb  stm32f0xx_rcc.o [1]
RTC_Bcd2ToByte          0x08004e8d   0x18  Code  Lc  stm32f0xx_rtc.o [1]
RTC_ByteToBcd2          0x08004e75   0x18  Code  Lc  stm32f0xx_rtc.o [1]
RTC_DateStructInit      0x08004db5   0x12  Code  Gb  stm32f0xx_rtc.o [1]
RTC_EnterInitMode       0x08004acd   0x54  Code  Gb  stm32f0xx_rtc.o [1]
RTC_ExitInitMode        0x08004b21    0xe  Code  Gb  stm32f0xx_rtc.o [1]
RTC_GetDate             0x08004dc7   0x56  Code  Gb  stm32f0xx_rtc.o [1]
RTC_GetTime             0x08004c8f   0x56  Code  Gb  stm32f0xx_rtc.o [1]
RTC_Init                0x08004a6d   0x60  Code  Gb  stm32f0xx_rtc.o [1]
RTC_ReadBackupRegister  0x08004e51   0x1e  Code  Gb  stm32f0xx_rtc.o [1]
RTC_SetDate             0x08004ce9   0xcc  Code  Gb  stm32f0xx_rtc.o [1]
RTC_SetTime             0x08004ba5   0xca  Code  Gb  stm32f0xx_rtc.o [1]
RTC_TimeStructInit      0x08004c7d   0x12  Code  Gb  stm32f0xx_rtc.o [1]
RTC_WaitForSynchro      0x08004b2f   0x6a  Code  Gb  stm32f0xx_rtc.o [1]
RTC_WriteBackupRegister
                        0x08004e35   0x1c  Code  Gb  stm32f0xx_rtc.o [1]
ReadVersion             0x0800492f  0x104  Code  Gb  APL.o [1]
Region$$Table$$Base     0x0800b738          --   Gb  - Linker created -
Region$$Table$$Limit    0x0800b75c          --   Gb  - Linker created -
Relay_close             0x08005acb    0xc  Code  Gb  apl_debug.o [1]
Relay_open              0x08005ad7    0xc  Code  Gb  apl_debug.o [1]
RxEndProcess            0x08009159   0x20  Code  Gb  sx1276-LoRa.o [1]
RxGain                  0x2000028d    0x1  Data  Lc  sx1276-LoRa.o [1]
RxPacketRssiValue       0x200012f8    0x8  Data  Lc  sx1276-LoRa.o [1]
RxPacketSnrEstimate     0x2000135d    0x1  Data  Lc  sx1276-LoRa.o [1]
SPI_Cmd                 0x0800991d   0x1c  Code  Gb  stm32f0xx_spi.o [1]
SPI_I2S_GetFlagStatus   0x08009975   0x1a  Code  Gb  stm32f0xx_spi.o [1]
SPI_Init                0x080098bd   0x60  Code  Gb  stm32f0xx_spi.o [1]
SPI_ReceiveData8        0x08009953    0xc  Code  Gb  stm32f0xx_spi.o [1]
SPI_RxFIFOThresholdConfig
                        0x08009939   0x10  Code  Gb  stm32f0xx_spi.o [1]
SPI_SendData8           0x08009949    0xa  Code  Gb  stm32f0xx_spi.o [1]
SVC_Handler             0x0800b6bb    0x2  Code  Gb  stm32f0xx_it.o [1]
SX1276LR                0x2000134c    0x4  Data  Gb  sx1276-LoRa.o [1]
SX1276LoRaGetPacketRssi
                        0x08008eb7    0x6  Code  Gb  sx1276-LoRa.o [1]
SX1276LoRaGetPacketSnr  0x08008eaf    0x8  Code  Gb  sx1276-LoRa.o [1]
SX1276LoRaGetPayloadSymbNb
                        0x08008db3   0xa6  Code  Gb  sx1276-LoRa.o [1]
SX1276LoRaGetRFState    0x08008fe5    0x6  Code  Gb  sx1276-LoRa.o [1]
SX1276LoRaGetSymbolTs   0x08008d65   0x4e  Code  Gb  sx1276-LoRa.o [1]
SX1276LoRaGetWokeUpPreambleLenth
                        0x08008e6b    0x6  Code  Gb  sx1276-LoRa.o [1]
SX1276LoRaInit          0x08008ff3   0xbe  Code  Gb  sx1276-LoRa.o [1]
SX1276LoRaInitHopPeriod
                        0x08008e59   0x12  Code  Gb  sx1276-LoRa.o [1]
SX1276LoRaReadRxGain    0x08008e95   0x1a  Code  Gb  sx1276-LoRa.o [1]
SX1276LoRaSetErrorCoding
                        0x08008011   0x36  Code  Gb  sx1276-LoRaMisc.o [1]
SX1276LoRaSetImplicitHeaderOn
                        0x080080bd   0x34  Code  Gb  sx1276-LoRaMisc.o [1]
SX1276LoRaSetLowDatarateOptimize
                        0x080081e3   0x38  Code  Gb  sx1276-LoRaMisc.o [1]
SX1276LoRaSetNbTrigPeaks
                        0x0800821b   0x36  Code  Gb  sx1276-LoRaMisc.o [1]
SX1276LoRaSetOpMode     0x08008e71   0x24  Code  Gb  sx1276-LoRa.o [1]
SX1276LoRaSetPAOutput   0x08008163   0x30  Code  Gb  sx1276-LoRaMisc.o [1]
SX1276LoRaSetPa20dBm    0x08008111   0x52  Code  Gb  sx1276-LoRaMisc.o [1]
SX1276LoRaSetPacketCrcOn
                        0x0800804d   0x36  Code  Gb  sx1276-LoRaMisc.o [1]
SX1276LoRaSetPayloadLength
                        0x080080f1   0x20  Code  Gb  sx1276-LoRaMisc.o [1]
SX1276LoRaSetPreambleLength
                        0x08008083   0x3a  Code  Gb  sx1276-LoRaMisc.o [1]
SX1276LoRaSetRFFrequency
                        0x08007e1d   0x48  Code  Gb  sx1276-LoRaMisc.o [1]
SX1276LoRaSetRFPower    0x08007e65  0x10e  Code  Gb  sx1276-LoRaMisc.o [1]
SX1276LoRaSetRFState    0x08008feb    0x6  Code  Gb  sx1276-LoRa.o [1]
SX1276LoRaSetSignalBandwidth
                        0x08007f73   0x36  Code  Gb  sx1276-LoRaMisc.o [1]
SX1276LoRaSetSpreadingFactor
                        0x08007fa9   0x60  Code  Gb  sx1276-LoRaMisc.o [1]
SX1276LoRaSetSymbTimeout
                        0x0800819d   0x46  Code  Gb  sx1276-LoRaMisc.o [1]
SX1276LoRa_Receive_Packet
                        0x0800930d  0x144  Code  Gb  sx1276-LoRa.o [1]
SX1276LoRa_Send_Packet  0x08009199  0x14a  Code  Gb  sx1276-LoRa.o [1]
SX1276Read              0x080089fb   0x14  Code  Gb  hal_radio.o [1]
SX1276ReadBuffer        0x080089ab   0x3e  Code  Gb  hal_radio.o [1]
SX1276ReadFifo          0x08008a23   0x14  Code  Gb  hal_radio.o [1]
SX1276Regs              0x20001184   0x70  Data  Gb  sx1276-LoRa.o [1]
SX1276Reset             0x08008cdb   0x34  Code  Gb  sx1276-LoRa.o [1]
SX1276SetReset          0x08008a37   0x26  Code  Gb  hal_radio.o [1]
SX1276Write             0x080089e9   0x12  Code  Gb  hal_radio.o [1]
SX1276WriteBuffer       0x0800896d   0x3e  Code  Gb  hal_radio.o [1]
SX1276WriteFifo         0x08008a0f   0x14  Code  Gb  hal_radio.o [1]
SX1276_lora_init        0x08008d0f   0x56  Code  Gb  sx1276-LoRa.o [1]
SYSCFG_DMAChannelRemapConfig
                        0x08003e09   0x20  Code  Gb  stm32f0xx_syscfg.o [1]
SYSCFG_EXTILineConfig   0x08003e29   0x60  Code  Gb  stm32f0xx_syscfg.o [1]
SYSCFG_MemoryRemapConfig
                        0x08003df5   0x14  Code  Gb  stm32f0xx_syscfg.o [1]
SendUart                0x08003211   0x58  Code  Gb  hal_uart.o [1]
SetSysClock             0x0800abbb   0xbe  Code  Lc  system_stm32f0xx.o [1]
SetTime                 0x0800a9f5   0x84  Code  Gb  hal_timer.o [1]
SoftReset               0x08004a61    0xa  Code  Gb  APL.o [1]
SysTick_Config          0x0800a7bf   0x32  Code  Lc  hal_timer.o [1]
SysTick_Handler         0x08005035   0x62  Code  Gb  clock.o [1]
SystemCoreClock         0x20000280    0x4  Data  Gb  system_stm32f0xx.o [1]
SystemCoreClockUpdate   0x0800ab1f   0x9c  Code  Gb  system_stm32f0xx.o [1]
SystemInit              0x0800aab1   0x6e  Code  Gb  system_stm32f0xx.o [1]
TIM14_IRQHandler        0x080013cd   0x3c  Code  Gb  gpio_per.o [1]
TIM_ARRPreloadConfig    0x080027b3   0x1c  Code  Gb  stm32f0xx_tim.o [1]
TIM_ClearFlag           0x08002921    0x8  Code  Gb  stm32f0xx_tim.o [1]
TIM_Cmd                 0x080027cf   0x1c  Code  Gb  stm32f0xx_tim.o [1]
TIM_CtrlPWMOutputs      0x080027fd   0x26  Code  Gb  stm32f0xx_tim.o [1]
TIM_GetITStatus         0x08002929   0x30  Code  Gb  stm32f0xx_tim.o [1]
TIM_ITConfig            0x08002909   0x18  Code  Gb  stm32f0xx_tim.o [1]
TIM_OC1Init             0x08002823   0x94  Code  Gb  stm32f0xx_tim.o [1]
TIM_OC1PreloadConfig    0x080028ed   0x12  Code  Gb  stm32f0xx_tim.o [1]
TIM_SetCounter          0x080027af    0x4  Code  Gb  stm32f0xx_tim.o [1]
TIM_TimeBaseInit        0x08002749   0x66  Code  Gb  stm32f0xx_tim.o [1]
USART1_IRQHandler       0x080030a5   0x7c  Code  Gb  hal_uart.o [1]
USART2_IRQHandler       0x08002f65  0x13c  Code  Gb  hal_uart.o [1]
USART_Cmd               0x0800422f   0x1c  Code  Gb  stm32f0xx_usart.o [1]
USART_DMACmd            0x08004271   0x18  Code  Gb  stm32f0xx_usart.o [1]
USART_GetFlagStatus     0x080042cd   0x1c  Code  Gb  stm32f0xx_usart.o [1]
USART_GetITStatus       0x080042e9   0x6a  Code  Gb  stm32f0xx_usart.o [1]
USART_ITConfig          0x08004289   0x44  Code  Gb  stm32f0xx_usart.o [1]
USART_Init              0x08004161   0xce  Code  Gb  stm32f0xx_usart.o [1]
USART_ReceiveData       0x08004259    0x8  Code  Gb  stm32f0xx_usart.o [1]
USART_SendData          0x08004251    0x8  Code  Gb  stm32f0xx_usart.o [1]
VectorTable             0x20000000   0xc0  Data  Gb  contiki-main.o [1]
WWDG_SetCounter         0x080050dd    0xc  Code  Gb  stm32f0xx_wwdg.o [1]
_GenldFullNoMb          0x08006d59  0x266  Code  Lc  xprintffull_nomb.o [3]
_LdtobFullNoMb          0x080068c1  0x482  Code  Lc  xprintffull_nomb.o [3]
_LitobFullNoMb          0x0800678d  0x12e  Code  Lc  xprintffull_nomb.o [3]
_PrintfFullNoMb         0x0800615d  0x630  Code  Gb  xprintffull_nomb.o [3]
_PutcharsFullNoMb       0x08006fbf   0x30  Code  Lc  xprintffull_nomb.o [3]
_SNProut                0x0800b881   0x1c  Code  Gb  xsnprout.o [3]
_SProut                 0x080023ab    0xa  Code  Gb  xsprout.o [3]
_Stoflt                 0x08007509  0x1cc  Code  Gb  xstoflt.o [3]
_Stopfx                 0x080073dd  0x12c  Code  Gb  xstopfx.o [3]
_Stoxflt                0x08007ae1  0x1ea  Code  Gb  xstoxflt.o [3]
__ICFEDIT_region_RAM_end__ {Abs}
                        0x20001fff          --   Gb  command line/config [2]
__ICFEDIT_region_RAM_start__ {Abs}
                        0x20000000          --   Gb  command line/config [2]
__aeabi_cdcmpeq         0x0800982f         Code  Gb  DblCmpEq.o [4]
__aeabi_cdcmple         0x080097a9         Code  Gb  DblCmpLe.o [4]
__aeabi_cdrcmple        0x080097db         Code  Gb  DblCmpGe.o [4]
__aeabi_d2f             0x08002349         Code  Gb  DblToFlt.o [4]
__aeabi_d2iz            0x0800410d         Code  Gb  DblToI32.o [4]
__aeabi_d2uiz           0x08004131         Code  Gb  DblToI32.o [4]
__aeabi_dadd            0x080076d5         Code  Gb  DblAddSub.o [4]
__aeabi_ddiv            0x08004049         Code  Gb  DblDiv.o [4]
__aeabi_dmul            0x08003ec5         Code  Gb  DblMul.o [4]
__aeabi_dsub            0x0800779b         Code  Gb  DblAddSub.o [4]
__aeabi_errno_addr      0x080073cd    0xa  Code  Gb  errno.o [3]
__aeabi_f2d             0x08004355         Code  Gb  FltToDbl.o [4]
__aeabi_fmul            0x08004ec3         Code  Gb  FltMul.o [4]
__aeabi_i2d             0x08003e91         Code  Gb  I32ToDbl.o [4]
__aeabi_idiv            0x080034e5         Code  Gb  I32DivModFast.o [5]
__aeabi_idiv0           0x08006159         Code  Gb  IntDivZer.o [5]
__aeabi_idivmod         0x080034e5         Code  Gb  I32DivModFast.o [5]
__aeabi_ldiv0           0x0800a311         Code  Gb  I64DivZer.o [5]
__aeabi_memclr4         0x0800231d         Code  Gb  ABImemset.o [5]
__aeabi_memclr8         0x0800231d         Code  Gb  ABImemset.o [5]
__aeabi_memcpy          0x08009709         Code  Gb  ABImemcpy.o [5]
__aeabi_memcpy4         0x08009731         Code  Gb  ABImemcpy.o [5]
__aeabi_memcpy8         0x08009731         Code  Gb  ABImemcpy.o [5]
__aeabi_ui2d            0x08003ea5         Code  Gb  I32ToDbl.o [4]
__aeabi_ui2f            0x08004ea5         Code  Gb  I32ToFlt.o [4]
__aeabi_uidiv           0x080034eb         Code  Gb  I32DivModFast.o [5]
__aeabi_uidivmod        0x080034eb         Code  Gb  I32DivModFast.o [5]
__aeabi_uldivmod        0x0800969f         Code  Gb  I64DivMod.o [5]
__cmain                 0x0800b89d         Code  Gb  cmain.o [5]
__exit                  0x0800b8d1         Code  Gb  XXexit.o [5]
__iar_Dint              0x0800a315   0x8c  Code  Gb  xdint.o [4]
__iar_Dnorm             0x08009765   0x44  Code  Gb  xdnorm.o [4]
__iar_Dscale            0x08007d01  0x11c  Code  Gb  xdscale.o [4]
__iar_Dtentox           0x08007929  0x146  Code  Gb  xdtento.o [4]
__iar_Dtest             0x0800a6f9   0x3c  Code  Gb  xdtest.o [4]
__iar_Dunscale          0x08009855   0x68  Code  Gb  xdunscal.o [4]
__iar_Errno             0x20000284    0x4  Data  Gb  errno.o [3]
__iar_Exp               0x0800a445  0x2b4  Code  Gb  xexp.o [4]
__iar_Logpoly           0x0800a3a1   0x6c  Code  Gb  xlog.o [4]
__iar_Memchr            0x080073b5   0x18  Code  Gb  memchr.o [5]
__iar_Memset4_word      0x080022ed         Code  Gb  ABImemset.o [5]
__iar_Stod              0x080053e5    0xa  Code  Gb  xstod.o [4]
__iar_Stodx             0x080052a5  0x134  Code  Gb  xstod.o [4]
__iar_Stolx             0x0800a279   0x98  Code  Gb  xstol.o [3]
__iar_Stoul             0x0800524b    0xa  Code  Gb  xstoul.o [3]
__iar_Stoulx            0x08005125  0x126  Code  Gb  xstoul.o [3]
__iar_Strchr            0x0800968b   0x14  Code  Gb  strchr.o [5]
__iar_Strstr            0x080050ed   0x38  Code  Gb  strstr.o [3]
__iar_ceil              0x0800a221         Code  Gb  ceil.o [4]
__iar_ceill             0x0800a221         Code  Gb  ceil.o [4]
__iar_copy_init3        0x0800b60d   0x30  Code  Gb  copy_init3.o [5]
__iar_d2uiz             0x08004135         Code  Gb  DblToI32.o [4]
__iar_data_init3        0x0800b711   0x28  Code  Gb  data_init.o [5]
__iar_dlib_perthread_access
                        0x0800982d    0x2  Code  Gb  xtls.o [3]
__iar_edom              0x080073a9         Code  Gb  iarEdom.o [5]
__iar_program_start     0x0800bd05         Code  Gb  cstartup_M.o [5]
__iar_sqrt              0x08004f77         Code  Gb  sqrt.o [4]
__iar_ui2d              0x08003ea9         Code  Gb  I32ToDbl.o [4]
__iar_ui2f              0x08004ea9         Code  Gb  I32ToFlt.o [4]
__iar_zero_init3        0x080022c3   0x2a  Code  Gb  zero_init3.o [5]
__low_level_init        0x0800b8b7    0x4  Code  Gb  low_level_init.o [3]
__vector_table          0x08001000         Data  Gb  startup_stm32f030.o [1]
_call_main              0x0800b8a9         Code  Gb  cmain.o [5]
_exit                   0x0800b8c5         Code  Gb  cexit.o [5]
_main                   0x0800b8b3         Code  Gb  cmain.o [5]
add_timer               0x080033cd   0x42  Code  Lc  etimer.o [1]
aplVersion              0x0800bbd8    0xc  Data  Gb  APL.o [1]
apl_ProcessCmdLine      0x08005423   0xe2  Code  Gb  apl_debug.o [1]
apl_ProcessDebugCmd     0x080053f7   0x2c  Code  Gb  apl_debug.o [1]
apl_ProcessRadioCmd     0x08008285  0x492  Code  Gb  hal_radio.o [1]
apl_update_process      0x20000174   0x10  Data  Gb  APL.o [1]
atof                    0x0800233d    0xc  Code  Gb  atof.o [4]
atoi                    0x08002331    0xc  Code  Gb  atoi.o [3]
bordcast_addr           0x2000023c    0x8  Data  Gb  hal_radio.o [1]
cal_power_angle         0x080059dd    0x2  Code  Gb  apl_debug.o [1]
cal_power_gain          0x080059db    0x2  Code  Gb  apl_debug.o [1]
calibration             0x20000144   0x10  Data  Gb  APL.o [1]
call_process            0x08003883   0x4a  Code  Lc  process.o [1]
ceil                    0x0800a221         Code  Gb  ceil.o [4]
ceill                   0x0800a221         Code  Gb  ceil.o [4]
changeHopChannel        0x080058fb   0x1e  Code  Gb  apl_debug.o [1]
change_string_to_arry16
                        0x08005c19   0xaa  Code  Gb  apl_debug.o [1]
check_update_packect_state
                        0x080048a5   0x2e  Code  Gb  APL.o [1]
check_update_state      0x080048e9   0x26  Code  Gb  APL.o [1]
clear_light_time        0x080050a3   0x12  Code  Gb  clock.o [1]
clock_time              0x08005097    0x6  Code  Gb  clock.o [1]
cmd_broadcast           0x2000026c    0x4  Data  Gb  hal_radio.o [1]
cmd_op_light            0x2000027c    0x4  Data  Gb  hal_radio.o [1]
cmd_read_data           0x20000278    0x4  Data  Gb  hal_radio.o [1]
cmd_update              0x20000270    0x4  Data  Gb  hal_radio.o [1]
cmp                     0x0800228d   0x26  Code  Gb  common.o [1]
config_8209c_reg        0x08001969   0x5e  Code  Gb  gpio_per.o [1]
config_GDOx_Map         0x08008ebd   0x44  Code  Gb  sx1276-LoRa.o [1]
current_clock           0x2000130c    0x4  Data  Lc  clock.o [1]
current_seconds         0x20001310    0x4  Data  Lc  clock.o [1]
debug_save              0x08005b51    0xe  Code  Gb  apl_debug.o [1]
debug_set_pwm           0x08005ae3   0x38  Code  Gb  apl_debug.o [1]
digits                  0x08005254   0x28  Data  Lc  xstoul.o [3]
div                     0x0800980d   0x20  Code  Gb  div.o [3]
dmul                    0x080078d9   0x50  Code  Lc  xdtento.o [4]
do_event                0x08003919   0xba  Code  Lc  process.o [1]
do_poll                 0x080038e9   0x30  Code  Lc  process.o [1]
drop_down_timer_init    0x080011cb   0x46  Code  Gb  gpio_per.o [1]
enegyDegree             0x20000164   0x10  Data  Gb  APL.o [1]
energyPulse             0x20000154   0x10  Data  Gb  APL.o [1]
etimer_next_expiration_time
                        0x08003439   0x14  Code  Gb  etimer.o [1]
etimer_pending          0x08003425   0x14  Code  Gb  etimer.o [1]
etimer_process          0x20000184   0x10  Data  Gb  etimer.o [1]
etimer_remodify         0x080034a5   0x14  Code  Gb  etimer.o [1]
etimer_request_poll     0x080033c3    0xa  Code  Gb  etimer.o [1]
etimer_set              0x0800340f   0x16  Code  Gb  etimer.o [1]
etimer_stop             0x0800344d   0x46  Code  Gb  etimer.o [1]
events                  0x20000b48  0x180  Data  Lc  process.o [1]
exit                    0x0800b8bb    0x8  Code  Gb  exit.o [3]
exit_process            0x080037eb   0x98  Code  Lc  process.o [1]
fevent                  0x20001359    0x1  Data  Lc  process.o [1]
find_free_addr          0x08001aaf   0x2a  Code  Gb  gpio_per.o [1]
find_old_data           0x08001c0f   0xae  Code  Gb  gpio_per.o [1]
find_params             0x08001123   0xa8  Code  Gb  gpio_per.o [1]
find_string16_len       0x08005bb9   0x60  Code  Gb  apl_debug.o [1]
flash_ok                0x20000288    0x1  Data  Lc  gpio_per.o [1]
format_elc_data         0x08001e19   0xb6  Code  Gb  gpio_per.o [1]
g_DebugRxBuffer         0x20001258   0x20  Data  Gb  hal_uart.o [1]
g_DebugRxFlag           0x20001334    0x4  Data  Gb  hal_uart.o [1]
g_DebugRx_state         0x2000028c    0x1  Data  Gb  hal_uart.o [1]
g_DebugTx_state         0x2000028b    0x1  Data  Gb  hal_uart.o [1]
g_GDOx_map_conf         0x20001300    0x8  Data  Gb  sx1276-LoRa.o [1]
g_Print                 0x20000290  0x4b8  Data  Gb  hal_uart.o [1]
g_RF_LoRa               0x20000cc8  0x108  Data  Gb  sx1276-LoRa.o [1]
g_SystickCounter        0x20001328    0x4  Data  Gb  hal_timer.o [1]
g_UartRxBuffer          0x20000ed0  0x100  Data  Gb  hal_uart.o [1]
g_UartRxFlag            0x20001330    0x4  Data  Gb  hal_uart.o [1]
g_UartRx_state          0x2000028a    0x1  Data  Gb  hal_uart.o [1]
g_UartTxBuffer          0x20000dd0  0x100  Data  Gb  hal_uart.o [1]
g_UartTxFlag            0x2000132c    0x4  Data  Gb  hal_uart.o [1]
g_UartTx_state          0x20000289    0x1  Data  Gb  hal_uart.o [1]
g_cal_Buf               0x20000748  0x400  Data  Gb  gpio_per.o [1]
g_hopChannel            0x2000135e    0x1  Data  Gb  sx1276-LoRa.o [1]
g_wokeUpPreambleLength  0x20001350    0x4  Data  Lc  sx1276-LoRa.o [1]
getPacketSnr            0x08008f09   0x48  Code  Gb  sx1276-LoRa.o [1]
getSum                  0x0800226f   0x1e  Code  Gb  common.o [1]
get_RxPacketRssi        0x08008f59   0x86  Code  Gb  sx1276-LoRa.o [1]
get_light_time          0x08002137   0x2e  Code  Gb  gpio_per.o [1]
get_packet_info         0x080043d3   0x44  Code  Gb  APL.o [1]
get_reg                 0x080057e1   0x32  Code  Gb  apl_debug.o [1]
gpio_per_init           0x080010b5   0x14  Code  Gb  gpio_per.o [1]
hal_ADC_Init            0x08001425   0x84  Code  Gb  gpio_per.o [1]
hal_BlindLED            0x08002977   0x18  Code  Lc  hal_uart.o [1]
hal_DebugDMATx          0x08002e91   0x68  Code  Gb  hal_uart.o [1]
hal_GetCurrentTime      0x0800a971   0x3c  Code  Gb  hal_timer.o [1]
hal_GetSystickCounter   0x080053f1    0x6  Code  Lc  apl_debug.o [1]
hal_GetSystickCounter   0x0800219d    0x6  Code  Lc  common.o [1]
hal_GetSystickCounter   0x08002959    0x6  Code  Lc  hal_uart.o [1]
hal_GetSystickCounter   0x08008cd5    0x6  Code  Lc  sx1276-LoRa.o [1]
hal_InitCOM             0x08002b21  0x172  Code  Gb  hal_uart.o [1]
hal_InitLED             0x0800b3b1   0x5c  Code  Gb  hal_led.o [1]
hal_InitMemoryVariable  0x08005df5    0x8  Code  Gb  hal_memory.o [1]
hal_InitNVIC            0x0800af51   0xce  Code  Gb  hal_nvic.o [1]
hal_InitPrintVariable   0x08002aa5   0x4e  Code  Gb  hal_uart.o [1]
hal_InitRCC             0x0800b345    0xe  Code  Gb  hal_rcc.o [1]
hal_InitRF              0x08008c95   0x24  Code  Gb  hal_radio.o [1]
hal_InitRTC             0x0800a81f   0x78  Code  Gb  hal_timer.o [1]
hal_InitSystickTimer    0x0800a805   0x1a  Code  Gb  hal_timer.o [1]
hal_InitTIMER           0x0800a7f9    0xc  Code  Gb  hal_timer.o [1]
hal_InitTimerVariable   0x0800a7f1    0x8  Code  Gb  hal_timer.o [1]
hal_InitUART            0x08002b11   0x10  Code  Gb  hal_uart.o [1]
hal_InitUartVariable    0x08002a9d    0x8  Code  Gb  hal_uart.o [1]
hal_Init_RF_pins        0x08008aab   0xd4  Code  Gb  hal_radio.o [1]
hal_Init_gdflash_pins   0x08006ff5   0x7a  Code  Gb  hal_GDflash.o [1]
hal_LightLED            0x0800b399   0x18  Code  Lc  hal_led.o [1]
hal_LightLED            0x0800295f   0x18  Code  Lc  hal_uart.o [1]
hal_PacketRF_TxData     0x080090b1   0x18  Code  Gb  sx1276-LoRa.o [1]
hal_RF_process          0x200001b4   0x10  Data  Gb  hal_radio.o [1]
hal_RF_reset            0x200001c4   0x10  Data  Gb  hal_radio.o [1]
hal_SetCurrentTime      0x0800a897   0xda  Code  Gb  hal_timer.o [1]
hal_ToggleLED           0x08008255   0x26  Code  Lc  hal_radio.o [1]
hal_UartINTTx           0x08002f01   0x54  Code  Gb  hal_uart.o [1]
hal_init_PWM            0x08001531  0x108  Code  Gb  gpio_per.o [1]
hal_sRF_ITConfig        0x08008a89   0x22  Code  Gb  hal_radio.o [1]
hal_sRF_InitSPI         0x08008c49    0xc  Code  Gb  hal_radio.o [1]
hal_sRF_SPI_Config      0x08008bc9   0x7a  Code  Gb  hal_radio.o [1]
hal_urat_process        0x200001d4   0x10  Data  Gb  hal_uart.o [1]
init_8209c_params       0x08001cc9  0x148  Code  Gb  gpio_per.o [1]
init_update             0x08004805   0x5c  Code  Gb  APL.o [1]
init_zero_detect        0x080014d1   0x60  Code  Gb  gpio_per.o [1]
internal_Pow            0x08009991  0x434  Code  Lc  pow.o [4]
lastevent               0x20001357    0x1  Data  Lc  process.o [1]
light_time              0x20001314    0x4  Data  Lc  clock.o [1]
lnbias                  0x08009e00  0x420  Data  Lc  pow.o [4]
local_addr              0x20000234    0x8  Data  Gb  hal_radio.o [1]
main                    0x0800b261   0x94  Code  Gb  contiki-main.o [1]
ndigs                   0x0800527c   0x28  Data  Lc  xstoul.o [3]
nevents                 0x20001358    0x1  Data  Lc  process.o [1]
next_expiration         0x2000131c    0x4  Data  Lc  etimer.o [1]
paralist                0x200000f8   0x2c  Data  Gb  APL.o [1]
period_save_data_process
                        0x20000194   0x10  Data  Gb  gpio_per.o [1]
phsA                    0x20000214    0x8  Data  Gb  APL.o [1]
phyVersion              0x0800bcf8    0xc  Data  Gb  PHY.o [1]
poll_requested          0x2000135a    0x1  Data  Lc  process.o [1]
pow                     0x08009df1    0xe  Code  Gb  pow.o [4]
power_down_protect      0x08001f09   0x34  Code  Gb  gpio_per.o [1]
pows                    0x08007a98   0x48  Data  Lc  xdtento.o [4]
printf                  0x08002cd5  0x19e  Code  Gb  hal_uart.o [1]
proceess_packet         0x08004573   0x8a  Code  Gb  APL.o [1]
process_current         0x2000133c    0x4  Data  Gb  process.o [1]
process_init            0x080038cd   0x1c  Code  Gb  process.o [1]
process_is_running      0x08003ac1   0x12  Code  Gb  process.o [1]
process_list            0x20001338    0x4  Data  Gb  process.o [1]
process_poll            0x08003a79   0x1e  Code  Gb  process.o [1]
process_post            0x080039f1   0x60  Code  Gb  process.o [1]
process_post_synch      0x08003a55   0x1e  Code  Gb  process.o [1]
process_run             0x080039d3   0x1e  Code  Gb  process.o [1]
process_start           0x080037b1   0x3a  Code  Gb  process.o [1]
process_thread_apl_update_process
                        0x08004417  0x15c  Code  Lc  APL.o [1]
process_thread_etimer_process
                        0x080032e9   0xda  Code  Lc  etimer.o [1]
process_thread_hal_RF_process
                        0x08008749  0x128  Code  Lc  hal_radio.o [1]
process_thread_hal_RF_reset
                        0x08008899   0x96  Code  Lc  hal_radio.o [1]
process_thread_hal_urat_process
                        0x0800298f  0x10e  Code  Lc  hal_uart.o [1]
process_thread_period_save_data_process
                        0x08001211   0xa6  Code  Lc  gpio_per.o [1]
process_thread_start_time_detect_process
                        0x080012c1  0x104  Code  Lc  gpio_per.o [1]
pstart                  0x20000204    0x8  Data  Gb  APL.o [1]
qphsal                  0x2000021c    0x8  Data  Gb  APL.o [1]
radio_reset             0x080058f3    0x8  Code  Gb  apl_debug.o [1]
read_8209c_energyP      0x08002029   0x5e  Code  Gb  gpio_per.o [1]
read_8209c_reg          0x08005919   0x54  Code  Gb  apl_debug.o [1]
read_8209c_regs         0x080019c7   0xbe  Code  Gb  gpio_per.o [1]
read_LED_state          0x08002169   0x12  Code  Gb  gpio_per.o [1]
read_PWM_volt           0x08001679   0x56  Code  Gb  gpio_per.o [1]
read_UIP                0x08001f51   0xc4  Code  Gb  gpio_per.o [1]
read_adc                0x08005b79   0x14  Code  Gb  apl_debug.o [1]
read_addr               0x08008c55   0x3c  Code  Gb  hal_radio.o [1]
read_energy             0x08005b1b   0x1e  Code  Gb  apl_debug.o [1]
read_factor             0x08005b39   0x14  Code  Gb  apl_debug.o [1]
read_flash              0x080045fd   0x1a  Code  Gb  APL.o [1]
read_light_time         0x0800509d    0x6  Code  Gb  clock.o [1]
read_local_addr         0x08005d89   0x28  Code  Gb  apl_debug.o [1]
read_param_all          0x08005a2d   0x50  Code  Gb  apl_debug.o [1]
read_params_area        0x080010c9   0x5a  Code  Gb  gpio_per.o [1]
read_pow_factor         0x0800208d   0xaa  Code  Gb  gpio_per.o [1]
read_reg_all            0x08005867   0x6c  Code  Gb  apl_debug.o [1]
read_u_i_p              0x08005b5f   0x1a  Code  Gb  apl_debug.o [1]
read_update_flash       0x08004617   0x6e  Code  Gb  APL.o [1]
read_version            0x20000274    0x4  Data  Gb  hal_radio.o [1]
receiveRxData           0x080090cd   0x7c  Code  Gb  sx1276-LoRa.o [1]
receive_packet          0x080058e9    0xa  Code  Gb  apl_debug.o [1]
relay_gpio_init         0x080016d9   0x72  Code  Gb  gpio_per.o [1]
reset_8029c             0x08005a7d   0x4e  Code  Gb  apl_debug.o [1]
reset_update_params     0x08004759   0x14  Code  Gb  APL.o [1]
rn8209c_checkSum        0x08001a85   0x2a  Code  Gb  gpio_per.o [1]
rn8209c_init            0x08001909    0xc  Code  Gb  gpio_per.o [1]
rn8209c_papameter       0x200000c0   0x38  Data  Gb  gpio_per.o [1]
rn8209c_read            0x08001835   0x7a  Code  Gb  gpio_per.o [1]
rn8209c_reset           0x080018b5   0x30  Code  Gb  gpio_per.o [1]
rn8209c_write           0x080017b5   0x7c  Code  Gb  gpio_per.o [1]
rn8209c_write_byte      0x08001755   0x5c  Code  Gb  gpio_per.o [1]
save_8209c_params       0x08001ad9   0xda  Code  Gb  gpio_per.o [1]
save_elc_datas          0x08001ecf   0x30  Code  Gb  gpio_per.o [1]
second_countdown        0x20000268    0x4  Data  Lc  clock.o [1]
select_length           0x08001915   0x54  Code  Gb  gpio_per.o [1]
send_packet             0x080058d3   0x16  Code  Gb  apl_debug.o [1]
set_8209c_Kx            0x080059df   0x4a  Code  Gb  apl_debug.o [1]
set_8209c_Reg           0x0800596d   0x6e  Code  Gb  apl_debug.o [1]
set_8209c_params        0x08001bb3   0x5c  Code  Gb  gpio_per.o [1]
set_PWM                 0x08001645   0x2e  Code  Gb  gpio_per.o [1]
set_local_addr          0x08005cc3   0xc0  Code  Gb  apl_debug.o [1]
set_power               0x080057c5   0x1c  Code  Gb  apl_debug.o [1]
set_reg                 0x08005819   0x4e  Code  Gb  apl_debug.o [1]
set_update_packetState  0x08004865   0x36  Code  Gb  APL.o [1]
spiReadWriteByte        0x08008935   0x2e  Code  Gb  hal_radio.o [1]
sprintf                 0x08004389   0x38  Code  Gb  sprintf.o [3]
sqrt                    0x08004f77         Code  Gb  sqrt.o [4]
sqrtl                   0x08004f77         Code  Gb  sqrt.o [4]
st_update               0x200010f8   0x8c  Data  Gb  APL.o [1]
start_time_detect_process
                        0x200001a4   0x10  Data  Gb  gpio_per.o [1]
strlen                  0x08002321   0x10  Code  Gb  strlen.o [5]
strstr                  0x080022b3   0x10  Code  Gb  gpio_per.o [1]
strtol                  0x08009671    0xa  Code  Gb  strtol.o [3]
tedtbuf                 0x20000fd0   0x98  Data  Gb  contiki-main.o [1]
timer_RFreset           0x200012b8   0x10  Data  Gb  hal_radio.o [1]
timer_debug_uart_tx     0x200012e8   0x10  Data  Gb  hal_uart.o [1]
timer_expired           0x08006139   0x1e  Code  Gb  timer.o [1]
timer_rf                0x200012a8   0x10  Data  Gb  hal_radio.o [1]
timer_set               0x08006129   0x10  Code  Gb  timer.o [1]
timer_uart_rx           0x200012d8   0x10  Data  Gb  hal_uart.o [1]
timer_uart_tx           0x200012c8   0x10  Data  Gb  hal_uart.o [1]
timerlist               0x20001318    0x4  Data  Lc  etimer.o [1]
update_software_check   0x08004781   0x80  Code  Gb  APL.o [1]
update_time             0x08003299   0x50  Code  Lc  etimer.o [1]
vsnprintf               0x08005fa9   0x3c  Code  Gb  vsnprint.o [3]
w_memcpy                0x0800223f   0x1a  Code  Gb  common.o [1]
w_memset                0x08002259   0x16  Code  Gb  common.o [1]
write_finish            0x08005db1    0xe  Code  Gb  apl_debug.o [1]
write_finish_debug      0x0800471d   0x2e  Code  Gb  APL.o [1]
write_update_flash      0x0800468d   0x8c  Code  Gb  APL.o [1]


[1] = G:\git_hub_lamp\lamp_slave_git\Debug\Obj
[2] = command line
[3] = dl6M_tln.a
[4] = m6M_tl.a
[5] = rt6M_tl.a

  41 216 bytes of readonly  code memory
   3 772 bytes of readonly  data memory
   6 813 bytes of readwrite data memory (+ 192 absolute)

Errors: none
Warnings: none
