###############################################################################
#
# IAR ELF Linker V7.10.3.6832/W32 for ARM                 14/Dec/2015  00:41:32
# Copyright 2007-2014 IAR Systems AB.
#
#    Output file  =  G:\git_hub_lamp\lamp_slave_git\Debug\Exe\SlaverNode.out
#    Map file     =  G:\git_hub_lamp\lamp_slave_git\Debug\List\SlaverNode.map
#    Command line =  
#        G:\git_hub_lamp\lamp_slave_git\Debug\Obj\APL.o
#        G:\git_hub_lamp\lamp_slave_git\Debug\Obj\apl_debug.o
#        G:\git_hub_lamp\lamp_slave_git\Debug\Obj\autostart.o
#        G:\git_hub_lamp\lamp_slave_git\Debug\Obj\checkpoint.o
#        G:\git_hub_lamp\lamp_slave_git\Debug\Obj\clock.o
#        G:\git_hub_lamp\lamp_slave_git\Debug\Obj\common.o
#        G:\git_hub_lamp\lamp_slave_git\Debug\Obj\compower.o
#        G:\git_hub_lamp\lamp_slave_git\Debug\Obj\contiki-main.o
#        G:\git_hub_lamp\lamp_slave_git\Debug\Obj\crc16.o
#        G:\git_hub_lamp\lamp_slave_git\Debug\Obj\ctimer.o
#        G:\git_hub_lamp\lamp_slave_git\Debug\Obj\elfloader.o
#        G:\git_hub_lamp\lamp_slave_git\Debug\Obj\energest.o
#        G:\git_hub_lamp\lamp_slave_git\Debug\Obj\etimer.o
#        G:\git_hub_lamp\lamp_slave_git\Debug\Obj\gpio_per.o
#        G:\git_hub_lamp\lamp_slave_git\Debug\Obj\hal_falsh.o
#        G:\git_hub_lamp\lamp_slave_git\Debug\Obj\hal_GDflash.o
#        G:\git_hub_lamp\lamp_slave_git\Debug\Obj\hal_led.o
#        G:\git_hub_lamp\lamp_slave_git\Debug\Obj\hal_memory.o
#        G:\git_hub_lamp\lamp_slave_git\Debug\Obj\hal_nvic.o
#        G:\git_hub_lamp\lamp_slave_git\Debug\Obj\hal_radio.o
#        G:\git_hub_lamp\lamp_slave_git\Debug\Obj\hal_rcc.o
#        G:\git_hub_lamp\lamp_slave_git\Debug\Obj\hal_timer.o
#        G:\git_hub_lamp\lamp_slave_git\Debug\Obj\hal_uart.o
#        G:\git_hub_lamp\lamp_slave_git\Debug\Obj\hal_wdg.o
#        G:\git_hub_lamp\lamp_slave_git\Debug\Obj\ifft.o
#        G:\git_hub_lamp\lamp_slave_git\Debug\Obj\list.o
#        G:\git_hub_lamp\lamp_slave_git\Debug\Obj\memb.o
#        G:\git_hub_lamp\lamp_slave_git\Debug\Obj\mmem.o
#        G:\git_hub_lamp\lamp_slave_git\Debug\Obj\os_cpu_a.o
#        G:\git_hub_lamp\lamp_slave_git\Debug\Obj\PHY.o
#        G:\git_hub_lamp\lamp_slave_git\Debug\Obj\print-stats.o
#        G:\git_hub_lamp\lamp_slave_git\Debug\Obj\process.o
#        G:\git_hub_lamp\lamp_slave_git\Debug\Obj\procinit.o
#        G:\git_hub_lamp\lamp_slave_git\Debug\Obj\profile.o
#        G:\git_hub_lamp\lamp_slave_git\Debug\Obj\random.o
#        G:\git_hub_lamp\lamp_slave_git\Debug\Obj\ringbuf.o
#        G:\git_hub_lamp\lamp_slave_git\Debug\Obj\rtimer.o
#        G:\git_hub_lamp\lamp_slave_git\Debug\Obj\settings.o
#        G:\git_hub_lamp\lamp_slave_git\Debug\Obj\startup_stm32f030.o
#        G:\git_hub_lamp\lamp_slave_git\Debug\Obj\stimer.o
#        G:\git_hub_lamp\lamp_slave_git\Debug\Obj\stm32f0xx_adc.o
#        G:\git_hub_lamp\lamp_slave_git\Debug\Obj\stm32f0xx_cec.o
#        G:\git_hub_lamp\lamp_slave_git\Debug\Obj\stm32f0xx_comp.o
#        G:\git_hub_lamp\lamp_slave_git\Debug\Obj\stm32f0xx_crc.o
#        G:\git_hub_lamp\lamp_slave_git\Debug\Obj\stm32f0xx_dac.o
#        G:\git_hub_lamp\lamp_slave_git\Debug\Obj\stm32f0xx_dbgmcu.o
#        G:\git_hub_lamp\lamp_slave_git\Debug\Obj\stm32f0xx_dma.o
#        G:\git_hub_lamp\lamp_slave_git\Debug\Obj\stm32f0xx_exti.o
#        G:\git_hub_lamp\lamp_slave_git\Debug\Obj\stm32f0xx_flash.o
#        G:\git_hub_lamp\lamp_slave_git\Debug\Obj\stm32f0xx_gpio.o
#        G:\git_hub_lamp\lamp_slave_git\Debug\Obj\stm32f0xx_i2c.o
#        G:\git_hub_lamp\lamp_slave_git\Debug\Obj\stm32f0xx_it.o
#        G:\git_hub_lamp\lamp_slave_git\Debug\Obj\stm32f0xx_iwdg.o
#        G:\git_hub_lamp\lamp_slave_git\Debug\Obj\stm32f0xx_misc.o
#        G:\git_hub_lamp\lamp_slave_git\Debug\Obj\stm32f0xx_pwr.o
#        G:\git_hub_lamp\lamp_slave_git\Debug\Obj\stm32f0xx_rcc.o
#        G:\git_hub_lamp\lamp_slave_git\Debug\Obj\stm32f0xx_rtc.o
#        G:\git_hub_lamp\lamp_slave_git\Debug\Obj\stm32f0xx_spi.o
#        G:\git_hub_lamp\lamp_slave_git\Debug\Obj\stm32f0xx_syscfg.o
#        G:\git_hub_lamp\lamp_slave_git\Debug\Obj\stm32f0xx_tim.o
#        G:\git_hub_lamp\lamp_slave_git\Debug\Obj\stm32f0xx_usart.o
#        G:\git_hub_lamp\lamp_slave_git\Debug\Obj\stm32f0xx_wwdg.o
#        G:\git_hub_lamp\lamp_slave_git\Debug\Obj\sx1276-Fsk.o
#        G:\git_hub_lamp\lamp_slave_git\Debug\Obj\sx1276-FskMisc.o
#        G:\git_hub_lamp\lamp_slave_git\Debug\Obj\sx1276-LoRa.o
#        G:\git_hub_lamp\lamp_slave_git\Debug\Obj\sx1276-LoRaMisc.o
#        G:\git_hub_lamp\lamp_slave_git\Debug\Obj\system_stm32f0xx.o
#        G:\git_hub_lamp\lamp_slave_git\Debug\Obj\timer.o
#        G:\git_hub_lamp\lamp_slave_git\Debug\Obj\timetable-aggregate.o
#        G:\git_hub_lamp\lamp_slave_git\Debug\Obj\trickle-timer.o -o
#        G:\git_hub_lamp\lamp_slave_git\Debug\Exe\SlaverNode.out --map
#        G:\git_hub_lamp\lamp_slave_git\Debug\List\SlaverNode.map --config
#        G:\git_hub_lamp\lamp_slave_git\SlaverNode.icf --entry
#        __iar_program_start --vfe
#
###############################################################################

*******************************************************************************
*** RUNTIME MODEL ATTRIBUTES
***

CppFlavor       = *
__SystemLibrary = DLib


*******************************************************************************
*** PLACEMENT SUMMARY
***

"A1":  place at 0x08001000 { ro section .intvec };
"P1":  place in [from 0x08001000 to 0x0800ffff] { ro };
"P2":  place in [from 0x20000000 to 0x20001fff] { rw, block CSTACK, block HEAP };

  Section             Kind        Address    Size  Object
  -------             ----        -------    ----  ------
"A1":                                        0xb4
  .intvec             ro code  0x08001000    0xb4  startup_stm32f030.o [1]
                             - 0x080010b4    0xb4

"P1":                                      0x8d84
  .text               ro code  0x080010b4   0xe96  xprintffull_nomb.o [3]
  .text               ro code  0x08001f4a    0x14  strchr.o [5]
  .text               ro code  0x08001f5e    0x10  strlen.o [5]
  .text               ro code  0x08001f6e    0x18  memchr.o [5]
  .text               ro code  0x08001f86    0x6a  I64DivMod.o [5]
  .text               ro code  0x08001ff0    0x5c  ABImemcpy.o [5]
  .text               ro code  0x0800204c    0x44  xdnorm.o [4]
  .text               ro code  0x08002090    0x32  DblCmpLe.o [4]
  .text               ro code  0x080020c2    0x32  DblCmpGe.o [4]
  .text               ro code  0x080020f4   0x11c  xdscale.o [4]
  .text               ro code  0x08002210    0x52  DblToI32.o [4]
  .text               ro code  0x08002262    0x2a  zero_init3.o [5]
  .text               ro code  0x0800228c    0x34  I32ToDbl.o [4]
  .text               ro code  0x080022c0   0x1b4  DblAddSub.o [4]
  .text               ro code  0x08002474    0xe0  I32DivModFast.o [5]
  .text               ro code  0x08002554   0x184  DblMul.o [4]
  .text               ro code  0x080026d8    0xc2  DblDiv.o [4]
  .text               ro code  0x0800279a    0x20  div.o [3]
  .rodata             const    0x080027ba     0x2  gpio_per.o [1]
  .text               ro code  0x080027bc     0x2  I64DivZer.o [5]
  .rodata             const    0x080027be     0x2  hal_uart.o [1]
  .text               ro code  0x080027c0     0x2  IntDivZer.o [5]
  .rodata             const    0x080027c2     0x2  hal_uart.o [1]
  .text               ro code  0x080027c4   0xe6c  gpio_per.o [1]
  .text               ro code  0x08003630   0x116  common.o [1]
  .rodata             const    0x08003746     0x2  hal_uart.o [1]
  .text               ro code  0x08003748   0x12e  stm32f0xx_flash.o [1]
  .text               ro code  0x08003876    0xc4  hal_falsh.o [1]
  .rodata             const    0x0800393a     0x2  hal_uart.o [1]
  .text               ro code  0x0800393c   0x394  stm32f0xx_rcc.o [1]
  .text               ro code  0x08003cd0   0x210  stm32f0xx_tim.o [1]
  .text               ro code  0x08003ee0   0x660  hal_uart.o [1]
  .text               ro code  0x08004540   0x220  etimer.o [1]
  .text               ro code  0x08004760   0x322  process.o [1]
  .text               ro code  0x08004a82     0x2  startup_stm32f030.o [1]
  .text               ro code  0x08004a84    0xf4  stm32f0xx_adc.o [1]
  .text               ro code  0x08004b78   0x168  stm32f0xx_gpio.o [1]
  .text               ro code  0x08004ce0    0xc4  stm32f0xx_exti.o [1]
  .text               ro code  0x08004da4    0x9c  stm32f0xx_syscfg.o [1]
  .text               ro code  0x08004e40   0x1f2  stm32f0xx_usart.o [1]
  .text               ro code  0x08005032     0x2  startup_stm32f030.o [1]
  .text               ro code  0x08005034   0x438  stm32f0xx_rtc.o [1]
  .text               ro code  0x0800546c    0x1e  I32ToFlt.o [4]
  .text               ro code  0x0800548a    0xb4  FltMul.o [4]
  .text               ro code  0x0800553e     0x2  startup_stm32f030.o [1]
  .text               ro code  0x08005540    0x32  FltToDbl.o [4]
  .text               ro code  0x08005572    0xbe  sqrt.o [4]
  .text               ro code  0x08005630    0x98  clock.o [1]
  .text               ro code  0x080056c8    0x10  stm32f0xx_iwdg.o [1]
  .text               ro code  0x080056d8    0x10  stm32f0xx_wwdg.o [1]
  .text               ro code  0x080056e8   0x920  apl_debug.o [1]
  .text               ro code  0x08006008   0x1b2  hal_memory.o [1]
  .text               ro code  0x080061ba     0x2  startup_stm32f030.o [1]
  .text               ro code  0x080061bc    0x3c  vsnprint.o [3]
  .text               ro code  0x080061f8   0x144  stm32f0xx_dma.o [1]
  .text               ro code  0x0800633c    0x2e  timer.o [1]
  .text               ro code  0x0800636a     0x2  startup_stm32f030.o [1]
  .text               ro code  0x0800636c     0xc  iarEdom.o [5]
  .text               ro code  0x08006378   0x400  sx1276-LoRaMisc.o [1]
  .text               ro code  0x08006778   0xa4c  hal_radio.o [1]
  .text               ro code  0x080071c4   0x864  sx1276-LoRa.o [1]
  .text               ro code  0x08007a28    0x34  ABImemset.o [5]
  .text               ro code  0x08007a5c     0xa  strtol.o [3]
  .text               ro code  0x08007a66     0xc  atoi.o [3]
  .text               ro code  0x08007a72     0x2  startup_stm32f030.o [1]
  .text               ro code  0x08007a74   0x626  APL.o [1]
  .text               ro code  0x0800809a     0x2  startup_stm32f030.o [1]
  CODE                ro code  0x0800809c     0xe  os_cpu_a.o [1]
  .text               ro code  0x080080aa     0x2  startup_stm32f030.o [1]
  .text               ro code  0x080080ac    0x10  errno.o [3]
  .text               ro code  0x080080bc    0xd2  stm32f0xx_spi.o [1]
  .text               ro code  0x0800818e     0x2  startup_stm32f030.o [1]
  .text               ro code  0x08008190    0x98  xstol.o [3]
  .text               ro code  0x08008228   0x180  xstoul.o [3]
  .text               ro code  0x080083a8   0x3b4  hal_GDflash.o [1]
  .text               ro code  0x0800875c     0x2  xtls.o [3]
  .text               ro code  0x0800875e     0x2  startup_stm32f030.o [1]
  .text               ro code  0x08008760   0x34c  hal_timer.o [1]
  .text               ro code  0x08008aac    0x30  stm32f0xx_pwr.o [1]
  .text               ro code  0x08008adc   0x20c  system_stm32f0xx.o [1]
  .rodata             const    0x08008ce8   0x200  common.o [1]
  .text               ro code  0x08008ee8   0x162  hal_nvic.o [1]
  .text               ro code  0x0800904a     0x2  startup_stm32f030.o [1]
  .text               ro code  0x0800904c    0x78  stm32f0xx_misc.o [1]
  .rodata             const    0x080090c4    0xf8  apl_debug.o [1]
  .rodata             const    0x080091bc    0xc8  sx1276-LoRa.o [1]
  .text               ro code  0x08009284    0xc4  contiki-main.o [1]
  .text               ro code  0x08009348    0x30  PHY.o [1]
  .text               ro code  0x08009378    0x52  hal_rcc.o [1]
  .text               ro code  0x080093ca     0x2  startup_stm32f030.o [1]
  .text               ro code  0x080093cc    0x80  hal_led.o [1]
  .rodata             const    0x0800944c    0x80  apl_debug.o [1]
  .rodata             const    0x080094cc    0x34  hal_timer.o [1]
  .rodata             const    0x08009500    0x30  APL.o [1]
  .rodata             const    0x08009530    0x30  APL.o [1]
  .rodata             const    0x08009560    0x30  hal_timer.o [1]
  .text               ro code  0x08009590    0x30  copy_init3.o [5]
  .rodata             const    0x080095c0    0x2c  apl_debug.o [1]
  .rodata             const    0x080095ec    0x2c  gpio_per.o [1]
  .text               ro code  0x08009618    0x2a  stm32f0xx_it.o [1]
  .text               ro code  0x08009642     0x2  startup_stm32f030.o [1]
  .rodata             const    0x08009644    0x28  APL.o [1]
  .rodata             const    0x0800966c    0x28  APL.o [1]
  .rodata             const    0x08009694    0x28  apl_debug.o [1]
  .text               ro code  0x080096bc    0x28  data_init.o [5]
  .iar.init_table     const    0x080096e4    0x24  - Linker created -
  .rodata             const    0x08009708    0x1c  apl_debug.o [1]
  .rodata             const    0x08009724    0x1c  apl_debug.o [1]
  .rodata             const    0x08009740    0x1c  apl_debug.o [1]
  .rodata             const    0x0800975c    0x1c  gpio_per.o [1]
  .rodata             const    0x08009778    0x1c  hal_timer.o [1]
  .text               ro code  0x08009794    0x1c  xsnprout.o [3]
  .text               ro code  0x080097b0    0x1a  cmain.o [5]
  .text               ro code  0x080097ca     0x4  low_level_init.o [3]
  .text               ro code  0x080097ce     0x8  exit.o [3]
  .text               ro code  0x080097d6     0x2  startup_stm32f030.o [1]
  .text               ro code  0x080097d8     0xa  cexit.o [5]
  .text               ro code  0x080097e2     0x2  startup_stm32f030.o [1]
  .text               ro code  0x080097e4     0xc  XXexit.o [5]
  .rodata             const    0x080097f0    0x18  APL.o [1]
  .rodata             const    0x08009808    0x18  APL.o [1]
  .rodata             const    0x08009820    0x18  apl_debug.o [1]
  .rodata             const    0x08009838    0x18  apl_debug.o [1]
  .rodata             const    0x08009850    0x18  gpio_per.o [1]
  .rodata             const    0x08009868    0x18  gpio_per.o [1]
  .rodata             const    0x08009880    0x18  gpio_per.o [1]
  .rodata             const    0x08009898    0x18  gpio_per.o [1]
  .rodata             const    0x080098b0    0x18  hal_radio.o [1]
  .rodata             const    0x080098c8    0x18  hal_timer.o [1]
  .rodata             const    0x080098e0    0x18  hal_timer.o [1]
  .rodata             const    0x080098f8    0x18  hal_uart.o [1]
  .rodata             const    0x08009910    0x18  xprintffull_nomb.o [3]
  .rodata             const    0x08009928    0x14  APL.o [1]
  .rodata             const    0x0800993c    0x14  APL.o [1]
  .rodata             const    0x08009950    0x14  APL.o [1]
  .rodata             const    0x08009964    0x14  APL.o [1]
  .rodata             const    0x08009978    0x14  APL.o [1]
  .rodata             const    0x0800998c    0x14  APL.o [1]
  .rodata             const    0x080099a0    0x14  APL.o [1]
  .rodata             const    0x080099b4    0x14  APL.o [1]
  .rodata             const    0x080099c8    0x14  APL.o [1]
  .rodata             const    0x080099dc    0x14  hal_timer.o [1]
  .rodata             const    0x080099f0    0x14  hal_timer.o [1]
  .rodata             const    0x08009a04    0x14  hal_timer.o [1]
  .rodata             const    0x08009a18    0x10  APL.o [1]
  .rodata             const    0x08009a28    0x10  APL.o [1]
  .rodata             const    0x08009a38    0x10  APL.o [1]
  .rodata             const    0x08009a48    0x10  APL.o [1]
  .rodata             const    0x08009a58    0x10  apl_debug.o [1]
  .rodata             const    0x08009a68    0x10  apl_debug.o [1]
  .rodata             const    0x08009a78    0x10  apl_debug.o [1]
  .rodata             const    0x08009a88    0x10  apl_debug.o [1]
  .rodata             const    0x08009a98    0x10  gpio_per.o [1]
  .rodata             const    0x08009aa8    0x10  hal_radio.o [1]
  .rodata             const    0x08009ab8    0x10  hal_radio.o [1]
  .rodata             const    0x08009ac8    0x10  hal_radio.o [1]
  .rodata             const    0x08009ad8    0x10  hal_uart.o [1]
  .text               ro code  0x08009ae8    0x10  startup_stm32f030.o [1]
  .rodata             const    0x08009af8     0xc  APL.o [1]
  .rodata             const    0x08009b04     0xc  apl_debug.o [1]
  .rodata             const    0x08009b10     0xc  apl_debug.o [1]
  .rodata             const    0x08009b1c     0xc  apl_debug.o [1]
  .rodata             const    0x08009b28     0xc  apl_debug.o [1]
  .rodata             const    0x08009b34     0xc  apl_debug.o [1]
  .rodata             const    0x08009b40     0xc  apl_debug.o [1]
  .rodata             const    0x08009b4c     0xc  apl_debug.o [1]
  .rodata             const    0x08009b58     0xc  apl_debug.o [1]
  .rodata             const    0x08009b64     0xc  apl_debug.o [1]
  .rodata             const    0x08009b70     0xc  apl_debug.o [1]
  .rodata             const    0x08009b7c     0xc  apl_debug.o [1]
  .rodata             const    0x08009b88     0xc  apl_debug.o [1]
  .rodata             const    0x08009b94     0xc  contiki-main.o [1]
  .rodata             const    0x08009ba0     0xc  etimer.o [1]
  .rodata             const    0x08009bac     0xc  gpio_per.o [1]
  .rodata             const    0x08009bb8     0xc  hal_radio.o [1]
  .rodata             const    0x08009bc4     0xc  hal_radio.o [1]
  .rodata             const    0x08009bd0     0xc  hal_radio.o [1]
  .rodata             const    0x08009bdc     0xc  hal_radio.o [1]
  .rodata             const    0x08009be8     0xc  hal_radio.o [1]
  .rodata             const    0x08009bf4     0xc  hal_radio.o [1]
  .rodata             const    0x08009c00     0xc  hal_radio.o [1]
  .rodata             const    0x08009c0c     0xc  PHY.o [1]
  .text               ro code  0x08009c18     0xc  cstartup_M.o [5]
  .rodata             const    0x08009c24     0x8  apl_debug.o [1]
  .rodata             const    0x08009c2c     0x8  apl_debug.o [1]
  .rodata             const    0x08009c34     0x8  apl_debug.o [1]
  .rodata             const    0x08009c3c     0x8  apl_debug.o [1]
  .rodata             const    0x08009c44     0x8  apl_debug.o [1]
  .rodata             const    0x08009c4c     0x8  apl_debug.o [1]
  .rodata             const    0x08009c54     0x8  apl_debug.o [1]
  .rodata             const    0x08009c5c     0x8  apl_debug.o [1]
  .rodata             const    0x08009c64     0x8  apl_debug.o [1]
  .rodata             const    0x08009c6c     0x8  apl_debug.o [1]
  .rodata             const    0x08009c74     0x8  apl_debug.o [1]
  .rodata             const    0x08009c7c     0x8  apl_debug.o [1]
  .rodata             const    0x08009c84     0x8  apl_debug.o [1]
  .rodata             const    0x08009c8c     0x8  apl_debug.o [1]
  .rodata             const    0x08009c94     0x8  apl_debug.o [1]
  .rodata             const    0x08009c9c     0x8  apl_debug.o [1]
  .rodata             const    0x08009ca4     0x8  apl_debug.o [1]
  .rodata             const    0x08009cac     0x8  apl_debug.o [1]
  .rodata             const    0x08009cb4     0x8  apl_debug.o [1]
  .rodata             const    0x08009cbc     0x8  hal_led.o [1]
  .rodata             const    0x08009cc4     0x8  hal_uart.o [1]
  .rodata             const    0x08009ccc     0x8  hal_uart.o [1]
  .rodata             const    0x08009cd4     0x8  hal_uart.o [1]
  .rodata             const    0x08009cdc     0x8  hal_uart.o [1]
  .rodata             const    0x08009ce4     0x4  apl_debug.o [1]
  .rodata             const    0x08009ce8     0x4  apl_debug.o [1]
  .rodata             const    0x08009cec     0x4  apl_debug.o [1]
  .rodata             const    0x08009cf0     0x4  apl_debug.o [1]
  .rodata             const    0x08009cf4     0x4  hal_led.o [1]
  .rodata             const    0x08009cf8     0x4  hal_uart.o [1]
  .rodata             const    0x08009cfc     0x4  hal_uart.o [1]
  .text               ro code  0x08009d00     0x2  startup_stm32f030.o [1]
  .text               ro code  0x08009d02     0x2  startup_stm32f030.o [1]
  .text               ro code  0x08009d04     0x2  startup_stm32f030.o [1]
  .rodata             const    0x08009d06     0x0  zero_init3.o [5]
  .rodata             const    0x08009d06     0x0  copy_init3.o [5]
  Initializer bytes   ro data  0x08009d08   0x130  <for P2 s0>
                             - 0x08009e38  0x8d84

Absolute sections:                           0xc0
  .noinit             uninit   0x20000000    0xc0  contiki-main.o [1]
                             - 0x200000c0    0xc0

"P2", part 1 of 3:                          0x130
  P2 s0                        0x200000c0   0x130  <Init block>
    .data             inited   0x200000c0    0x2c  gpio_per.o [1]
    .data             inited   0x200000ec    0x20  sx1276-LoRa.o [1]
    .data             inited   0x2000010c    0x10  APL.o [1]
    .data             inited   0x2000011c    0x10  etimer.o [1]
    .data             inited   0x2000012c    0x10  gpio_per.o [1]
    .data             inited   0x2000013c    0x10  gpio_per.o [1]
    .data             inited   0x2000014c    0x10  hal_radio.o [1]
    .data             inited   0x2000015c    0x10  hal_radio.o [1]
    .data             inited   0x2000016c    0x10  hal_uart.o [1]
    .data             inited   0x2000017c    0x10  stm32f0xx_rcc.o [1]
    .data             inited   0x2000018c    0x10  system_stm32f0xx.o [1]
    .data             inited   0x2000019c     0x8  hal_led.o [1]
    .data             inited   0x200001a4     0x8  hal_radio.o [1]
    .data             inited   0x200001ac     0x8  hal_radio.o [1]
    .data             inited   0x200001b4     0x8  hal_uart.o [1]
    .data             inited   0x200001bc     0x8  hal_uart.o [1]
    .data             inited   0x200001c4     0x8  hal_uart.o [1]
    .data             inited   0x200001cc     0x4  clock.o [1]
    .data             inited   0x200001d0     0x4  hal_radio.o [1]
    .data             inited   0x200001d4     0x4  hal_radio.o [1]
    .data             inited   0x200001d8     0x4  hal_radio.o [1]
    .data             inited   0x200001dc     0x4  hal_radio.o [1]
    .data             inited   0x200001e0     0x4  hal_radio.o [1]
    .data             inited   0x200001e4     0x4  system_stm32f0xx.o [1]
    __DLIB_PERTHREAD  inited   0x200001e8     0x4  errno.o [3]
    .data             inited   0x200001ec     0x1  gpio_per.o [1]
    .data             inited   0x200001ed     0x1  hal_uart.o [1]
    .data             inited   0x200001ee     0x1  hal_uart.o [1]
    .data             inited   0x200001ef     0x1  sx1276-LoRa.o [1]
                             - 0x200001f0   0x130

"P2", part 2 of 3:                          0xfa8
  .bss                zero     0x200001f0   0x4b8  hal_uart.o [1]
  .bss                zero     0x200006a8   0x400  gpio_per.o [1]
  .bss                zero     0x20000aa8   0x180  process.o [1]
  .bss                zero     0x20000c28   0x108  sx1276-LoRa.o [1]
  .bss                zero     0x20000d30   0x100  hal_uart.o [1]
  .bss                zero     0x20000e30    0x98  contiki-main.o [1]
  .bss                zero     0x20000ec8    0x90  APL.o [1]
  .bss                zero     0x20000f58    0x8c  APL.o [1]
  .bss                zero     0x20000fe4    0x70  sx1276-LoRa.o [1]
  .bss                zero     0x20001054    0x64  hal_memory.o [1]
  .bss                zero     0x200010b8    0x10  APL.o [1]
  .bss                zero     0x200010c8    0x10  gpio_per.o [1]
  .bss                zero     0x200010d8    0x10  gpio_per.o [1]
  .bss                zero     0x200010e8    0x10  hal_radio.o [1]
  .bss                zero     0x200010f8    0x10  hal_radio.o [1]
  .bss                zero     0x20001108    0x10  hal_uart.o [1]
  .bss                zero     0x20001118    0x10  hal_uart.o [1]
  .bss                zero     0x20001128     0xc  gpio_per.o [1]
  .bss                zero     0x20001134     0x4  APL.o [1]
  .bss                zero     0x20001138     0x8  sx1276-LoRa.o [1]
  .bss                zero     0x20001140     0x8  sx1276-LoRa.o [1]
  .bss                zero     0x20001148     0x4  clock.o [1]
  .bss                zero     0x2000114c     0x4  clock.o [1]
  .bss                zero     0x20001150     0x4  clock.o [1]
  .bss                zero     0x20001154     0x4  etimer.o [1]
  .bss                zero     0x20001158     0x4  etimer.o [1]
  .bss                zero     0x2000115c     0x4  gpio_per.o [1]
  .bss                zero     0x20001160     0x4  hal_memory.o [1]
  .bss                zero     0x20001164     0x4  hal_timer.o [1]
  .bss                zero     0x20001168     0x4  hal_uart.o [1]
  .bss                zero     0x2000116c     0x4  process.o [1]
  .bss                zero     0x20001170     0x4  process.o [1]
  .bss                zero     0x20001174     0x4  process.o [1]
  .bss                zero     0x20001178     0x4  process.o [1]
  .bss                zero     0x2000117c     0x4  process.o [1]
  .bss                zero     0x20001180     0x4  sx1276-LoRa.o [1]
  .bss                zero     0x20001184     0x4  sx1276-LoRa.o [1]
  .bss                zero     0x20001188     0x2  gpio_per.o [1]
  .bss                zero     0x2000118a     0x1  APL.o [1]
  .bss                zero     0x2000118b     0x1  process.o [1]
  .bss                zero     0x2000118c     0x1  process.o [1]
  .bss                zero     0x2000118d     0x1  process.o [1]
  .bss                zero     0x2000118e     0x1  process.o [1]
  .bss                zero     0x2000118f     0x1  process.o [1]
  .bss                zero     0x20001190     0x1  process.o [1]
  .bss                zero     0x20001191     0x1  sx1276-LoRa.o [1]
  .bss                zero     0x20001192     0x1  sx1276-LoRa.o [1]
                             - 0x20001193   0xfa3

"P2", part 3 of 3:                          0x800
  CSTACK                       0x20001198   0x800  <Block>
    CSTACK            uninit   0x20001198   0x800  <Block tail>
                             - 0x20001998   0x800


*******************************************************************************
*** INIT TABLE
***

          Address     Size
          -------     ----
Zero (__iar_zero_init3)
    1 destination range, total size 0xfa3:
          0x200001f0  0xfa3

Copy (__iar_copy_init3)
    1 source range, total size 0x130:
          0x08009d08  0x130
    1 destination range, total size 0x130:
          0x200000c0  0x130



*******************************************************************************
*** MODULE SUMMARY
***

    Module               ro code  ro data  rw data  rw data
                                                     (abs)
    ------               -------  -------  -------  -------
G:\git_hub_lamp\lamp_slave_git\Debug\Obj: [1]
    APL.o                  1 574      496      321
    PHY.o                     48       12
    apl_debug.o            2 336      968
    clock.o                  152        4       16
    common.o                 278      512
    contiki-main.o           196       12      152      192
    etimer.o                 544       28       24
    gpio_per.o             3 692      275    1 151
    hal_GDflash.o            948
    hal_falsh.o              196
    hal_led.o                128       20        8
    hal_memory.o             434               104
    hal_nvic.o               354
    hal_radio.o            2 636      224      100
    hal_rcc.o                 82
    hal_timer.o              844      236        4
    hal_uart.o             1 632      130    1 542
    os_cpu_a.o                14
    process.o                802               410
    startup_stm32f030.o      232
    stm32f0xx_adc.o          244
    stm32f0xx_dma.o          324
    stm32f0xx_exti.o         196
    stm32f0xx_flash.o        302
    stm32f0xx_gpio.o         360
    stm32f0xx_it.o            42
    stm32f0xx_iwdg.o          16
    stm32f0xx_misc.o         120
    stm32f0xx_pwr.o           48
    stm32f0xx_rcc.o          916       16       16
    stm32f0xx_rtc.o        1 080
    stm32f0xx_spi.o          210
    stm32f0xx_syscfg.o       156
    stm32f0xx_tim.o          528
    stm32f0xx_usart.o        498
    stm32f0xx_wwdg.o          16
    sx1276-LoRa.o          2 148      233      435
    sx1276-LoRaMisc.o      1 024
    system_stm32f0xx.o       524       20       20
    timer.o                   46
    -------------------------------------------------------
    Total:                25 920    3 186    4 303      192

command line: [2]
    -------------------------------------------------------
    Total:

dl6M_tln.a: [3]
    atoi.o                    12
    div.o                     32
    errno.o                   16        4        4
    exit.o                     8
    low_level_init.o           4
    strtol.o                  10
    vsnprint.o                60
    xprintffull_nomb.o     3 734       24
    xsnprout.o                28
    xstol.o                  152
    xstoul.o                 384
    xtls.o                     2
    -------------------------------------------------------
    Total:                 4 442       28        4

m6M_tl.a: [4]
    DblAddSub.o              436
    DblCmpGe.o                50
    DblCmpLe.o                50
    DblDiv.o                 194
    DblMul.o                 388
    DblToI32.o                82
    FltMul.o                 180
    FltToDbl.o                50
    I32ToDbl.o                52
    I32ToFlt.o                30
    sqrt.o                   190
    xdnorm.o                  68
    xdscale.o                284
    -------------------------------------------------------
    Total:                 2 054

rt6M_tl.a: [5]
    ABImemcpy.o               92
    ABImemset.o               52
    I32DivModFast.o          224
    I64DivMod.o              106
    I64DivZer.o                2
    IntDivZer.o                2
    XXexit.o                  12
    cexit.o                   10
    cmain.o                   26
    copy_init3.o              48
    cstartup_M.o              12
    data_init.o               40
    iarEdom.o                 12
    memchr.o                  24
    strchr.o                  20
    strlen.o                  16
    zero_init3.o              42
    -------------------------------------------------------
    Total:                   740

    Linker created                     38    2 048
-----------------------------------------------------------
    Grand Total:          33 156    3 252    6 355      192


*******************************************************************************
*** ENTRY LIST
***

Entry                      Address   Size  Type      Object
-----                      -------   ----  ----      ------
?main                   0x080097b1         Code  Gb  cmain.o [5]
ADC_ChannelConfig       0x08004ad1   0x16  Code  Gb  stm32f0xx_adc.o [1]
ADC_ClearFlag           0x08004b75    0x4  Code  Gb  stm32f0xx_adc.o [1]
ADC_Cmd                 0x08004ab5   0x1c  Code  Gb  stm32f0xx_adc.o [1]
ADC_GetCalibrationFactor
                        0x08004ae7   0x3e  Code  Gb  stm32f0xx_adc.o [1]
ADC_GetConversionValue  0x08004b39    0x6  Code  Gb  stm32f0xx_adc.o [1]
ADC_GetFlagStatus       0x08004b3f   0x2c  Code  Gb  stm32f0xx_adc.o [1]
ADC_Init                0x08004a85   0x30  Code  Gb  stm32f0xx_adc.o [1]
ADC_StartOfConversion   0x08004b2f    0xa  Code  Gb  stm32f0xx_adc.o [1]
ADC_StopOfConversion    0x08004b25    0xa  Code  Gb  stm32f0xx_adc.o [1]
AHBPrescTable           0x2000018c   0x10  Data  Gb  system_stm32f0xx.o [1]
APBAHBPrescTable        0x2000017c   0x10  Data  Lc  stm32f0xx_rcc.o [1]
COM_BAUD                0x08009cc4    0x8  Data  Gb  hal_uart.o [1]
COM_RX_AF               0x0800393a    0x2  Data  Gb  hal_uart.o [1]
COM_RX_PIN              0x08009cfc    0x4  Data  Gb  hal_uart.o [1]
COM_RX_PIN_SOURCE       0x080027c2    0x2  Data  Gb  hal_uart.o [1]
COM_RX_PORT             0x200001c4    0x8  Data  Gb  hal_uart.o [1]
COM_RX_PORT_CLK         0x08009cdc    0x8  Data  Gb  hal_uart.o [1]
COM_TX_AF               0x08003746    0x2  Data  Gb  hal_uart.o [1]
COM_TX_PIN              0x08009cf8    0x4  Data  Gb  hal_uart.o [1]
COM_TX_PIN_SOURCE       0x080027be    0x2  Data  Gb  hal_uart.o [1]
COM_TX_PORT             0x200001bc    0x8  Data  Gb  hal_uart.o [1]
COM_TX_PORT_CLK         0x08009cd4    0x8  Data  Gb  hal_uart.o [1]
COM_USART               0x200001b4    0x8  Data  Gb  hal_uart.o [1]
COM_USART_CLK           0x08009ccc    0x8  Data  Gb  hal_uart.o [1]
CRC16_CCITT_Table       0x08008ce8  0x200  Data  Gb  common.o [1]
CSTACK$$Base            0x20001198          --   Gb  - Linker created -
CSTACK$$Limit           0x20001998          --   Gb  - Linker created -
CmdList                 0x080090c4   0xf8  Data  Lc  apl_debug.o [1]
DMA1_Channel4_5_IRQHandler
                        0x08004451   0xc0  Code  Gb  hal_uart.o [1]
DMA_ClearITPendingBit   0x08006311    0x6  Code  Gb  stm32f0xx_dma.o [1]
DMA_Cmd                 0x080062bf   0x1c  Code  Gb  stm32f0xx_dma.o [1]
DMA_DeInit              0x080061f9   0x84  Code  Gb  stm32f0xx_dma.o [1]
DMA_GetITStatus         0x080062f3   0x1e  Code  Gb  stm32f0xx_dma.o [1]
DMA_ITConfig            0x080062db   0x18  Code  Gb  stm32f0xx_dma.o [1]
DMA_Init                0x0800627d   0x42  Code  Gb  stm32f0xx_dma.o [1]
Delayms                 0x08003679   0x26  Code  Gb  common.o [1]
EXTI0_1_IRQHandler      0x08007819   0xfe  Code  Gb  sx1276-LoRa.o [1]
EXTI4_15_IRQHandler     0x0800791d   0xd4  Code  Gb  sx1276-LoRa.o [1]
EXTI_ClearITPendingBit  0x08004d89    0x6  Code  Gb  stm32f0xx_exti.o [1]
EXTI_GetITStatus        0x08004d6b   0x1e  Code  Gb  stm32f0xx_exti.o [1]
EXTI_Init               0x08004ce1   0x8a  Code  Gb  stm32f0xx_exti.o [1]
FLASH_ClearFlag         0x08003805    0x6  Code  Gb  stm32f0xx_flash.o [1]
FLASH_ErasePage         0x08003761   0x4e  Code  Gb  stm32f0xx_flash.o [1]
FLASH_GetStatus         0x0800380b   0x36  Code  Gb  stm32f0xx_flash.o [1]
FLASH_Init              0x08003877    0xe  Code  Gb  hal_falsh.o [1]
FLASH_ProgramHalfWord   0x080037af   0x42  Code  Gb  stm32f0xx_flash.o [1]
FLASH_Unlock            0x08003749   0x18  Code  Gb  stm32f0xx_flash.o [1]
FLASH_WaitForLastOperation
                        0x08003849   0x2e  Code  Gb  stm32f0xx_flash.o [1]
FLASH_Write_chars       0x0800388d   0xae  Code  Gb  hal_falsh.o [1]
FLASH_Write_update_page
                        0x08007f37   0x20  Code  Gb  APL.o [1]
GDflash_64KByte_erase   0x08008751    0xc  Code  Gb  hal_GDflash.o [1]
GDflash_ReadByte        0x0800845f   0x42  Code  Gb  hal_GDflash.o [1]
GDflash_WriteByte       0x08008423   0x3c  Code  Gb  hal_GDflash.o [1]
GDflash_erase           0x08008605   0x82  Code  Gb  hal_GDflash.o [1]
GDflash_init            0x080084a5    0xe  Code  Gb  hal_GDflash.o [1]
GDflash_page_program    0x08008585   0x80  Code  Gb  hal_GDflash.o [1]
GDflash_read            0x08008687   0x16  Code  Gb  hal_GDflash.o [1]
GDflash_read_datas      0x08008513   0x72  Code  Gb  hal_GDflash.o [1]
GDflash_read_status_reg
                        0x080084e5   0x2e  Code  Gb  hal_GDflash.o [1]
GDflash_write           0x0800869d   0xb4  Code  Gb  hal_GDflash.o [1]
GDflash_write_enable    0x080084b3   0x32  Code  Gb  hal_GDflash.o [1]
GPIO_Init               0x08004b79   0xbe  Code  Gb  stm32f0xx_gpio.o [1]
GPIO_PinAFConfig        0x08004c71   0x70  Code  Gb  stm32f0xx_gpio.o [1]
GPIO_ReadInputDataBit   0x08004c37   0x1e  Code  Gb  stm32f0xx_gpio.o [1]
GPIO_ResetBits          0x08004c5b    0x4  Code  Gb  stm32f0xx_gpio.o [1]
GPIO_SetBits            0x08004c55    0x6  Code  Gb  stm32f0xx_gpio.o [1]
GPIO_WriteBit           0x08004c5f   0x12  Code  Gb  stm32f0xx_gpio.o [1]
GPIO_int_Config         0x08007075   0x3a  Code  Gb  hal_radio.o [1]
GetCRC16                0x08003637   0x36  Code  Gb  common.o [1]
GetStringParameter      0x08005915   0x8e  Code  Gb  apl_debug.o [1]
GetTime                 0x08008aa5    0x8  Code  Gb  hal_timer.o [1]
Getu8Parameter          0x080057fd  0x100  Code  Gb  apl_debug.o [1]
HardFault_Handler       0x0800963b    0x4  Code  Gb  stm32f0xx_it.o [1]
HexCharToInt8u          0x080059ad   0x44  Code  Lc  apl_debug.o [1]
HoppingFrequencies      0x080091bc   0xc8  Data  Gb  sx1276-LoRa.o [1]
IWDG_ReloadCounter      0x080056c9    0x8  Code  Gb  stm32f0xx_iwdg.o [1]
InitHardware            0x08009349   0x20  Code  Gb  PHY.o [1]
InitPhyVariable         0x08009369   0x10  Code  Gb  PHY.o [1]
InitVariable            0x08009285    0x8  Code  Gb  contiki-main.o [1]
LED_CLK                 0x08009cbc    0x8  Data  Gb  hal_led.o [1]
LED_PIN                 0x08009cf4    0x4  Data  Gb  hal_led.o [1]
LED_PORT                0x2000019c    0x8  Data  Gb  hal_led.o [1]
LoRaSettings            0x200000ec   0x20  Data  Gb  sx1276-LoRa.o [1]
MemCpy                  0x0800369f   0x1e  Code  Gb  common.o [1]
MemSet                  0x080036bd   0x16  Code  Gb  common.o [1]
NMI_Handler             0x08009619   0x22  Code  Gb  stm32f0xx_it.o [1]
NVIC_Init               0x0800904d   0x6a  Code  Gb  stm32f0xx_misc.o [1]
NVIC_SetPriority        0x08008ee9   0x8a  Code  Lc  hal_nvic.o [1]
NVIC_SetPriority        0x08008761   0x8a  Code  Lc  hal_timer.o [1]
NVIC_SystemReset        0x08007a75   0x12  Code  Lc  APL.o [1]
OSMemCreate             0x0800605b   0x84  Code  Gb  hal_memory.o [1]
OSMemFreeList           0x20001160    0x4  Data  Gb  hal_memory.o [1]
OSMemGet                0x080060e9   0x3e  Code  Gb  hal_memory.o [1]
OSMemPut                0x08006127   0x36  Code  Gb  hal_memory.o [1]
OSMemQuery              0x0800615d   0x34  Code  Gb  hal_memory.o [1]
OSMemTbl                0x20001054   0x64  Data  Gb  hal_memory.o [1]
OS_CPU_SR_Restore       0x080080a5         Code  Gb  os_cpu_a.o [1]
OS_CPU_SR_Save          0x0800809d         Code  Gb  os_cpu_a.o [1]
OS_MemClr               0x080061a7   0x14  Code  Gb  hal_memory.o [1]
OS_MemCopy              0x08006191   0x16  Code  Gb  hal_memory.o [1]
OS_MemInit              0x08006011   0x4a  Code  Lc  hal_memory.o [1]
PWR_BackupAccessCmd     0x08008aad   0x26  Code  Gb  stm32f0xx_pwr.o [1]
PendSV_Handler          0x08009641    0x2  Code  Gb  stm32f0xx_it.o [1]
RCC_ADCCLKConfig        0x080039b1   0x34  Code  Gb  stm32f0xx_rcc.o [1]
RCC_AHBPeriphClockCmd   0x08003b71   0x20  Code  Gb  stm32f0xx_rcc.o [1]
RCC_APB1PeriphClockCmd  0x08003bb3   0x20  Code  Gb  stm32f0xx_rcc.o [1]
RCC_APB2PeriphClockCmd  0x08003b91   0x20  Code  Gb  stm32f0xx_rcc.o [1]
RCC_ClearITPendingBit   0x08003c91    0x6  Code  Gb  stm32f0xx_rcc.o [1]
RCC_ClockSecuritySystemCmd
                        0x0800396f   0x26  Code  Gb  stm32f0xx_rcc.o [1]
RCC_GetClocksFreq       0x080039ed  0x146  Code  Gb  stm32f0xx_rcc.o [1]
RCC_GetFlagStatus       0x08003c09   0x5c  Code  Gb  stm32f0xx_rcc.o [1]
RCC_GetITStatus         0x08003c71   0x20  Code  Gb  stm32f0xx_rcc.o [1]
RCC_HSEConfig           0x0800393d    0xc  Code  Gb  stm32f0xx_rcc.o [1]
RCC_IRQHandler          0x08009387   0x44  Code  Gb  hal_rcc.o [1]
RCC_ITConfig            0x08003be5   0x20  Code  Gb  stm32f0xx_rcc.o [1]
RCC_PLLCmd              0x08003949   0x26  Code  Gb  stm32f0xx_rcc.o [1]
RCC_RTCCLKCmd           0x08003b45   0x26  Code  Gb  stm32f0xx_rcc.o [1]
RCC_RTCCLKConfig        0x08003b33    0xc  Code  Gb  stm32f0xx_rcc.o [1]
RCC_SYSCLKConfig        0x08003995   0x14  Code  Gb  stm32f0xx_rcc.o [1]
RTC_Bcd2ToByte          0x08005455   0x18  Code  Lc  stm32f0xx_rtc.o [1]
RTC_ByteToBcd2          0x0800543d   0x18  Code  Lc  stm32f0xx_rtc.o [1]
RTC_DateStructInit      0x0800537d   0x12  Code  Gb  stm32f0xx_rtc.o [1]
RTC_EnterInitMode       0x08005095   0x54  Code  Gb  stm32f0xx_rtc.o [1]
RTC_ExitInitMode        0x080050e9    0xe  Code  Gb  stm32f0xx_rtc.o [1]
RTC_GetDate             0x0800538f   0x56  Code  Gb  stm32f0xx_rtc.o [1]
RTC_GetTime             0x08005257   0x56  Code  Gb  stm32f0xx_rtc.o [1]
RTC_Init                0x08005035   0x60  Code  Gb  stm32f0xx_rtc.o [1]
RTC_ReadBackupRegister  0x08005419   0x1e  Code  Gb  stm32f0xx_rtc.o [1]
RTC_SetDate             0x080052b1   0xcc  Code  Gb  stm32f0xx_rtc.o [1]
RTC_SetTime             0x0800516d   0xca  Code  Gb  stm32f0xx_rtc.o [1]
RTC_TimeStructInit      0x08005245   0x12  Code  Gb  stm32f0xx_rtc.o [1]
RTC_WaitForSynchro      0x080050f7   0x6a  Code  Gb  stm32f0xx_rtc.o [1]
RTC_WriteBackupRegister
                        0x080053fd   0x1c  Code  Gb  stm32f0xx_rtc.o [1]
ReadVersion             0x08007f57  0x104  Code  Gb  APL.o [1]
Region$$Table$$Base     0x080096e4          --   Gb  - Linker created -
Region$$Table$$Limit    0x08009708          --   Gb  - Linker created -
Relay_close             0x08005cf7    0xc  Code  Gb  apl_debug.o [1]
Relay_open              0x08005d03    0xc  Code  Gb  apl_debug.o [1]
RxEndProcess            0x08007509   0x20  Code  Gb  sx1276-LoRa.o [1]
RxGain                  0x200001ef    0x1  Data  Lc  sx1276-LoRa.o [1]
RxPacketRssiValue       0x20001138    0x8  Data  Lc  sx1276-LoRa.o [1]
RxPacketSnrEstimate     0x20001191    0x1  Data  Lc  sx1276-LoRa.o [1]
SPI_Cmd                 0x0800811d   0x1c  Code  Gb  stm32f0xx_spi.o [1]
SPI_I2S_GetFlagStatus   0x08008175   0x1a  Code  Gb  stm32f0xx_spi.o [1]
SPI_Init                0x080080bd   0x60  Code  Gb  stm32f0xx_spi.o [1]
SPI_ReceiveData8        0x08008153    0xc  Code  Gb  stm32f0xx_spi.o [1]
SPI_RxFIFOThresholdConfig
                        0x08008139   0x10  Code  Gb  stm32f0xx_spi.o [1]
SPI_SendData8           0x08008149    0xa  Code  Gb  stm32f0xx_spi.o [1]
SVC_Handler             0x0800963f    0x2  Code  Gb  stm32f0xx_it.o [1]
SX1276LR                0x20001180    0x4  Data  Gb  sx1276-LoRa.o [1]
SX1276LoRaGetPacketRssi
                        0x080072a1    0x6  Code  Gb  sx1276-LoRa.o [1]
SX1276LoRaGetPacketSnr  0x08007299    0x8  Code  Gb  sx1276-LoRa.o [1]
SX1276LoRaGetRFState    0x080073cd    0x6  Code  Gb  sx1276-LoRa.o [1]
SX1276LoRaGetWokeUpPreambleLenth
                        0x08007255    0x6  Code  Gb  sx1276-LoRa.o [1]
SX1276LoRaInit          0x080073db   0x92  Code  Gb  sx1276-LoRa.o [1]
SX1276LoRaReadRxGain    0x0800727f   0x1a  Code  Gb  sx1276-LoRa.o [1]
SX1276LoRaSetErrorCoding
                        0x0800656d   0x36  Code  Gb  sx1276-LoRaMisc.o [1]
SX1276LoRaSetImplicitHeaderOn
                        0x08006619   0x34  Code  Gb  sx1276-LoRaMisc.o [1]
SX1276LoRaSetNbTrigPeaks
                        0x0800673f   0x36  Code  Gb  sx1276-LoRaMisc.o [1]
SX1276LoRaSetOpMode     0x0800725b   0x24  Code  Gb  sx1276-LoRa.o [1]
SX1276LoRaSetPAOutput   0x080066bf   0x30  Code  Gb  sx1276-LoRaMisc.o [1]
SX1276LoRaSetPa20dBm    0x0800666d   0x52  Code  Gb  sx1276-LoRaMisc.o [1]
SX1276LoRaSetPacketCrcOn
                        0x080065a9   0x36  Code  Gb  sx1276-LoRaMisc.o [1]
SX1276LoRaSetPayloadLength
                        0x0800664d   0x20  Code  Gb  sx1276-LoRaMisc.o [1]
SX1276LoRaSetPreambleLength
                        0x080065df   0x3a  Code  Gb  sx1276-LoRaMisc.o [1]
SX1276LoRaSetRFFrequency
                        0x08006379   0x48  Code  Gb  sx1276-LoRaMisc.o [1]
SX1276LoRaSetRFPower    0x080063c1  0x10e  Code  Gb  sx1276-LoRaMisc.o [1]
SX1276LoRaSetRFState    0x080073d3    0x6  Code  Gb  sx1276-LoRa.o [1]
SX1276LoRaSetSignalBandwidth
                        0x080064cf   0x36  Code  Gb  sx1276-LoRaMisc.o [1]
SX1276LoRaSetSpreadingFactor
                        0x08006505   0x60  Code  Gb  sx1276-LoRaMisc.o [1]
SX1276LoRaSetSymbTimeout
                        0x080066f9   0x46  Code  Gb  sx1276-LoRaMisc.o [1]
SX1276LoRa_Receive_Packet
                        0x080076c5  0x144  Code  Gb  sx1276-LoRa.o [1]
SX1276LoRa_Send_Packet  0x08007551  0x14a  Code  Gb  sx1276-LoRa.o [1]
SX1276Read              0x08006ef7   0x14  Code  Gb  hal_radio.o [1]
SX1276ReadBuffer        0x08006ea7   0x3e  Code  Gb  hal_radio.o [1]
SX1276ReadFifo          0x08006f1f   0x14  Code  Gb  hal_radio.o [1]
SX1276Regs              0x20000fe4   0x70  Data  Gb  sx1276-LoRa.o [1]
SX1276Reset             0x080071cb   0x34  Code  Gb  sx1276-LoRa.o [1]
SX1276SetReset          0x08006f33   0x26  Code  Gb  hal_radio.o [1]
SX1276Write             0x08006ee5   0x12  Code  Gb  hal_radio.o [1]
SX1276WriteBuffer       0x08006e69   0x3e  Code  Gb  hal_radio.o [1]
SX1276WriteFifo         0x08006f0b   0x14  Code  Gb  hal_radio.o [1]
SX1276_lora_init        0x080071ff   0x56  Code  Gb  sx1276-LoRa.o [1]
SYSCFG_DMAChannelRemapConfig
                        0x08004db9   0x20  Code  Gb  stm32f0xx_syscfg.o [1]
SYSCFG_EXTILineConfig   0x08004dd9   0x60  Code  Gb  stm32f0xx_syscfg.o [1]
SYSCFG_MemoryRemapConfig
                        0x08004da5   0x14  Code  Gb  stm32f0xx_syscfg.o [1]
SetSysClock             0x08008be7   0xbe  Code  Lc  system_stm32f0xx.o [1]
SetTime                 0x08008a21   0x84  Code  Gb  hal_timer.o [1]
SoftReset               0x08008091    0xa  Code  Gb  APL.o [1]
SysTick_Config          0x080087eb   0x32  Code  Lc  hal_timer.o [1]
SysTick_Handler         0x08005631   0x62  Code  Gb  clock.o [1]
SystemCoreClock         0x200001e4    0x4  Data  Gb  system_stm32f0xx.o [1]
SystemCoreClockUpdate   0x08008b4b   0x9c  Code  Gb  system_stm32f0xx.o [1]
SystemInit              0x08008add   0x6e  Code  Gb  system_stm32f0xx.o [1]
TIM14_IRQHandler        0x080029c1   0x3c  Code  Gb  gpio_per.o [1]
TIM_ARRPreloadConfig    0x08003d3b   0x1c  Code  Gb  stm32f0xx_tim.o [1]
TIM_ClearFlag           0x08003ea9    0x8  Code  Gb  stm32f0xx_tim.o [1]
TIM_Cmd                 0x08003d57   0x1c  Code  Gb  stm32f0xx_tim.o [1]
TIM_CtrlPWMOutputs      0x08003d85   0x26  Code  Gb  stm32f0xx_tim.o [1]
TIM_GetITStatus         0x08003eb1   0x30  Code  Gb  stm32f0xx_tim.o [1]
TIM_ITConfig            0x08003e91   0x18  Code  Gb  stm32f0xx_tim.o [1]
TIM_OC1Init             0x08003dab   0x94  Code  Gb  stm32f0xx_tim.o [1]
TIM_OC1PreloadConfig    0x08003e75   0x12  Code  Gb  stm32f0xx_tim.o [1]
TIM_SetCounter          0x08003d37    0x4  Code  Gb  stm32f0xx_tim.o [1]
TIM_TimeBaseInit        0x08003cd1   0x66  Code  Gb  stm32f0xx_tim.o [1]
USART1_IRQHandler       0x080043d1   0x7c  Code  Gb  hal_uart.o [1]
USART_Cmd               0x08004f0f   0x1c  Code  Gb  stm32f0xx_usart.o [1]
USART_DMACmd            0x08004f51   0x18  Code  Gb  stm32f0xx_usart.o [1]
USART_GetFlagStatus     0x08004fad   0x1c  Code  Gb  stm32f0xx_usart.o [1]
USART_GetITStatus       0x08004fc9   0x6a  Code  Gb  stm32f0xx_usart.o [1]
USART_ITConfig          0x08004f69   0x44  Code  Gb  stm32f0xx_usart.o [1]
USART_Init              0x08004e41   0xce  Code  Gb  stm32f0xx_usart.o [1]
USART_ReceiveData       0x08004f39    0x8  Code  Gb  stm32f0xx_usart.o [1]
USART_SendData          0x08004f31    0x8  Code  Gb  stm32f0xx_usart.o [1]
VectorTable             0x20000000   0xc0  Data  Gb  contiki-main.o [1]
WWDG_SetCounter         0x080056d9    0xc  Code  Gb  stm32f0xx_wwdg.o [1]
_GenldFullNoMb          0x08001cb1  0x266  Code  Lc  xprintffull_nomb.o [3]
_LdtobFullNoMb          0x08001819  0x482  Code  Lc  xprintffull_nomb.o [3]
_LitobFullNoMb          0x080016e5  0x12e  Code  Lc  xprintffull_nomb.o [3]
_PrintfFullNoMb         0x080010b5  0x630  Code  Gb  xprintffull_nomb.o [3]
_PutcharsFullNoMb       0x08001f17   0x30  Code  Lc  xprintffull_nomb.o [3]
_SNProut                0x08009795   0x1c  Code  Gb  xsnprout.o [3]
__ICFEDIT_region_RAM_end__ {Abs}
                        0x20001fff          --   Gb  command line/config [2]
__ICFEDIT_region_RAM_start__ {Abs}
                        0x20000000          --   Gb  command line/config [2]
__aeabi_cdcmple         0x08002091         Code  Gb  DblCmpLe.o [4]
__aeabi_cdrcmple        0x080020c3         Code  Gb  DblCmpGe.o [4]
__aeabi_d2iz            0x08002211         Code  Gb  DblToI32.o [4]
__aeabi_d2uiz           0x08002235         Code  Gb  DblToI32.o [4]
__aeabi_dadd            0x080022c1         Code  Gb  DblAddSub.o [4]
__aeabi_ddiv            0x080026d9         Code  Gb  DblDiv.o [4]
__aeabi_dmul            0x08002555         Code  Gb  DblMul.o [4]
__aeabi_dsub            0x08002387         Code  Gb  DblAddSub.o [4]
__aeabi_errno_addr      0x080080ad    0xa  Code  Gb  errno.o [3]
__aeabi_f2d             0x08005541         Code  Gb  FltToDbl.o [4]
__aeabi_fmul            0x0800548b         Code  Gb  FltMul.o [4]
__aeabi_i2d             0x0800228d         Code  Gb  I32ToDbl.o [4]
__aeabi_idiv            0x080024a1         Code  Gb  I32DivModFast.o [5]
__aeabi_idiv0           0x080027c1         Code  Gb  IntDivZer.o [5]
__aeabi_idivmod         0x080024a1         Code  Gb  I32DivModFast.o [5]
__aeabi_ldiv0           0x080027bd         Code  Gb  I64DivZer.o [5]
__aeabi_memclr4         0x08007a59         Code  Gb  ABImemset.o [5]
__aeabi_memclr8         0x08007a59         Code  Gb  ABImemset.o [5]
__aeabi_memcpy          0x08001ff1         Code  Gb  ABImemcpy.o [5]
__aeabi_memcpy4         0x08002019         Code  Gb  ABImemcpy.o [5]
__aeabi_memcpy8         0x08002019         Code  Gb  ABImemcpy.o [5]
__aeabi_ui2d            0x080022a1         Code  Gb  I32ToDbl.o [4]
__aeabi_ui2f            0x0800546d         Code  Gb  I32ToFlt.o [4]
__aeabi_uidiv           0x080024a7         Code  Gb  I32DivModFast.o [5]
__aeabi_uidivmod        0x080024a7         Code  Gb  I32DivModFast.o [5]
__aeabi_uldivmod        0x08001f87         Code  Gb  I64DivMod.o [5]
__cmain                 0x080097b1         Code  Gb  cmain.o [5]
__exit                  0x080097e5         Code  Gb  XXexit.o [5]
__iar_Dnorm             0x0800204d   0x44  Code  Gb  xdnorm.o [4]
__iar_Dscale            0x080020f5  0x11c  Code  Gb  xdscale.o [4]
__iar_Errno             0x200001e8    0x4  Data  Gb  errno.o [3]
__iar_Memchr            0x08001f6f   0x18  Code  Gb  memchr.o [5]
__iar_Memset4_word      0x08007a29         Code  Gb  ABImemset.o [5]
__iar_Stolx             0x08008191   0x98  Code  Gb  xstol.o [3]
__iar_Stoul             0x0800834f    0xa  Code  Gb  xstoul.o [3]
__iar_Stoulx            0x08008229  0x126  Code  Gb  xstoul.o [3]
__iar_Strchr            0x08001f4b   0x14  Code  Gb  strchr.o [5]
__iar_copy_init3        0x08009591   0x30  Code  Gb  copy_init3.o [5]
__iar_d2uiz             0x08002239         Code  Gb  DblToI32.o [4]
__iar_data_init3        0x080096bd   0x28  Code  Gb  data_init.o [5]
__iar_dlib_perthread_access
                        0x0800875d    0x2  Code  Gb  xtls.o [3]
__iar_edom              0x0800636d         Code  Gb  iarEdom.o [5]
__iar_program_start     0x08009c19         Code  Gb  cstartup_M.o [5]
__iar_sqrt              0x08005573         Code  Gb  sqrt.o [4]
__iar_ui2d              0x080022a5         Code  Gb  I32ToDbl.o [4]
__iar_ui2f              0x08005471         Code  Gb  I32ToFlt.o [4]
__iar_zero_init3        0x08002263   0x2a  Code  Gb  zero_init3.o [5]
__low_level_init        0x080097cb    0x4  Code  Gb  low_level_init.o [3]
__vector_table          0x08001000         Data  Gb  startup_stm32f030.o [1]
_call_main              0x080097bd         Code  Gb  cmain.o [5]
_exit                   0x080097d9         Code  Gb  cexit.o [5]
_main                   0x080097c7         Code  Gb  cmain.o [5]
add_timer               0x08004675   0x42  Code  Lc  etimer.o [1]
aplVersion              0x08009af8    0xc  Data  Gb  APL.o [1]
apl_ProcessCmdLine      0x0800571b   0xe2  Code  Gb  apl_debug.o [1]
apl_ProcessDebugCmd     0x080056ef   0x2c  Code  Gb  apl_debug.o [1]
apl_ProcessRadioCmd     0x080067a9  0x48e  Code  Gb  hal_radio.o [1]
apl_update_process      0x2000010c   0x10  Data  Gb  APL.o [1]
atoi                    0x08007a67    0xc  Code  Gb  atoi.o [3]
bordcast_addr           0x200001ac    0x8  Data  Gb  hal_radio.o [1]
cal_power_angle         0x08005c09    0x2  Code  Gb  apl_debug.o [1]
cal_power_gain          0x08005c07    0x2  Code  Gb  apl_debug.o [1]
call_process            0x08004833   0x4a  Code  Lc  process.o [1]
changeHopChannel        0x08005b27   0x1e  Code  Gb  apl_debug.o [1]
change_string_to_arry16
                        0x08005e45   0xaa  Code  Gb  apl_debug.o [1]
check_update_packect_state
                        0x08007eb7   0x2e  Code  Gb  APL.o [1]
check_update_state      0x08007f11   0x26  Code  Gb  APL.o [1]
clear_light_time        0x0800569f   0x12  Code  Gb  clock.o [1]
clock_time              0x08005693    0x6  Code  Gb  clock.o [1]
cmd_broadcast           0x200001d0    0x4  Data  Gb  hal_radio.o [1]
cmd_op_light            0x200001e0    0x4  Data  Gb  hal_radio.o [1]
cmd_read_data           0x200001dc    0x4  Data  Gb  hal_radio.o [1]
cmd_update              0x200001d4    0x4  Data  Gb  hal_radio.o [1]
cmp                     0x08003721   0x26  Code  Gb  common.o [1]
config_8209c_reg        0x08002f51   0x5e  Code  Gb  gpio_per.o [1]
config_GDOx_Map         0x080072a7   0x44  Code  Gb  sx1276-LoRa.o [1]
currentUIP              0x20001128    0xc  Data  Gb  gpio_per.o [1]
current_clock           0x20001148    0x4  Data  Lc  clock.o [1]
current_seconds         0x2000114c    0x4  Data  Lc  clock.o [1]
debug_save              0x08005d7d    0xe  Code  Gb  apl_debug.o [1]
debug_set_pwm           0x08005d0f   0x38  Code  Gb  apl_debug.o [1]
digits                  0x08008358   0x28  Data  Lc  xstoul.o [3]
div                     0x0800279b   0x20  Code  Gb  div.o [3]
do_event                0x080048c9   0xba  Code  Lc  process.o [1]
do_poll                 0x08004899   0x30  Code  Lc  process.o [1]
drop_down_timer_init    0x080027fd   0x46  Code  Gb  gpio_per.o [1]
etimer_next_expiration_time
                        0x080046e1   0x14  Code  Gb  etimer.o [1]
etimer_pending          0x080046cd   0x14  Code  Gb  etimer.o [1]
etimer_process          0x2000011c   0x10  Data  Gb  etimer.o [1]
etimer_remodify         0x0800474d   0x14  Code  Gb  etimer.o [1]
etimer_request_poll     0x0800466b    0xa  Code  Gb  etimer.o [1]
etimer_set              0x080046b7   0x16  Code  Gb  etimer.o [1]
etimer_stop             0x080046f5   0x46  Code  Gb  etimer.o [1]
events                  0x20000aa8  0x180  Data  Lc  process.o [1]
exit                    0x080097cf    0x8  Code  Gb  exit.o [3]
exit_process            0x0800479b   0x98  Code  Lc  process.o [1]
fevent                  0x2000118d    0x1  Data  Lc  process.o [1]
find_free_addr          0x08003097   0x2a  Code  Gb  gpio_per.o [1]
find_old_data           0x08003127   0xae  Code  Gb  gpio_per.o [1]
find_string16_len       0x08005de5   0x60  Code  Gb  apl_debug.o [1]
flash_ok                0x200001ec    0x1  Data  Lc  gpio_per.o [1]
format_elc_data         0x080032c1   0xb6  Code  Gb  gpio_per.o [1]
g_DebugRxBuffer         0x20000d30  0x100  Data  Gb  hal_uart.o [1]
g_DebugRxFlag           0x20001168    0x4  Data  Gb  hal_uart.o [1]
g_DebugRx_state         0x200001ee    0x1  Data  Gb  hal_uart.o [1]
g_DebugTx_state         0x200001ed    0x1  Data  Gb  hal_uart.o [1]
g_GDOx_map_conf         0x20001140    0x8  Data  Gb  sx1276-LoRa.o [1]
g_Print                 0x200001f0  0x4b8  Data  Gb  hal_uart.o [1]
g_RF_LoRa               0x20000c28  0x108  Data  Gb  sx1276-LoRa.o [1]
g_SystickCounter        0x20001164    0x4  Data  Gb  hal_timer.o [1]
g_cal_Buf               0x200006a8  0x400  Data  Gb  gpio_per.o [1]
g_hopChannel            0x20001192    0x1  Data  Gb  sx1276-LoRa.o [1]
g_wokeUpPreambleLength  0x20001184    0x4  Data  Lc  sx1276-LoRa.o [1]
getPacketSnr            0x080072f5   0x48  Code  Gb  sx1276-LoRa.o [1]
getSum                  0x08003703   0x1e  Code  Gb  common.o [1]
get_RxPacketRssi        0x08007341   0x86  Code  Gb  sx1276-LoRa.o [1]
get_light_time          0x080035c7   0x2e  Code  Gb  gpio_per.o [1]
get_packet_info         0x08007a87   0x44  Code  Gb  APL.o [1]
get_reg                 0x08005a0d   0x32  Code  Gb  apl_debug.o [1]
gpio_per_init           0x080027e9   0x14  Code  Gb  gpio_per.o [1]
hal_ADC_Init            0x08002a09   0x84  Code  Gb  gpio_per.o [1]
hal_DebugDMATx          0x08004355   0x68  Code  Gb  hal_uart.o [1]
hal_GetCurrentTime      0x0800899d   0x3c  Code  Gb  hal_timer.o [1]
hal_GetSystickCounter   0x080056e9    0x6  Code  Lc  apl_debug.o [1]
hal_GetSystickCounter   0x08003631    0x6  Code  Lc  common.o [1]
hal_GetSystickCounter   0x08003ee1    0x6  Code  Lc  hal_uart.o [1]
hal_GetSystickCounter   0x080071c5    0x6  Code  Lc  sx1276-LoRa.o [1]
hal_InitCOM             0x0800400d  0x172  Code  Gb  hal_uart.o [1]
hal_InitLED             0x080093e5   0x5c  Code  Gb  hal_led.o [1]
hal_InitMemoryVariable  0x08006009    0x8  Code  Gb  hal_memory.o [1]
hal_InitNVIC            0x08008f7d   0xce  Code  Gb  hal_nvic.o [1]
hal_InitPrintVariable   0x08003f99   0x4e  Code  Gb  hal_uart.o [1]
hal_InitRCC             0x08009379    0xe  Code  Gb  hal_rcc.o [1]
hal_InitRF              0x08007185   0x24  Code  Gb  hal_radio.o [1]
hal_InitRTC             0x0800884b   0x78  Code  Gb  hal_timer.o [1]
hal_InitSystickTimer    0x08008831   0x1a  Code  Gb  hal_timer.o [1]
hal_InitTIMER           0x08008825    0xc  Code  Gb  hal_timer.o [1]
hal_InitTimerVariable   0x0800881d    0x8  Code  Gb  hal_timer.o [1]
hal_InitUART            0x08003ffd   0x10  Code  Gb  hal_uart.o [1]
hal_InitUartVariable    0x08003f91    0x8  Code  Gb  hal_uart.o [1]
hal_Init_Flash          0x08003885    0x8  Code  Gb  hal_falsh.o [1]
hal_Init_RF_pins        0x08006f9b   0xd4  Code  Gb  hal_radio.o [1]
hal_Init_gdflash_pins   0x080083a9   0x7a  Code  Gb  hal_GDflash.o [1]
hal_LightLED            0x080093cd   0x18  Code  Lc  hal_led.o [1]
hal_PacketRF_TxData     0x0800746f   0x18  Code  Gb  sx1276-LoRa.o [1]
hal_RF_process          0x2000014c   0x10  Data  Gb  hal_radio.o [1]
hal_RF_reset            0x2000015c   0x10  Data  Gb  hal_radio.o [1]
hal_SetCurrentTime      0x080088c3   0xda  Code  Gb  hal_timer.o [1]
hal_ToggleLED           0x08006779   0x26  Code  Lc  hal_radio.o [1]
hal_init_PWM            0x08002b25  0x108  Code  Gb  gpio_per.o [1]
hal_sRF_ITConfig        0x08006f79   0x22  Code  Gb  hal_radio.o [1]
hal_sRF_InitSPI         0x08007139    0xc  Code  Gb  hal_radio.o [1]
hal_sRF_SPI_Config      0x080070b9   0x7a  Code  Gb  hal_radio.o [1]
hal_urat_process        0x2000016c   0x10  Data  Gb  hal_uart.o [1]
init_8209c_params       0x080031d5   0xec  Code  Gb  gpio_per.o [1]
init_update             0x08007e21   0x5a  Code  Gb  APL.o [1]
init_zero_detect        0x08002ac5   0x60  Code  Gb  gpio_per.o [1]
lastevent               0x2000118b    0x1  Data  Lc  process.o [1]
light_time              0x20001150    0x4  Data  Lc  clock.o [1]
local_addr              0x200001a4    0x8  Data  Gb  hal_radio.o [1]
main                    0x0800928d   0x98  Code  Gb  contiki-main.o [1]
ndigs                   0x08008380   0x28  Data  Lc  xstoul.o [3]
nevents                 0x2000118c    0x1  Data  Lc  process.o [1]
next_expiration         0x20001158    0x4  Data  Lc  etimer.o [1]
period_save_data_process
                        0x2000012c   0x10  Data  Gb  gpio_per.o [1]
phyVersion              0x08009c0c    0xc  Data  Gb  PHY.o [1]
poll_requested          0x2000118e    0x1  Data  Lc  process.o [1]
power_down_protect      0x080033a7   0x34  Code  Gb  gpio_per.o [1]
printf                  0x0800419d  0x19e  Code  Gb  hal_uart.o [1]
printf_params           0x08007d15   0x52  Code  Gb  APL.o [1]
proceess_packet         0x08007c11   0x82  Code  Gb  APL.o [1]
process_current         0x20001170    0x4  Data  Gb  process.o [1]
process_init            0x0800487d   0x1c  Code  Gb  process.o [1]
process_is_running      0x08004a71   0x12  Code  Gb  process.o [1]
process_list            0x2000116c    0x4  Data  Gb  process.o [1]
process_poll            0x08004a29   0x1e  Code  Gb  process.o [1]
process_post            0x080049a1   0x60  Code  Gb  process.o [1]
process_post_synch      0x08004a05   0x1e  Code  Gb  process.o [1]
process_run             0x08004983   0x1e  Code  Gb  process.o [1]
process_start           0x08004761   0x3a  Code  Gb  process.o [1]
process_thread_apl_update_process
                        0x08007acb  0x146  Code  Lc  APL.o [1]
process_thread_etimer_process
                        0x08004591   0xda  Code  Lc  etimer.o [1]
process_thread_hal_RF_process
                        0x08006c55  0x106  Code  Lc  hal_radio.o [1]
process_thread_hal_RF_reset
                        0x08006d8d   0x96  Code  Lc  hal_radio.o [1]
process_thread_hal_urat_process
                        0x08003ee7   0xaa  Code  Lc  hal_uart.o [1]
process_thread_period_save_data_process
                        0x08002843   0x98  Code  Lc  gpio_per.o [1]
process_thread_start_time_detect_process
                        0x080028db   0xe6  Code  Lc  gpio_per.o [1]
radio_reset             0x08005b1f    0x8  Code  Gb  apl_debug.o [1]
read_8209c_energyP      0x080034b9   0x5e  Code  Gb  gpio_per.o [1]
read_8209c_reg          0x08005b45   0x54  Code  Gb  apl_debug.o [1]
read_8209c_regs         0x08002faf   0xbe  Code  Gb  gpio_per.o [1]
read_LED_state          0x080035f5   0x12  Code  Gb  gpio_per.o [1]
read_PWM_volt           0x08002c63   0x56  Code  Gb  gpio_per.o [1]
read_UIP                0x080033e9   0xc8  Code  Gb  gpio_per.o [1]
read_adc                0x08005da5   0x14  Code  Gb  apl_debug.o [1]
read_addr               0x08007145   0x3c  Code  Gb  hal_radio.o [1]
read_energy             0x08005d47   0x1e  Code  Gb  apl_debug.o [1]
read_factor             0x08005d65   0x14  Code  Gb  apl_debug.o [1]
read_light_time         0x08005699    0x6  Code  Gb  clock.o [1]
read_local_addr         0x08005f99   0x28  Code  Gb  apl_debug.o [1]
read_param_all          0x08005c59   0x50  Code  Gb  apl_debug.o [1]
read_pow_factor         0x0800351d   0xaa  Code  Gb  gpio_per.o [1]
read_reg_all            0x08005a93   0x6c  Code  Gb  apl_debug.o [1]
read_u_i_p              0x08005d8b   0x1a  Code  Gb  apl_debug.o [1]
read_update_flash       0x08007c93   0x2a  Code  Gb  APL.o [1]
read_version            0x200001d8    0x4  Data  Gb  hal_radio.o [1]
receiveRxData           0x0800748d   0x7c  Code  Gb  sx1276-LoRa.o [1]
receive_packet          0x08005b15    0xa  Code  Gb  apl_debug.o [1]
relay_gpio_init         0x08002cc1   0x72  Code  Gb  gpio_per.o [1]
reset_8029c             0x08005ca9   0x4e  Code  Gb  apl_debug.o [1]
reset_update_params     0x08007d67   0x14  Code  Gb  APL.o [1]
rn8209c_checkSum        0x0800306d   0x2a  Code  Gb  gpio_per.o [1]
rn8209c_init            0x08002ef1    0xc  Code  Gb  gpio_per.o [1]
rn8209c_papameter       0x200000c0   0x2c  Data  Gb  gpio_per.o [1]
rn8209c_read            0x08002e1d   0x7a  Code  Gb  gpio_per.o [1]
rn8209c_reset           0x08002e97   0x30  Code  Gb  gpio_per.o [1]
rn8209c_write           0x08002d9d   0x7c  Code  Gb  gpio_per.o [1]
rn8209c_write_byte      0x08002d3d   0x5c  Code  Gb  gpio_per.o [1]
save_8209c_params       0x080030c1    0xa  Code  Gb  gpio_per.o [1]
save_elc_datas          0x08003377   0x30  Code  Gb  gpio_per.o [1]
second_countdown        0x200001cc    0x4  Data  Lc  clock.o [1]
select_length           0x08002efd   0x54  Code  Gb  gpio_per.o [1]
send_packet             0x08005aff   0x16  Code  Gb  apl_debug.o [1]
set_8209c_Kx            0x08005c0b   0x4a  Code  Gb  apl_debug.o [1]
set_8209c_Reg           0x08005b99   0x6e  Code  Gb  apl_debug.o [1]
set_8209c_params        0x080030cb   0x5c  Code  Gb  gpio_per.o [1]
set_PWM                 0x08002c35   0x2e  Code  Gb  gpio_per.o [1]
set_local_addr          0x08005eef   0xa6  Code  Gb  apl_debug.o [1]
set_power               0x080059f1   0x1c  Code  Gb  apl_debug.o [1]
set_reg                 0x08005a45   0x4e  Code  Gb  apl_debug.o [1]
set_update_packetState  0x08007e81   0x36  Code  Gb  APL.o [1]
spiReadWriteByte        0x08006e2d   0x2e  Code  Gb  hal_radio.o [1]
sqrt                    0x08005573         Code  Gb  sqrt.o [4]
sqrtl                   0x08005573         Code  Gb  sqrt.o [4]
st_update               0x20000f58   0x8c  Data  Gb  APL.o [1]
start_time_detect_process
                        0x2000013c   0x10  Data  Gb  gpio_per.o [1]
strlen                  0x08001f5f   0x10  Code  Gb  strlen.o [5]
strtol                  0x08007a5d    0xa  Code  Gb  strtol.o [3]
tedtbuf                 0x20000e30   0x98  Data  Gb  contiki-main.o [1]
timer_RFreset           0x200010f8   0x10  Data  Gb  hal_radio.o [1]
timer_debug_uart_rx     0x20001118   0x10  Data  Gb  hal_uart.o [1]
timer_debug_uart_tx     0x20001108   0x10  Data  Gb  hal_uart.o [1]
timer_expired           0x0800634d   0x1e  Code  Gb  timer.o [1]
timer_rf                0x200010e8   0x10  Data  Gb  hal_radio.o [1]
timer_set               0x0800633d   0x10  Code  Gb  timer.o [1]
timerlist               0x20001154    0x4  Data  Lc  etimer.o [1]
update_software_check   0x08007d95   0x80  Code  Gb  APL.o [1]
update_time             0x08004541   0x50  Code  Lc  etimer.o [1]
vsnprintf               0x080061bd   0x3c  Code  Gb  vsnprint.o [3]
w_memcpy                0x080036d3   0x1a  Code  Gb  common.o [1]
w_memset                0x080036ed   0x16  Code  Gb  common.o [1]
write_cal_flash         0x080027c5   0x24  Code  Gb  gpio_per.o [1]
write_finish            0x08005fc1    0xe  Code  Gb  apl_debug.o [1]
write_finish_debug      0x08007ce3   0x2e  Code  Gb  APL.o [1]
write_update_flash      0x08007cbd   0x26  Code  Gb  APL.o [1]


[1] = G:\git_hub_lamp\lamp_slave_git\Debug\Obj
[2] = command line
[3] = dl6M_tln.a
[4] = m6M_tl.a
[5] = rt6M_tl.a

  33 156 bytes of readonly  code memory
   3 252 bytes of readonly  data memory
   6 355 bytes of readwrite data memory (+ 192 absolute)

Errors: none
Warnings: none
