###############################################################################
#
# IAR ELF Linker V7.10.3.6832/W32 for ARM                 11/Dec/2015  17:53:24
# Copyright 2007-2014 IAR Systems AB.
#
#    Output file  =  E:\svnProject\street_lamp_new\Debug\Exe\SlaverNode.out
#    Map file     =  E:\svnProject\street_lamp_new\Debug\List\SlaverNode.map
#    Command line =  
#        E:\svnProject\street_lamp_new\Debug\Obj\APL.o
#        E:\svnProject\street_lamp_new\Debug\Obj\apl_debug.o
#        E:\svnProject\street_lamp_new\Debug\Obj\autostart.o
#        E:\svnProject\street_lamp_new\Debug\Obj\checkpoint.o
#        E:\svnProject\street_lamp_new\Debug\Obj\clock.o
#        E:\svnProject\street_lamp_new\Debug\Obj\common.o
#        E:\svnProject\street_lamp_new\Debug\Obj\compower.o
#        E:\svnProject\street_lamp_new\Debug\Obj\contiki-main.o
#        E:\svnProject\street_lamp_new\Debug\Obj\crc16.o
#        E:\svnProject\street_lamp_new\Debug\Obj\ctimer.o
#        E:\svnProject\street_lamp_new\Debug\Obj\elfloader.o
#        E:\svnProject\street_lamp_new\Debug\Obj\energest.o
#        E:\svnProject\street_lamp_new\Debug\Obj\etimer.o
#        E:\svnProject\street_lamp_new\Debug\Obj\gpio_per.o
#        E:\svnProject\street_lamp_new\Debug\Obj\hal_falsh.o
#        E:\svnProject\street_lamp_new\Debug\Obj\hal_GDflash.o
#        E:\svnProject\street_lamp_new\Debug\Obj\hal_led.o
#        E:\svnProject\street_lamp_new\Debug\Obj\hal_memory.o
#        E:\svnProject\street_lamp_new\Debug\Obj\hal_nvic.o
#        E:\svnProject\street_lamp_new\Debug\Obj\hal_radio.o
#        E:\svnProject\street_lamp_new\Debug\Obj\hal_rcc.o
#        E:\svnProject\street_lamp_new\Debug\Obj\hal_timer.o
#        E:\svnProject\street_lamp_new\Debug\Obj\hal_uart.o
#        E:\svnProject\street_lamp_new\Debug\Obj\hal_wdg.o
#        E:\svnProject\street_lamp_new\Debug\Obj\ifft.o
#        E:\svnProject\street_lamp_new\Debug\Obj\list.o
#        E:\svnProject\street_lamp_new\Debug\Obj\memb.o
#        E:\svnProject\street_lamp_new\Debug\Obj\mmem.o
#        E:\svnProject\street_lamp_new\Debug\Obj\os_cpu_a.o
#        E:\svnProject\street_lamp_new\Debug\Obj\PHY.o
#        E:\svnProject\street_lamp_new\Debug\Obj\print-stats.o
#        E:\svnProject\street_lamp_new\Debug\Obj\process.o
#        E:\svnProject\street_lamp_new\Debug\Obj\procinit.o
#        E:\svnProject\street_lamp_new\Debug\Obj\profile.o
#        E:\svnProject\street_lamp_new\Debug\Obj\random.o
#        E:\svnProject\street_lamp_new\Debug\Obj\ringbuf.o
#        E:\svnProject\street_lamp_new\Debug\Obj\rtimer.o
#        E:\svnProject\street_lamp_new\Debug\Obj\settings.o
#        E:\svnProject\street_lamp_new\Debug\Obj\startup_stm32f030.o
#        E:\svnProject\street_lamp_new\Debug\Obj\stimer.o
#        E:\svnProject\street_lamp_new\Debug\Obj\stm32f0xx_adc.o
#        E:\svnProject\street_lamp_new\Debug\Obj\stm32f0xx_cec.o
#        E:\svnProject\street_lamp_new\Debug\Obj\stm32f0xx_comp.o
#        E:\svnProject\street_lamp_new\Debug\Obj\stm32f0xx_crc.o
#        E:\svnProject\street_lamp_new\Debug\Obj\stm32f0xx_dac.o
#        E:\svnProject\street_lamp_new\Debug\Obj\stm32f0xx_dbgmcu.o
#        E:\svnProject\street_lamp_new\Debug\Obj\stm32f0xx_dma.o
#        E:\svnProject\street_lamp_new\Debug\Obj\stm32f0xx_exti.o
#        E:\svnProject\street_lamp_new\Debug\Obj\stm32f0xx_flash.o
#        E:\svnProject\street_lamp_new\Debug\Obj\stm32f0xx_gpio.o
#        E:\svnProject\street_lamp_new\Debug\Obj\stm32f0xx_i2c.o
#        E:\svnProject\street_lamp_new\Debug\Obj\stm32f0xx_it.o
#        E:\svnProject\street_lamp_new\Debug\Obj\stm32f0xx_iwdg.o
#        E:\svnProject\street_lamp_new\Debug\Obj\stm32f0xx_misc.o
#        E:\svnProject\street_lamp_new\Debug\Obj\stm32f0xx_pwr.o
#        E:\svnProject\street_lamp_new\Debug\Obj\stm32f0xx_rcc.o
#        E:\svnProject\street_lamp_new\Debug\Obj\stm32f0xx_rtc.o
#        E:\svnProject\street_lamp_new\Debug\Obj\stm32f0xx_spi.o
#        E:\svnProject\street_lamp_new\Debug\Obj\stm32f0xx_syscfg.o
#        E:\svnProject\street_lamp_new\Debug\Obj\stm32f0xx_tim.o
#        E:\svnProject\street_lamp_new\Debug\Obj\stm32f0xx_usart.o
#        E:\svnProject\street_lamp_new\Debug\Obj\stm32f0xx_wwdg.o
#        E:\svnProject\street_lamp_new\Debug\Obj\sx1276-Fsk.o
#        E:\svnProject\street_lamp_new\Debug\Obj\sx1276-FskMisc.o
#        E:\svnProject\street_lamp_new\Debug\Obj\sx1276-LoRa.o
#        E:\svnProject\street_lamp_new\Debug\Obj\sx1276-LoRaMisc.o
#        E:\svnProject\street_lamp_new\Debug\Obj\system_stm32f0xx.o
#        E:\svnProject\street_lamp_new\Debug\Obj\timer.o
#        E:\svnProject\street_lamp_new\Debug\Obj\timetable-aggregate.o
#        E:\svnProject\street_lamp_new\Debug\Obj\trickle-timer.o -o
#        E:\svnProject\street_lamp_new\Debug\Exe\SlaverNode.out --map
#        E:\svnProject\street_lamp_new\Debug\List\SlaverNode.map --config
#        E:\svnProject\street_lamp_new\SlaverNode.icf --entry
#        __iar_program_start --vfe
#
###############################################################################

*******************************************************************************
*** RUNTIME MODEL ATTRIBUTES
***

CppFlavor       = *
__SystemLibrary = DLib


*******************************************************************************
*** PLACEMENT SUMMARY
***

"A1":  place at 0x08001000 { ro section .intvec };
"P1":  place in [from 0x08001000 to 0x0800ffff] { ro };
"P2":  place in [from 0x20000000 to 0x20001fff] { rw, block CSTACK, block HEAP };

  Section             Kind        Address    Size  Object
  -------             ----        -------    ----  ------
"A1":                                        0xb4
  .intvec             ro code  0x08001000    0xb4  startup_stm32f030.o [1]
                             - 0x080010b4    0xb4

"P1":                                      0xb4cc
  .text               ro code  0x080010b4  0x1098  gpio_per.o [1]
  .text               ro code  0x0800214c    0xc8  common.o [1]
  .text               ro code  0x08002214     0x8  gpio_per.o [1]
  .text               ro code  0x0800221c    0x34  ABImemset.o [5]
  .text               ro code  0x08002250    0x10  strlen.o [5]
  .text               ro code  0x08002260     0xc  atoi.o [3]
  .text               ro code  0x0800226c     0xc  atof.o [4]
  .text               ro code  0x08002278    0x62  DblToFlt.o [4]
  .text               ro code  0x080022da    0x2a  zero_init3.o [5]
  .text               ro code  0x08002304   0x368  stm32f0xx_rcc.o [1]
  .text               ro code  0x0800266c   0x208  stm32f0xx_tim.o [1]
  .text               ro code  0x08002874   0x920  hal_uart.o [1]
  .text               ro code  0x08003194   0x200  etimer.o [1]
  .text               ro code  0x08003394    0xe0  I32DivModFast.o [5]
  .text               ro code  0x08003474   0x124  stm32f0xx_flash.o [1]
  .text               ro code  0x08003598    0xbc  hal_falsh.o [1]
  .text               ro code  0x08003654   0x2fe  process.o [1]
  .text               ro code  0x08003952     0xa  xsprout.o [3]
  .text               ro code  0x0800395c    0xec  stm32f0xx_adc.o [1]
  .text               ro code  0x08003a48   0x142  stm32f0xx_gpio.o [1]
  .rodata             const    0x08003b8a     0x2  gpio_per.o [1]
  .text               ro code  0x08003b8c    0xc0  stm32f0xx_exti.o [1]
  .text               ro code  0x08003c4c    0x9c  stm32f0xx_syscfg.o [1]
  .text               ro code  0x08003ce8    0x34  I32ToDbl.o [4]
  .text               ro code  0x08003d1c   0x184  DblMul.o [4]
  .text               ro code  0x08003ea0    0xc2  DblDiv.o [4]
  .rodata             const    0x08003f62     0x2  hal_uart.o [1]
  .text               ro code  0x08003f64    0x52  DblToI32.o [4]
  .rodata             const    0x08003fb6     0x2  hal_uart.o [1]
  .text               ro code  0x08003fb8   0x1d4  stm32f0xx_usart.o [1]
  .text               ro code  0x0800418c    0x32  FltToDbl.o [4]
  .rodata             const    0x080041be     0x2  hal_uart.o [1]
  .text               ro code  0x080041c0    0x38  sprintf.o [3]
  .text               ro code  0x080041f8   0x726  APL.o [1]
  .rodata             const    0x0800491e     0x2  hal_uart.o [1]
  .text               ro code  0x08004920   0x3f8  stm32f0xx_rtc.o [1]
  .text               ro code  0x08004d18    0x1e  I32ToFlt.o [4]
  .text               ro code  0x08004d36    0xb4  FltMul.o [4]
  .text               ro code  0x08004dea    0xbe  sqrt.o [4]
  .text               ro code  0x08004ea8    0x98  clock.o [1]
  .text               ro code  0x08004f40    0x10  stm32f0xx_iwdg.o [1]
  .text               ro code  0x08004f50    0x10  stm32f0xx_wwdg.o [1]
  .text               ro code  0x08004f60    0x38  strstr.o [3]
  .text               ro code  0x08004f98   0x180  xstoul.o [3]
  .text               ro code  0x08005118   0x14a  xstod.o [4]
  .text               ro code  0x08005262     0x2  startup_stm32f030.o [1]
  .text               ro code  0x08005264   0xb70  apl_debug.o [1]
  .text               ro code  0x08005dd4   0x190  hal_memory.o [1]
  .text               ro code  0x08005f64    0x3c  vsnprint.o [3]
  .text               ro code  0x08005fa0   0x140  stm32f0xx_dma.o [1]
  .text               ro code  0x080060e0    0x2c  timer.o [1]
  .text               ro code  0x0800610c     0x2  IntDivZer.o [5]
  .text               ro code  0x0800610e     0x2  startup_stm32f030.o [1]
  .text               ro code  0x08006110   0xe96  xprintffull_nomb.o [3]
  .text               ro code  0x08006fa6     0x2  startup_stm32f030.o [1]
  .text               ro code  0x08006fa8   0x38e  hal_GDflash.o [1]
  .text               ro code  0x08007336     0x2  startup_stm32f030.o [1]
  .text               ro code  0x08007338     0xc  iarEdom.o [5]
  .text               ro code  0x08007344    0x18  memchr.o [5]
  .text               ro code  0x0800735c    0x10  errno.o [3]
  .text               ro code  0x0800736c   0x12c  xstopfx.o [3]
  .text               ro code  0x08007498   0x1cc  xstoflt.o [3]
  .text               ro code  0x08007664   0x1b4  DblAddSub.o [4]
  .rodata             const    0x08007818    0x4c  APL.o [1]
  .text               ro code  0x08007868   0x208  xdtento.o [4]
  .text               ro code  0x08007a70   0x220  xstoxflt.o [3]
  .text               ro code  0x08007c90   0x11c  xdscale.o [4]
  .text               ro code  0x08007dac   0x41c  sx1276-LoRaMisc.o [1]
  .text               ro code  0x080081c8   0x4e8  hal_radio.o [1]
  .text               ro code  0x080086b0   0x67c  sx1276-Fsk.o [1]
  .text               ro code  0x08008d2c     0xa  strtol.o [3]
  .text               ro code  0x08008d36   0x116  FltAddSub.o [4]
  .text               ro code  0x08008e4c    0xaa  FltDiv.o [4]
  .text               ro code  0x08008ef6     0x2  startup_stm32f030.o [1]
  .text               ro code  0x08008ef8    0x20  FltCmpEq.o [4]
  .text               ro code  0x08008f18    0x3a  FltToS32.o [4]
  .text               ro code  0x08008f52     0x2  startup_stm32f030.o [1]
  .text               ro code  0x08008f54    0xf0  asin.o [4]
  .text               ro code  0x08009044    0x28  FltCmpGe.o [4]
  CODE                ro code  0x0800906c     0xe  os_cpu_a.o [1]
  .text               ro code  0x0800907a    0x14  strchr.o [5]
  .text               ro code  0x0800908e    0x6a  I64DivMod.o [5]
  .text               ro code  0x080090f8    0x5c  ABImemcpy.o [5]
  .text               ro code  0x08009154    0x44  xdnorm.o [4]
  .text               ro code  0x08009198    0x32  DblCmpLe.o [4]
  .text               ro code  0x080091ca    0x32  DblCmpGe.o [4]
  .text               ro code  0x080091fc    0x20  div.o [3]
  .text               ro code  0x0800921c     0x2  xtls.o [3]
  .text               ro code  0x0800921e    0x24  DblCmpEq.o [4]
  .text               ro code  0x08009242     0x2  startup_stm32f030.o [1]
  .text               ro code  0x08009244    0x68  xdunscal.o [4]
  .text               ro code  0x080092ac    0xc6  stm32f0xx_spi.o [1]
  .text               ro code  0x08009372     0x2  startup_stm32f030.o [1]
  .text               ro code  0x08009374   0x458  sx1276-LoRa.o [1]
  .text               ro code  0x080097cc   0x534  sx1276-FskMisc.o [1]
  .text               ro code  0x08009d00    0x98  xstol.o [3]
  .text               ro code  0x08009d98   0x1e0  xatan.o [4]
  .text               ro code  0x08009f78     0x2  I64DivZer.o [5]
  .text               ro code  0x08009f7a    0x1c  xsnprout.o [3]
  .text               ro code  0x08009f96     0x2  startup_stm32f030.o [1]
  .text               ro code  0x08009f98   0x890  pow.o [4]
  .text               ro code  0x0800a828    0x58  ceil.o [4]
  .text               ro code  0x0800a880    0x8c  xdint.o [4]
  .text               ro code  0x0800a90c    0xa4  xlog.o [4]
  .text               ro code  0x0800a9b0   0x2b4  xexp.o [4]
  .text               ro code  0x0800ac64    0x3c  xdtest.o [4]
  .text               ro code  0x0800aca0   0x344  hal_timer.o [1]
  .text               ro code  0x0800afe4    0x30  stm32f0xx_pwr.o [1]
  .rodata             const    0x0800b014   0x200  common.o [1]
  .text               ro code  0x0800b214   0x200  system_stm32f0xx.o [1]
  .text               ro code  0x0800b414   0x15e  hal_nvic.o [1]
  .text               ro code  0x0800b572     0x2  startup_stm32f030.o [1]
  .text               ro code  0x0800b574    0x74  stm32f0xx_misc.o [1]
  .rodata             const    0x0800b5e8   0x108  apl_debug.o [1]
  .rodata             const    0x0800b6f0    0xc8  sx1276-LoRa.o [1]
  .text               ro code  0x0800b7b8    0xc0  contiki-main.o [1]
  .text               ro code  0x0800b878    0x30  PHY.o [1]
  .text               ro code  0x0800b8a8    0x52  hal_rcc.o [1]
  .text               ro code  0x0800b8fa     0x2  startup_stm32f030.o [1]
  .text               ro code  0x0800b8fc    0x80  hal_led.o [1]
  .rodata             const    0x0800b97c    0x80  apl_debug.o [1]
  .rodata             const    0x0800b9fc    0x34  hal_timer.o [1]
  .rodata             const    0x0800ba30    0x50  sx1276-LoRa.o [1]
  .rodata             const    0x0800ba80    0x30  APL.o [1]
  .rodata             const    0x0800bab0    0x30  APL.o [1]
  .rodata             const    0x0800bae0    0x30  APL.o [1]
  .rodata             const    0x0800bb10    0x30  gpio_per.o [1]
  .rodata             const    0x0800bb40    0x30  hal_timer.o [1]
  .text               ro code  0x0800bb70    0x30  copy_init3.o [5]
  .rodata             const    0x0800bba0    0x2c  apl_debug.o [1]
  .rodata             const    0x0800bbcc    0x2c  gpio_per.o [1]
  .text               ro code  0x0800bbf8    0x2a  stm32f0xx_it.o [1]
  .text               ro code  0x0800bc22     0x2  startup_stm32f030.o [1]
  .rodata             const    0x0800bc24    0x28  APL.o [1]
  .text               ro code  0x0800bc4c    0x28  data_init.o [5]
  .iar.init_table     const    0x0800bc74    0x24  - Linker created -
  .rodata             const    0x0800bc98    0x20  gpio_per.o [1]
  .rodata             const    0x0800bcb8    0x20  gpio_per.o [1]
  .rodata             const    0x0800bcd8    0x20  gpio_per.o [1]
  .rodata             const    0x0800bcf8    0x1c  APL.o [1]
  .rodata             const    0x0800bd14    0x1c  apl_debug.o [1]
  .rodata             const    0x0800bd30    0x1c  apl_debug.o [1]
  .rodata             const    0x0800bd4c    0x1c  apl_debug.o [1]
  .rodata             const    0x0800bd68    0x1c  gpio_per.o [1]
  .rodata             const    0x0800bd84    0x1c  gpio_per.o [1]
  .rodata             const    0x0800bda0    0x1c  hal_timer.o [1]
  .text               ro code  0x0800bdbc    0x1a  cmain.o [5]
  .text               ro code  0x0800bdd6     0x4  low_level_init.o [3]
  .text               ro code  0x0800bdda     0x8  exit.o [3]
  .text               ro code  0x0800bde2     0x2  startup_stm32f030.o [1]
  .text               ro code  0x0800bde4     0xa  cexit.o [5]
  .text               ro code  0x0800bdee     0x2  startup_stm32f030.o [1]
  .text               ro code  0x0800bdf0     0xc  XXexit.o [5]
  .rodata             const    0x0800bdfc    0x18  APL.o [1]
  .rodata             const    0x0800be14    0x18  APL.o [1]
  .rodata             const    0x0800be2c    0x18  apl_debug.o [1]
  .rodata             const    0x0800be44    0x18  apl_debug.o [1]
  .rodata             const    0x0800be5c    0x18  gpio_per.o [1]
  .rodata             const    0x0800be74    0x18  gpio_per.o [1]
  .rodata             const    0x0800be8c    0x18  gpio_per.o [1]
  .rodata             const    0x0800bea4    0x18  gpio_per.o [1]
  .rodata             const    0x0800bebc    0x18  hal_timer.o [1]
  .rodata             const    0x0800bed4    0x18  hal_timer.o [1]
  .rodata             const    0x0800beec    0x18  hal_uart.o [1]
  .rodata             const    0x0800bf04    0x18  hal_uart.o [1]
  .rodata             const    0x0800bf1c    0x18  hal_uart.o [1]
  .rodata             const    0x0800bf34    0x18  xprintffull_nomb.o [3]
  .rodata             const    0x0800bf4c    0x14  APL.o [1]
  .rodata             const    0x0800bf60    0x14  APL.o [1]
  .rodata             const    0x0800bf74    0x14  APL.o [1]
  .rodata             const    0x0800bf88    0x14  APL.o [1]
  .rodata             const    0x0800bf9c    0x14  APL.o [1]
  .rodata             const    0x0800bfb0    0x14  APL.o [1]
  .rodata             const    0x0800bfc4    0x14  APL.o [1]
  .rodata             const    0x0800bfd8    0x14  APL.o [1]
  .rodata             const    0x0800bfec    0x14  APL.o [1]
  .rodata             const    0x0800c000    0x14  APL.o [1]
  .rodata             const    0x0800c014    0x14  APL.o [1]
  .rodata             const    0x0800c028    0x14  hal_timer.o [1]
  .rodata             const    0x0800c03c    0x14  hal_timer.o [1]
  .rodata             const    0x0800c050    0x14  hal_timer.o [1]
  .rodata             const    0x0800c064    0x14  hal_uart.o [1]
  .rodata             const    0x0800c078    0x10  APL.o [1]
  .rodata             const    0x0800c088    0x10  APL.o [1]
  .rodata             const    0x0800c098    0x10  APL.o [1]
  .rodata             const    0x0800c0a8    0x10  APL.o [1]
  .rodata             const    0x0800c0b8    0x10  apl_debug.o [1]
  .rodata             const    0x0800c0c8    0x10  apl_debug.o [1]
  .rodata             const    0x0800c0d8    0x10  apl_debug.o [1]
  .rodata             const    0x0800c0e8    0x10  apl_debug.o [1]
  .rodata             const    0x0800c0f8    0x10  gpio_per.o [1]
  .rodata             const    0x0800c108    0x10  hal_radio.o [1]
  .rodata             const    0x0800c118    0x10  hal_radio.o [1]
  .rodata             const    0x0800c128    0x10  hal_radio.o [1]
  .rodata             const    0x0800c138    0x10  hal_uart.o [1]
  .rodata             const    0x0800c148    0x10  sx1276-Fsk.o [1]
  .text               ro code  0x0800c158    0x10  startup_stm32f030.o [1]
  .rodata             const    0x0800c168     0xc  APL.o [1]
  .rodata             const    0x0800c174     0xc  apl_debug.o [1]
  .rodata             const    0x0800c180     0xc  apl_debug.o [1]
  .rodata             const    0x0800c18c     0xc  apl_debug.o [1]
  .rodata             const    0x0800c198     0xc  apl_debug.o [1]
  .rodata             const    0x0800c1a4     0xc  apl_debug.o [1]
  .rodata             const    0x0800c1b0     0xc  apl_debug.o [1]
  .rodata             const    0x0800c1bc     0xc  apl_debug.o [1]
  .rodata             const    0x0800c1c8     0xc  apl_debug.o [1]
  .rodata             const    0x0800c1d4     0xc  apl_debug.o [1]
  .rodata             const    0x0800c1e0     0xc  apl_debug.o [1]
  .rodata             const    0x0800c1ec     0xc  apl_debug.o [1]
  .rodata             const    0x0800c1f8     0xc  apl_debug.o [1]
  .rodata             const    0x0800c204     0xc  apl_debug.o [1]
  .rodata             const    0x0800c210     0xc  apl_debug.o [1]
  .rodata             const    0x0800c21c     0xc  apl_debug.o [1]
  .rodata             const    0x0800c228     0xc  contiki-main.o [1]
  .rodata             const    0x0800c234     0xc  etimer.o [1]
  .rodata             const    0x0800c240     0xc  gpio_per.o [1]
  .rodata             const    0x0800c24c     0xc  hal_radio.o [1]
  .rodata             const    0x0800c258     0xc  hal_radio.o [1]
  .rodata             const    0x0800c264     0xc  hal_radio.o [1]
  .rodata             const    0x0800c270     0xc  hal_radio.o [1]
  .rodata             const    0x0800c27c     0xc  hal_radio.o [1]
  .rodata             const    0x0800c288     0xc  hal_radio.o [1]
  .rodata             const    0x0800c294     0xc  hal_radio.o [1]
  .rodata             const    0x0800c2a0     0xc  hal_radio.o [1]
  .rodata             const    0x0800c2ac     0xc  PHY.o [1]
  .rodata             const    0x0800c2b8     0xc  sx1276-Fsk.o [1]
  .text               ro code  0x0800c2c4     0xc  cstartup_M.o [5]
  .rodata             const    0x0800c2d0     0x8  apl_debug.o [1]
  .rodata             const    0x0800c2d8     0x8  apl_debug.o [1]
  .rodata             const    0x0800c2e0     0x8  apl_debug.o [1]
  .rodata             const    0x0800c2e8     0x8  apl_debug.o [1]
  .rodata             const    0x0800c2f0     0x8  apl_debug.o [1]
  .rodata             const    0x0800c2f8     0x8  apl_debug.o [1]
  .rodata             const    0x0800c300     0x8  apl_debug.o [1]
  .rodata             const    0x0800c308     0x8  apl_debug.o [1]
  .rodata             const    0x0800c310     0x8  apl_debug.o [1]
  .rodata             const    0x0800c318     0x8  apl_debug.o [1]
  .rodata             const    0x0800c320     0x8  apl_debug.o [1]
  .rodata             const    0x0800c328     0x8  apl_debug.o [1]
  .rodata             const    0x0800c330     0x8  apl_debug.o [1]
  .rodata             const    0x0800c338     0x8  apl_debug.o [1]
  .rodata             const    0x0800c340     0x8  apl_debug.o [1]
  .rodata             const    0x0800c348     0x8  apl_debug.o [1]
  .rodata             const    0x0800c350     0x8  apl_debug.o [1]
  .rodata             const    0x0800c358     0x8  apl_debug.o [1]
  .rodata             const    0x0800c360     0x8  hal_led.o [1]
  .rodata             const    0x0800c368     0x8  hal_uart.o [1]
  .rodata             const    0x0800c370     0x8  hal_uart.o [1]
  .rodata             const    0x0800c378     0x8  hal_uart.o [1]
  .rodata             const    0x0800c380     0x8  hal_uart.o [1]
  .rodata             const    0x0800c388     0x4  apl_debug.o [1]
  .rodata             const    0x0800c38c     0x4  apl_debug.o [1]
  .rodata             const    0x0800c390     0x4  apl_debug.o [1]
  .rodata             const    0x0800c394     0x4  apl_debug.o [1]
  .rodata             const    0x0800c398     0x4  gpio_per.o [1]
  .rodata             const    0x0800c39c     0x4  hal_led.o [1]
  .rodata             const    0x0800c3a0     0x4  hal_uart.o [1]
  .rodata             const    0x0800c3a4     0x4  hal_uart.o [1]
  .text               ro code  0x0800c3a8     0x2  startup_stm32f030.o [1]
  .text               ro code  0x0800c3aa     0x2  startup_stm32f030.o [1]
  .text               ro code  0x0800c3ac     0x2  startup_stm32f030.o [1]
  .text               ro code  0x0800c3ae     0x2  startup_stm32f030.o [1]
  .rodata             const    0x0800c3b0     0x0  zero_init3.o [5]
  .rodata             const    0x0800c3b0     0x0  copy_init3.o [5]
  Initializer bytes   ro data  0x0800c3b0   0x1d0  <for P2 s0>
                             - 0x0800c580  0xb4cc

Absolute sections:                           0xc0
  .noinit             uninit   0x20000000    0xc0  contiki-main.o [1]
                             - 0x200000c0    0xc0

"P2", part 1 of 3:                          0x1d0
  P2 s0                        0x200000c0   0x1d0  <Init block>
    .data             inited   0x200000c0    0x38  gpio_per.o [1]
    .data             inited   0x200000f8    0x2c  APL.o [1]
    .data             inited   0x20000124    0x20  sx1276-LoRa.o [1]
    .data             inited   0x20000144    0x1c  sx1276-Fsk.o [1]
    .data             inited   0x20000160    0x10  APL.o [1]
    .data             inited   0x20000170    0x10  APL.o [1]
    .data             inited   0x20000180    0x10  APL.o [1]
    .data             inited   0x20000190    0x10  APL.o [1]
    .data             inited   0x200001a0    0x10  etimer.o [1]
    .data             inited   0x200001b0    0x10  gpio_per.o [1]
    .data             inited   0x200001c0    0x10  gpio_per.o [1]
    .data             inited   0x200001d0    0x10  hal_radio.o [1]
    .data             inited   0x200001e0    0x10  hal_radio.o [1]
    .data             inited   0x200001f0    0x10  hal_uart.o [1]
    .data             inited   0x20000200    0x10  stm32f0xx_rcc.o [1]
    .data             inited   0x20000210    0x10  system_stm32f0xx.o [1]
    .data             inited   0x20000220     0x8  APL.o [1]
    .data             inited   0x20000228     0x8  APL.o [1]
    .data             inited   0x20000230     0x8  APL.o [1]
    .data             inited   0x20000238     0x8  APL.o [1]
    .data             inited   0x20000240     0x8  APL.o [1]
    .data             inited   0x20000248     0x8  hal_led.o [1]
    .data             inited   0x20000250     0x8  hal_radio.o [1]
    .data             inited   0x20000258     0x8  hal_uart.o [1]
    .data             inited   0x20000260     0x8  hal_uart.o [1]
    .data             inited   0x20000268     0x8  hal_uart.o [1]
    .data             inited   0x20000270     0x4  APL.o [1]
    .data             inited   0x20000274     0x4  APL.o [1]
    .data             inited   0x20000278     0x4  APL.o [1]
    .data             inited   0x2000027c     0x4  clock.o [1]
    .data             inited   0x20000280     0x4  system_stm32f0xx.o [1]
    __DLIB_PERTHREAD  inited   0x20000284     0x4  errno.o [3]
    .data             inited   0x20000288     0x1  gpio_per.o [1]
    .data             inited   0x20000289     0x1  hal_uart.o [1]
    .data             inited   0x2000028a     0x1  hal_uart.o [1]
    .data             inited   0x2000028b     0x1  hal_uart.o [1]
    .data             inited   0x2000028c     0x1  hal_uart.o [1]
    .data             inited   0x2000028d     0x1  sx1276-Fsk.o [1]
    .data             inited   0x2000028e     0x1  sx1276-Fsk.o [1]
                             - 0x20000290   0x1d0

"P2", part 2 of 3:                         0x11d8
  .bss                zero     0x20000290   0x4b8  hal_uart.o [1]
  .bss                zero     0x20000748   0x400  gpio_per.o [1]
  .bss                zero     0x20000b48   0x180  process.o [1]
  .bss                zero     0x20000cc8   0x10c  sx1276-Fsk.o [1]
  .bss                zero     0x20000dd4   0x108  sx1276-LoRa.o [1]
  .bss                zero     0x20000edc   0x100  hal_uart.o [1]
  .bss                zero     0x20000fdc   0x100  hal_uart.o [1]
  .bss                zero     0x200010dc    0x98  contiki-main.o [1]
  .bss                zero     0x20001174    0x90  APL.o [1]
  .bss                zero     0x20001204    0x8c  APL.o [1]
  .bss                zero     0x20001290    0x70  sx1276-LoRa.o [1]
  .bss                zero     0x20001300    0x64  hal_memory.o [1]
  .bss                zero     0x20001364    0x20  hal_uart.o [1]
  .bss                zero     0x20001384    0x10  APL.o [1]
  .bss                zero     0x20001394    0x10  gpio_per.o [1]
  .bss                zero     0x200013a4    0x10  gpio_per.o [1]
  .bss                zero     0x200013b4    0x10  hal_radio.o [1]
  .bss                zero     0x200013c4    0x10  hal_radio.o [1]
  .bss                zero     0x200013d4    0x10  hal_uart.o [1]
  .bss                zero     0x200013e4    0x10  hal_uart.o [1]
  .bss                zero     0x200013f4    0x10  hal_uart.o [1]
  .bss                zero     0x20001404     0x8  sx1276-LoRa.o [1]
  .bss                zero     0x2000140c     0x4  APL.o [1]
  .bss                zero     0x20001410     0x4  clock.o [1]
  .bss                zero     0x20001414     0x4  clock.o [1]
  .bss                zero     0x20001418     0x4  clock.o [1]
  .bss                zero     0x2000141c     0x4  etimer.o [1]
  .bss                zero     0x20001420     0x4  etimer.o [1]
  .bss                zero     0x20001424     0x4  gpio_per.o [1]
  .bss                zero     0x20001428     0x4  hal_memory.o [1]
  .bss                zero     0x2000142c     0x4  hal_timer.o [1]
  .bss                zero     0x20001430     0x4  hal_uart.o [1]
  .bss                zero     0x20001434     0x4  hal_uart.o [1]
  .bss                zero     0x20001438     0x4  hal_uart.o [1]
  .bss                zero     0x2000143c     0x4  process.o [1]
  .bss                zero     0x20001440     0x4  process.o [1]
  .bss                zero     0x20001444     0x4  process.o [1]
  .bss                zero     0x20001448     0x4  process.o [1]
  .bss                zero     0x2000144c     0x4  process.o [1]
  .bss                zero     0x20001450     0x4  sx1276-Fsk.o [1]
  .bss                zero     0x20001454     0x4  sx1276-LoRa.o [1]
  .bss                zero     0x20001458     0x4  sx1276-LoRa.o [1]
  .bss                zero     0x2000145c     0x2  gpio_per.o [1]
  .bss                zero     0x2000145e     0x1  APL.o [1]
  .bss                zero     0x2000145f     0x1  process.o [1]
  .bss                zero     0x20001460     0x1  process.o [1]
  .bss                zero     0x20001461     0x1  process.o [1]
  .bss                zero     0x20001462     0x1  process.o [1]
  .bss                zero     0x20001463     0x1  process.o [1]
  .bss                zero     0x20001464     0x1  process.o [1]
  .bss                zero     0x20001465     0x1  sx1276-LoRa.o [1]
                             - 0x20001466  0x11d6

"P2", part 3 of 3:                          0x800
  CSTACK                       0x20001468   0x800  <Block>
    CSTACK            uninit   0x20001468   0x800  <Block tail>
                             - 0x20001c68   0x800


*******************************************************************************
*** INIT TABLE
***

          Address     Size
          -------     ----
Zero (__iar_zero_init3)
    1 destination range, total size 0x11d6:
          0x20000290  0x11d6

Copy (__iar_copy_init3)
    1 source range, total size 0x1d0 (100% of destination):
          0x0800c3b0   0x1d0
    1 destination range, total size 0x1cf:
          0x200000c0   0x1cf



*******************************************************************************
*** MODULE SUMMARY
***

    Module               ro code  ro data  rw data  rw data
                                                     (abs)
    ------               -------  -------  -------  -------
E:\svnProject\street_lamp_new\Debug\Obj: [1]
    APL.o                  1 830      792      465
    PHY.o                     48       12
    apl_debug.o            2 928      972
    clock.o                  152        4       16
    common.o                 200      512
    contiki-main.o           192       12      152      192
    etimer.o                 512       28       24
    gpio_per.o             4 256      463    1 151
    hal_GDflash.o            910
    hal_falsh.o              188
    hal_led.o                128       20        8
    hal_memory.o             400               104
    hal_nvic.o               350
    hal_radio.o            1 256      184       72
    hal_rcc.o                 82
    hal_timer.o              836      236        4
    hal_uart.o             2 336      200    1 856
    os_cpu_a.o                14
    process.o                766               410
    startup_stm32f030.o      232
    stm32f0xx_adc.o          236
    stm32f0xx_dma.o          320
    stm32f0xx_exti.o         192
    stm32f0xx_flash.o        292
    stm32f0xx_gpio.o         322
    stm32f0xx_it.o            42
    stm32f0xx_iwdg.o          16
    stm32f0xx_misc.o         116
    stm32f0xx_pwr.o           48
    stm32f0xx_rcc.o          872       16       16
    stm32f0xx_rtc.o        1 016
    stm32f0xx_spi.o          198
    stm32f0xx_syscfg.o       156
    stm32f0xx_tim.o          520
    stm32f0xx_usart.o        468
    stm32f0xx_wwdg.o          16
    sx1276-Fsk.o           1 660       58      302
    sx1276-FskMisc.o       1 332
    sx1276-LoRa.o          1 112      312      425
    sx1276-LoRaMisc.o      1 052
    system_stm32f0xx.o       512       20       20
    timer.o                   44
    -------------------------------------------------------
    Total:                28 158    3 841    5 025      192

command line: [2]
    -------------------------------------------------------
    Total:

dl6M_tln.a: [3]
    atoi.o                    12
    div.o                     32
    errno.o                   16        4        4
    exit.o                     8
    low_level_init.o           4
    sprintf.o                 56
    strstr.o                  56
    strtol.o                  10
    vsnprint.o                60
    xprintffull_nomb.o     3 734       24
    xsnprout.o                28
    xsprout.o                 10
    xstoflt.o                460
    xstol.o                  152
    xstopfx.o                300
    xstoul.o                 384
    xstoxflt.o               544
    xtls.o                     2
    -------------------------------------------------------
    Total:                 5 868       28        4

m6M_tl.a: [4]
    DblAddSub.o              436
    DblCmpEq.o                36
    DblCmpGe.o                50
    DblCmpLe.o                50
    DblDiv.o                 194
    DblMul.o                 388
    DblToFlt.o                98
    DblToI32.o                82
    FltAddSub.o              278
    FltCmpEq.o                32
    FltCmpGe.o                40
    FltDiv.o                 170
    FltMul.o                 180
    FltToDbl.o                50
    FltToS32.o                58
    I32ToDbl.o                52
    I32ToFlt.o                30
    asin.o                   240
    atof.o                    12
    ceil.o                    88
    pow.o                  2 192
    sqrt.o                   190
    xatan.o                  480
    xdint.o                  140
    xdnorm.o                  68
    xdscale.o                284
    xdtento.o                520
    xdtest.o                  60
    xdunscal.o               104
    xexp.o                   692
    xlog.o                   164
    xstod.o                  330
    -------------------------------------------------------
    Total:                 7 788

rt6M_tl.a: [5]
    ABImemcpy.o               92
    ABImemset.o               52
    I32DivModFast.o          224
    I64DivMod.o              106
    I64DivZer.o                2
    IntDivZer.o                2
    XXexit.o                  12
    cexit.o                   10
    cmain.o                   26
    copy_init3.o              48
    cstartup_M.o              12
    data_init.o               40
    iarEdom.o                 12
    memchr.o                  24
    strchr.o                  20
    strlen.o                  16
    zero_init3.o              42
    -------------------------------------------------------
    Total:                   740

    Gaps                       4
    Linker created                     37    2 048
-----------------------------------------------------------
    Grand Total:          42 558    3 906    7 077      192


*******************************************************************************
*** ENTRY LIST
***

Entry                      Address   Size  Type      Object
-----                      -------   ----  ----      ------
?main                   0x0800bdbd         Code  Gb  cmain.o [5]
ADC_ChannelConfig       0x080039a9   0x18  Code  Gb  stm32f0xx_adc.o [1]
ADC_ClearFlag           0x08003a45    0x4  Code  Gb  stm32f0xx_adc.o [1]
ADC_Cmd                 0x0800398d   0x1c  Code  Gb  stm32f0xx_adc.o [1]
ADC_GetCalibrationFactor
                        0x080039c1   0x38  Code  Gb  stm32f0xx_adc.o [1]
ADC_GetConversionValue  0x08003a0d    0x6  Code  Gb  stm32f0xx_adc.o [1]
ADC_GetFlagStatus       0x08003a13   0x26  Code  Gb  stm32f0xx_adc.o [1]
ADC_Init                0x0800395d   0x30  Code  Gb  stm32f0xx_adc.o [1]
ADC_StartOfConversion   0x08003a03    0xa  Code  Gb  stm32f0xx_adc.o [1]
ADC_StopOfConversion    0x080039f9    0xa  Code  Gb  stm32f0xx_adc.o [1]
AHBPrescTable           0x20000210   0x10  Data  Gb  system_stm32f0xx.o [1]
APBAHBPrescTable        0x20000200   0x10  Data  Lc  stm32f0xx_rcc.o [1]
COM_BAUD                0x0800c368    0x8  Data  Gb  hal_uart.o [1]
COM_RX_AF               0x0800491e    0x2  Data  Gb  hal_uart.o [1]
COM_RX_PIN              0x0800c3a4    0x4  Data  Gb  hal_uart.o [1]
COM_RX_PIN_SOURCE       0x08003fb6    0x2  Data  Gb  hal_uart.o [1]
COM_RX_PORT             0x20000268    0x8  Data  Gb  hal_uart.o [1]
COM_RX_PORT_CLK         0x0800c380    0x8  Data  Gb  hal_uart.o [1]
COM_TX_AF               0x080041be    0x2  Data  Gb  hal_uart.o [1]
COM_TX_PIN              0x0800c3a0    0x4  Data  Gb  hal_uart.o [1]
COM_TX_PIN_SOURCE       0x08003f62    0x2  Data  Gb  hal_uart.o [1]
COM_TX_PORT             0x20000260    0x8  Data  Gb  hal_uart.o [1]
COM_TX_PORT_CLK         0x0800c378    0x8  Data  Gb  hal_uart.o [1]
COM_USART               0x20000258    0x8  Data  Gb  hal_uart.o [1]
COM_USART_CLK           0x0800c370    0x8  Data  Gb  hal_uart.o [1]
CRC16_CCITT_Table       0x0800b014  0x200  Data  Gb  common.o [1]
CSTACK$$Base            0x20001468          --   Gb  - Linker created -
CSTACK$$Limit           0x20001c68          --   Gb  - Linker created -
CmdList                 0x0800b5e8  0x108  Data  Lc  apl_debug.o [1]
DMA1_Channel4_5_IRQHandler
                        0x08003045   0xc0  Code  Gb  hal_uart.o [1]
DMA_ClearITPendingBit   0x080060b5    0x6  Code  Gb  stm32f0xx_dma.o [1]
DMA_Cmd                 0x08006067   0x1c  Code  Gb  stm32f0xx_dma.o [1]
DMA_DeInit              0x08005fa1   0x84  Code  Gb  stm32f0xx_dma.o [1]
DMA_GetITStatus         0x0800609b   0x1a  Code  Gb  stm32f0xx_dma.o [1]
DMA_ITConfig            0x08006083   0x18  Code  Gb  stm32f0xx_dma.o [1]
DMA_Init                0x08006025   0x42  Code  Gb  stm32f0xx_dma.o [1]
Delayms                 0x08002195   0x26  Code  Gb  common.o [1]
EXTI4_15_IRQHandler     0x08008ba1  0x162  Code  Gb  sx1276-Fsk.o [1]
EXTI_ClearITPendingBit  0x08003c2f    0x6  Code  Gb  stm32f0xx_exti.o [1]
EXTI_GetITStatus        0x08003c15   0x1a  Code  Gb  stm32f0xx_exti.o [1]
EXTI_Init               0x08003b8d   0x88  Code  Gb  stm32f0xx_exti.o [1]
FLASH_ClearFlag         0x08003531    0x6  Code  Gb  stm32f0xx_flash.o [1]
FLASH_ErasePage         0x0800348d   0x4e  Code  Gb  stm32f0xx_flash.o [1]
FLASH_GetStatus         0x08003537   0x2e  Code  Gb  stm32f0xx_flash.o [1]
FLASH_Init              0x08003599    0xe  Code  Gb  hal_falsh.o [1]
FLASH_ProgramHalfWord   0x080034db   0x42  Code  Gb  stm32f0xx_flash.o [1]
FLASH_Unlock            0x08003475   0x18  Code  Gb  stm32f0xx_flash.o [1]
FLASH_WaitForLastOperation
                        0x0800356d   0x2c  Code  Gb  stm32f0xx_flash.o [1]
FLASH_Write_chars       0x080035af   0xa6  Code  Gb  hal_falsh.o [1]
FLASH_Write_update_page
                        0x0800475f   0x16  Code  Gb  APL.o [1]
FskSettings             0x20000144   0x1c  Data  Gb  sx1276-Fsk.o [1]
GDflash_64KByte_erase   0x0800732b    0xc  Code  Gb  hal_GDflash.o [1]
GDflash_ReadByte        0x0800705f   0x40  Code  Gb  hal_GDflash.o [1]
GDflash_WriteByte       0x08007023   0x3c  Code  Gb  hal_GDflash.o [1]
GDflash_erase           0x08007205   0x82  Code  Gb  hal_GDflash.o [1]
GDflash_init            0x080070a5    0xe  Code  Gb  hal_GDflash.o [1]
GDflash_page_program    0x08007185   0x80  Code  Gb  hal_GDflash.o [1]
GDflash_read            0x08007287    0xa  Code  Gb  hal_GDflash.o [1]
GDflash_read_datas      0x08007113   0x72  Code  Gb  hal_GDflash.o [1]
GDflash_read_status_reg
                        0x080070e5   0x2e  Code  Gb  hal_GDflash.o [1]
GDflash_write           0x08007291   0x9a  Code  Gb  hal_GDflash.o [1]
GDflash_write_enable    0x080070b3   0x32  Code  Gb  hal_GDflash.o [1]
GPIO_Init               0x08003a49   0xa2  Code  Gb  stm32f0xx_gpio.o [1]
GPIO_PinAFConfig        0x08003b21   0x6a  Code  Gb  stm32f0xx_gpio.o [1]
GPIO_ReadInputDataBit   0x08003aeb   0x1a  Code  Gb  stm32f0xx_gpio.o [1]
GPIO_ResetBits          0x08003b0b    0x4  Code  Gb  stm32f0xx_gpio.o [1]
GPIO_SetBits            0x08003b05    0x6  Code  Gb  stm32f0xx_gpio.o [1]
GPIO_WriteBit           0x08003b0f   0x12  Code  Gb  stm32f0xx_gpio.o [1]
GPIO_int_Config         0x080085a9   0x3a  Code  Gb  hal_radio.o [1]
GPQA                    0x20000228    0x8  Data  Gb  APL.o [1]
GetCRC16                0x08002153   0x36  Code  Gb  common.o [1]
GetStringParameter      0x080054f1   0x8a  Code  Gb  apl_debug.o [1]
GetTime                 0x0800afdd    0x8  Code  Gb  hal_timer.o [1]
Getu16Parameter         0x0800543f   0xa2  Code  Gb  apl_debug.o [1]
Getu8Parameter          0x0800535b   0xe4  Code  Gb  apl_debug.o [1]
HardFault_Handler       0x0800bc1b    0x4  Code  Gb  stm32f0xx_it.o [1]
HexCharToInt8u          0x08005585   0x36  Code  Lc  apl_debug.o [1]
HoppingFrequencies      0x0800b6f0   0xc8  Data  Gb  sx1276-LoRa.o [1]
IWDG_ReloadCounter      0x08004f41    0x8  Code  Gb  stm32f0xx_iwdg.o [1]
InitHardware            0x0800b879   0x20  Code  Gb  PHY.o [1]
InitPhyVariable         0x0800b899   0x10  Code  Gb  PHY.o [1]
InitVariable            0x0800b7b9    0x8  Code  Gb  contiki-main.o [1]
Ki                      0x20000274    0x4  Data  Gb  APL.o [1]
Kp                      0x20000278    0x4  Data  Gb  APL.o [1]
Ku                      0x20000270    0x4  Data  Gb  APL.o [1]
LED_CLK                 0x0800c360    0x8  Data  Gb  hal_led.o [1]
LED_PIN                 0x0800c39c    0x4  Data  Gb  hal_led.o [1]
LED_PORT                0x20000248    0x8  Data  Gb  hal_led.o [1]
LoRaSettings            0x20000124   0x20  Data  Gb  sx1276-LoRa.o [1]
MemCpy                  0x080021bb   0x18  Code  Gb  common.o [1]
MemSet                  0x080021d3   0x14  Code  Gb  common.o [1]
NMI_Handler             0x0800bbf9   0x22  Code  Gb  stm32f0xx_it.o [1]
NVIC_Init               0x0800b575   0x68  Code  Gb  stm32f0xx_misc.o [1]
NVIC_SetPriority        0x0800b415   0x86  Code  Lc  hal_nvic.o [1]
NVIC_SetPriority        0x0800aca1   0x86  Code  Lc  hal_timer.o [1]
NVIC_SystemReset        0x080041f9   0x12  Code  Lc  APL.o [1]
OSMemCreate             0x08005e21   0x6c  Code  Gb  hal_memory.o [1]
OSMemFreeList           0x20001428    0x4  Data  Gb  hal_memory.o [1]
OSMemGet                0x08005e95   0x3c  Code  Gb  hal_memory.o [1]
OSMemPut                0x08005ed1   0x36  Code  Gb  hal_memory.o [1]
OSMemQuery              0x08005f07   0x34  Code  Gb  hal_memory.o [1]
OSMemTbl                0x20001300   0x64  Data  Gb  hal_memory.o [1]
OS_CPU_SR_Restore       0x08009075         Code  Gb  os_cpu_a.o [1]
OS_CPU_SR_Save          0x0800906d         Code  Gb  os_cpu_a.o [1]
OS_MemClr               0x08005f51   0x14  Code  Gb  hal_memory.o [1]
OS_MemCopy              0x08005f3b   0x16  Code  Gb  hal_memory.o [1]
OS_MemInit              0x08005ddd   0x44  Code  Lc  hal_memory.o [1]
PFCont                  0x20000240    0x8  Data  Gb  APL.o [1]
PWR_BackupAccessCmd     0x0800afe5   0x26  Code  Gb  stm32f0xx_pwr.o [1]
PendSV_Handler          0x0800bc21    0x2  Code  Gb  stm32f0xx_it.o [1]
RCC_ADCCLKConfig        0x0800237d   0x32  Code  Gb  stm32f0xx_rcc.o [1]
RCC_AHBPeriphClockCmd   0x08002525   0x20  Code  Gb  stm32f0xx_rcc.o [1]
RCC_APB1PeriphClockCmd  0x08002565   0x20  Code  Gb  stm32f0xx_rcc.o [1]
RCC_APB2PeriphClockCmd  0x08002545   0x20  Code  Gb  stm32f0xx_rcc.o [1]
RCC_ClearITPendingBit   0x0800262d    0x6  Code  Gb  stm32f0xx_rcc.o [1]
RCC_ClockSecuritySystemCmd
                        0x08002337   0x26  Code  Gb  stm32f0xx_rcc.o [1]
RCC_GetClocksFreq       0x080023b9  0x12e  Code  Gb  stm32f0xx_rcc.o [1]
RCC_GetFlagStatus       0x080025b5   0x4c  Code  Gb  stm32f0xx_rcc.o [1]
RCC_GetITStatus         0x0800260d   0x1c  Code  Gb  stm32f0xx_rcc.o [1]
RCC_HSEConfig           0x08002305    0xc  Code  Gb  stm32f0xx_rcc.o [1]
RCC_IRQHandler          0x0800b8b7   0x44  Code  Gb  hal_rcc.o [1]
RCC_ITConfig            0x08002591   0x20  Code  Gb  stm32f0xx_rcc.o [1]
RCC_PLLCmd              0x08002311   0x26  Code  Gb  stm32f0xx_rcc.o [1]
RCC_RTCCLKCmd           0x080024f9   0x26  Code  Gb  stm32f0xx_rcc.o [1]
RCC_RTCCLKConfig        0x080024e7    0xc  Code  Gb  stm32f0xx_rcc.o [1]
RCC_SYSCLKConfig        0x0800235d   0x16  Code  Gb  stm32f0xx_rcc.o [1]
RTC_Bcd2ToByte          0x08004d01   0x18  Code  Lc  stm32f0xx_rtc.o [1]
RTC_ByteToBcd2          0x08004ce9   0x18  Code  Lc  stm32f0xx_rtc.o [1]
RTC_DateStructInit      0x08004c2f   0x12  Code  Gb  stm32f0xx_rtc.o [1]
RTC_EnterInitMode       0x0800497d   0x4c  Code  Gb  stm32f0xx_rtc.o [1]
RTC_ExitInitMode        0x080049c9    0xe  Code  Gb  stm32f0xx_rtc.o [1]
RTC_GetDate             0x08004c41   0x52  Code  Gb  stm32f0xx_rtc.o [1]
RTC_GetTime             0x08004b1b   0x52  Code  Gb  stm32f0xx_rtc.o [1]
RTC_Init                0x08004921   0x5c  Code  Gb  stm32f0xx_rtc.o [1]
RTC_ReadBackupRegister  0x08004cc9   0x1c  Code  Gb  stm32f0xx_rtc.o [1]
RTC_SetDate             0x08004b75   0xba  Code  Gb  stm32f0xx_rtc.o [1]
RTC_SetTime             0x08004a41   0xba  Code  Gb  stm32f0xx_rtc.o [1]
RTC_TimeStructInit      0x08004b09   0x12  Code  Gb  stm32f0xx_rtc.o [1]
RTC_WaitForSynchro      0x080049d7   0x62  Code  Gb  stm32f0xx_rtc.o [1]
RTC_WriteBackupRegister
                        0x08004cad   0x1c  Code  Gb  stm32f0xx_rtc.o [1]
ReadVersion             0x080047d1  0x104  Code  Gb  APL.o [1]
Region$$Table$$Base     0x0800bc74          --   Gb  - Linker created -
Region$$Table$$Limit    0x0800bc98          --   Gb  - Linker created -
Relay_close             0x08005b37    0xc  Code  Gb  apl_debug.o [1]
Relay_open              0x08005b49    0xc  Code  Gb  apl_debug.o [1]
SPI_Cmd                 0x08009309   0x1c  Code  Gb  stm32f0xx_spi.o [1]
SPI_I2S_GetFlagStatus   0x0800935d   0x16  Code  Gb  stm32f0xx_spi.o [1]
SPI_Init                0x080092ad   0x5c  Code  Gb  stm32f0xx_spi.o [1]
SPI_ReceiveData8        0x0800933f    0xa  Code  Gb  stm32f0xx_spi.o [1]
SPI_RxFIFOThresholdConfig
                        0x08009325   0x10  Code  Gb  stm32f0xx_spi.o [1]
SPI_SendData8           0x08009335    0xa  Code  Gb  stm32f0xx_spi.o [1]
SVC_Handler             0x0800bc1f    0x2  Code  Gb  stm32f0xx_it.o [1]
SX1276                  0x20001450    0x4  Data  Gb  sx1276-Fsk.o [1]
SX1276FskComputeRxBwMantExp
                        0x08009aa5   0xb4  Code  Lc  sx1276-FskMisc.o [1]
SX1276FskGetPacketCrcOn
                        0x08009c01   0x26  Code  Gb  sx1276-FskMisc.o [1]
SX1276FskGetRFFrequency
                        0x0800980d   0x4c  Code  Gb  sx1276-FskMisc.o [1]
SX1276FskInit           0x080086d7  0x164  Code  Gb  sx1276-Fsk.o [1]
SX1276FskReadRssi       0x080088a1   0x24  Code  Gb  sx1276-Fsk.o [1]
SX1276FskRxCalibrate    0x08009859   0x9e  Code  Gb  sx1276-FskMisc.o [1]
SX1276FskSetBitrate     0x080098f7   0x3c  Code  Gb  sx1276-FskMisc.o [1]
SX1276FskSetDccBw       0x08009b59   0xa4  Code  Gb  sx1276-FskMisc.o [1]
SX1276FskSetDefaults    0x0800883b   0x10  Code  Gb  sx1276-Fsk.o [1]
SX1276FskSetFdev        0x08009933   0x5a  Code  Gb  sx1276-FskMisc.o [1]
SX1276FskSetOpMode      0x0800884b   0x56  Code  Gb  sx1276-Fsk.o [1]
SX1276FskSetPAOutput    0x08009c85   0x30  Code  Gb  sx1276-FskMisc.o [1]
SX1276FskSetPa20dBm     0x08009c2d   0x52  Code  Gb  sx1276-FskMisc.o [1]
SX1276FskSetRFFrequency
                        0x080097cd   0x40  Code  Gb  sx1276-FskMisc.o [1]
SX1276FskSetRFPower     0x08009999  0x102  Code  Gb  sx1276-FskMisc.o [1]
SX1276FskSetRssiOffset  0x08009cb9   0x42  Code  Gb  sx1276-FskMisc.o [1]
SX1276Fsk_Send_Packet   0x08008a8b   0x74  Code  Gb  sx1276-Fsk.o [1]
SX1276Fsk_recrive_Packet
                        0x08008aff   0x8c  Code  Gb  sx1276-Fsk.o [1]
SX1276LR                0x20001454    0x4  Data  Gb  sx1276-LoRa.o [1]
SX1276LoRaGetPayloadSymbNb
                        0x08009475   0x82  Code  Gb  sx1276-LoRa.o [1]
SX1276LoRaGetSymbolTs   0x08009433   0x42  Code  Gb  sx1276-LoRa.o [1]
SX1276LoRaGetWokeUpPreambleLenth
                        0x08009509    0x6  Code  Gb  sx1276-LoRa.o [1]
SX1276LoRaInit          0x08009595   0xbe  Code  Gb  sx1276-LoRa.o [1]
SX1276LoRaInitHopPeriod
                        0x080094f7   0x12  Code  Gb  sx1276-LoRa.o [1]
SX1276LoRaSetErrorCoding
                        0x08007f89   0x36  Code  Gb  sx1276-LoRaMisc.o [1]
SX1276LoRaSetImplicitHeaderOn
                        0x08008033   0x34  Code  Gb  sx1276-LoRaMisc.o [1]
SX1276LoRaSetLowDatarateOptimize
                        0x08008155   0x38  Code  Gb  sx1276-LoRaMisc.o [1]
SX1276LoRaSetNbTrigPeaks
                        0x0800818d   0x36  Code  Gb  sx1276-LoRaMisc.o [1]
SX1276LoRaSetOpMode     0x0800950f   0x22  Code  Gb  sx1276-LoRa.o [1]
SX1276LoRaSetPAOutput   0x080080d9   0x30  Code  Gb  sx1276-LoRaMisc.o [1]
SX1276LoRaSetPa20dBm    0x08008087   0x52  Code  Gb  sx1276-LoRaMisc.o [1]
SX1276LoRaSetPacketCrcOn
                        0x08007fc5   0x36  Code  Gb  sx1276-LoRaMisc.o [1]
SX1276LoRaSetPayloadLength
                        0x08008067   0x20  Code  Gb  sx1276-LoRaMisc.o [1]
SX1276LoRaSetPreambleLength
                        0x08007ffb   0x38  Code  Gb  sx1276-LoRaMisc.o [1]
SX1276LoRaSetRFFrequency
                        0x08007dad   0x40  Code  Gb  sx1276-LoRaMisc.o [1]
SX1276LoRaSetRFPower    0x08007ded  0x102  Code  Gb  sx1276-LoRaMisc.o [1]
SX1276LoRaSetRFState    0x08009589    0x6  Code  Gb  sx1276-LoRa.o [1]
SX1276LoRaSetSignalBandwidth
                        0x08007eef   0x36  Code  Gb  sx1276-LoRaMisc.o [1]
SX1276LoRaSetSpreadingFactor
                        0x08007f25   0x5c  Code  Gb  sx1276-LoRaMisc.o [1]
SX1276LoRaSetSymbTimeout
                        0x08008111   0x44  Code  Gb  sx1276-LoRaMisc.o [1]
SX1276LoRa_Receive_Packet
                        0x08009671  0x142  Code  Gb  sx1276-LoRa.o [1]
SX1276Read              0x0800840d    0xc  Code  Gb  hal_radio.o [1]
SX1276ReadBuffer        0x080083c1   0x3e  Code  Gb  hal_radio.o [1]
SX1276ReadFifo          0x08008429   0x10  Code  Gb  hal_radio.o [1]
SX1276Regs              0x20001290   0x70  Data  Gb  sx1276-LoRa.o [1]
SX1276Reset             0x0800937b   0x34  Code  Gb  sx1276-LoRa.o [1]
SX1276SetReset          0x08008439   0x24  Code  Gb  hal_radio.o [1]
SX1276Write             0x080083ff    0xe  Code  Gb  hal_radio.o [1]
SX1276WriteBuffer       0x08008383   0x3e  Code  Gb  hal_radio.o [1]
SX1276WriteFifo         0x08008419   0x10  Code  Gb  hal_radio.o [1]
SX1276_lora_init        0x080093af   0x84  Code  Gb  sx1276-LoRa.o [1]
SYSCFG_DMAChannelRemapConfig
                        0x08003c63   0x20  Code  Gb  stm32f0xx_syscfg.o [1]
SYSCFG_EXTILineConfig   0x08003c83   0x5c  Code  Gb  stm32f0xx_syscfg.o [1]
SYSCFG_MemoryRemapConfig
                        0x08003c4d   0x16  Code  Gb  stm32f0xx_syscfg.o [1]
SendUart                0x08003115   0x4c  Code  Gb  hal_uart.o [1]
SetSysClock             0x0800b313   0xbe  Code  Lc  system_stm32f0xx.o [1]
SetTime                 0x0800af59   0x84  Code  Gb  hal_timer.o [1]
SoftReset               0x08004915    0xa  Code  Gb  APL.o [1]
SysTick_Config          0x0800ad27   0x30  Code  Lc  hal_timer.o [1]
SysTick_Handler         0x08004ea9   0x62  Code  Gb  clock.o [1]
SystemCoreClock         0x20000280    0x4  Data  Gb  system_stm32f0xx.o [1]
SystemCoreClockUpdate   0x0800b283   0x90  Code  Gb  system_stm32f0xx.o [1]
SystemInit              0x0800b215   0x6e  Code  Gb  system_stm32f0xx.o [1]
TIM14_IRQHandler        0x080013c5   0x3c  Code  Gb  gpio_per.o [1]
TIM_ARRPreloadConfig    0x080026d3   0x1c  Code  Gb  stm32f0xx_tim.o [1]
TIM_ClearFlag           0x08002841    0x8  Code  Gb  stm32f0xx_tim.o [1]
TIM_Cmd                 0x080026ef   0x1c  Code  Gb  stm32f0xx_tim.o [1]
TIM_CtrlPWMOutputs      0x0800271d   0x26  Code  Gb  stm32f0xx_tim.o [1]
TIM_GetITStatus         0x08002849   0x2c  Code  Gb  stm32f0xx_tim.o [1]
TIM_ITConfig            0x08002829   0x18  Code  Gb  stm32f0xx_tim.o [1]
TIM_OC1Init             0x08002743   0x94  Code  Gb  stm32f0xx_tim.o [1]
TIM_OC1PreloadConfig    0x0800280d   0x14  Code  Gb  stm32f0xx_tim.o [1]
TIM_TimeBaseInit        0x0800266d   0x66  Code  Gb  stm32f0xx_tim.o [1]
USART1_IRQHandler       0x08002fad   0x7a  Code  Gb  hal_uart.o [1]
USART2_IRQHandler       0x08002e6d  0x13c  Code  Gb  hal_uart.o [1]
USART_Cmd               0x08004073   0x1c  Code  Gb  stm32f0xx_usart.o [1]
USART_DMACmd            0x080040b5   0x18  Code  Gb  stm32f0xx_usart.o [1]
USART_GetFlagStatus     0x08004111   0x18  Code  Gb  stm32f0xx_usart.o [1]
USART_GetITStatus       0x08004129   0x64  Code  Gb  stm32f0xx_usart.o [1]
USART_ITConfig          0x080040cd   0x44  Code  Gb  stm32f0xx_usart.o [1]
USART_Init              0x08003fb9   0xba  Code  Gb  stm32f0xx_usart.o [1]
USART_ReceiveData       0x0800409d    0x8  Code  Gb  stm32f0xx_usart.o [1]
USART_SendData          0x08004095    0x8  Code  Gb  stm32f0xx_usart.o [1]
VectorTable             0x20000000   0xc0  Data  Gb  contiki-main.o [1]
WWDG_SetCounter         0x08004f51    0xc  Code  Gb  stm32f0xx_wwdg.o [1]
_GenldFullNoMb          0x08006d0d  0x266  Code  Lc  xprintffull_nomb.o [3]
_LdtobFullNoMb          0x08006875  0x482  Code  Lc  xprintffull_nomb.o [3]
_LitobFullNoMb          0x08006741  0x12e  Code  Lc  xprintffull_nomb.o [3]
_PrintfFullNoMb         0x08006111  0x630  Code  Gb  xprintffull_nomb.o [3]
_PutcharsFullNoMb       0x08006f73   0x30  Code  Lc  xprintffull_nomb.o [3]
_SNProut                0x08009f7b   0x1c  Code  Gb  xsnprout.o [3]
_SProut                 0x08003953    0xa  Code  Gb  xsprout.o [3]
_Stoflt                 0x08007499  0x1cc  Code  Gb  xstoflt.o [3]
_Stopfx                 0x0800736d  0x12c  Code  Gb  xstopfx.o [3]
_Stoxflt                0x08007a71  0x1ea  Code  Gb  xstoxflt.o [3]
__ICFEDIT_region_RAM_end__ {Abs}
                        0x20001fff          --   Gb  command line/config [2]
__ICFEDIT_region_RAM_start__ {Abs}
                        0x20000000          --   Gb  command line/config [2]
__aeabi_cdcmpeq         0x0800921f         Code  Gb  DblCmpEq.o [4]
__aeabi_cdcmple         0x08009199         Code  Gb  DblCmpLe.o [4]
__aeabi_cdrcmple        0x080091cb         Code  Gb  DblCmpGe.o [4]
__aeabi_cfcmpeq         0x08008ef9         Code  Gb  FltCmpEq.o [4]
__aeabi_cfrcmple        0x08009045         Code  Gb  FltCmpGe.o [4]
__aeabi_d2f             0x08002279         Code  Gb  DblToFlt.o [4]
__aeabi_d2iz            0x08003f65         Code  Gb  DblToI32.o [4]
__aeabi_d2uiz           0x08003f89         Code  Gb  DblToI32.o [4]
__aeabi_dadd            0x08007665         Code  Gb  DblAddSub.o [4]
__aeabi_ddiv            0x08003ea1         Code  Gb  DblDiv.o [4]
__aeabi_dmul            0x08003d1d         Code  Gb  DblMul.o [4]
__aeabi_dsub            0x0800772b         Code  Gb  DblAddSub.o [4]
__aeabi_errno_addr      0x0800735d    0xa  Code  Gb  errno.o [3]
__aeabi_f2d             0x0800418d         Code  Gb  FltToDbl.o [4]
__aeabi_f2iz            0x08008f19         Code  Gb  FltToS32.o [4]
__aeabi_fadd            0x08008d37         Code  Gb  FltAddSub.o [4]
__aeabi_fdiv            0x08008e4d         Code  Gb  FltDiv.o [4]
__aeabi_fmul            0x08004d37         Code  Gb  FltMul.o [4]
__aeabi_i2d             0x08003ce9         Code  Gb  I32ToDbl.o [4]
__aeabi_idiv            0x080033c1         Code  Gb  I32DivModFast.o [5]
__aeabi_idiv0           0x0800610d         Code  Gb  IntDivZer.o [5]
__aeabi_idivmod         0x080033c1         Code  Gb  I32DivModFast.o [5]
__aeabi_ldiv0           0x08009f79         Code  Gb  I64DivZer.o [5]
__aeabi_memclr4         0x0800224d         Code  Gb  ABImemset.o [5]
__aeabi_memclr8         0x0800224d         Code  Gb  ABImemset.o [5]
__aeabi_memcpy          0x080090f9         Code  Gb  ABImemcpy.o [5]
__aeabi_memcpy4         0x08009121         Code  Gb  ABImemcpy.o [5]
__aeabi_memcpy8         0x08009121         Code  Gb  ABImemcpy.o [5]
__aeabi_ui2d            0x08003cfd         Code  Gb  I32ToDbl.o [4]
__aeabi_ui2f            0x08004d19         Code  Gb  I32ToFlt.o [4]
__aeabi_uidiv           0x080033c7         Code  Gb  I32DivModFast.o [5]
__aeabi_uidivmod        0x080033c7         Code  Gb  I32DivModFast.o [5]
__aeabi_uldivmod        0x0800908f         Code  Gb  I64DivMod.o [5]
__cmain                 0x0800bdbd         Code  Gb  cmain.o [5]
__exit                  0x0800bdf1         Code  Gb  XXexit.o [5]
__iar_Atan              0x08009d99  0x14a  Code  Gb  xatan.o [4]
__iar_Dint              0x0800a881   0x8c  Code  Gb  xdint.o [4]
__iar_Dnorm             0x08009155   0x44  Code  Gb  xdnorm.o [4]
__iar_Dscale            0x08007c91  0x11c  Code  Gb  xdscale.o [4]
__iar_Dtentox           0x080078b9  0x146  Code  Gb  xdtento.o [4]
__iar_Dtest             0x0800ac65   0x3c  Code  Gb  xdtest.o [4]
__iar_Dunscale          0x08009245   0x68  Code  Gb  xdunscal.o [4]
__iar_Errno             0x20000284    0x4  Data  Gb  errno.o [3]
__iar_Exp               0x0800a9b1  0x2b4  Code  Gb  xexp.o [4]
__iar_Logpoly           0x0800a90d   0x6c  Code  Gb  xlog.o [4]
__iar_Memchr            0x08007345   0x18  Code  Gb  memchr.o [5]
__iar_Memset4_word      0x0800221d         Code  Gb  ABImemset.o [5]
__iar_Stod              0x08005259    0xa  Code  Gb  xstod.o [4]
__iar_Stodx             0x08005119  0x134  Code  Gb  xstod.o [4]
__iar_Stolx             0x08009d01   0x98  Code  Gb  xstol.o [3]
__iar_Stoul             0x080050bf    0xa  Code  Gb  xstoul.o [3]
__iar_Stoulx            0x08004f99  0x126  Code  Gb  xstoul.o [3]
__iar_Strchr            0x0800907b   0x14  Code  Gb  strchr.o [5]
__iar_Strstr            0x08004f61   0x38  Code  Gb  strstr.o [3]
__iar_ceil              0x0800a829         Code  Gb  ceil.o [4]
__iar_ceill             0x0800a829         Code  Gb  ceil.o [4]
__iar_copy_init3        0x0800bb71   0x30  Code  Gb  copy_init3.o [5]
__iar_d2uiz             0x08003f8d         Code  Gb  DblToI32.o [4]
__iar_data_init3        0x0800bc4d   0x28  Code  Gb  data_init.o [5]
__iar_dlib_perthread_access
                        0x0800921d    0x2  Code  Gb  xtls.o [3]
__iar_edom              0x08007339         Code  Gb  iarEdom.o [5]
__iar_program_start     0x0800c2c5         Code  Gb  cstartup_M.o [5]
__iar_sqrt              0x08004deb         Code  Gb  sqrt.o [4]
__iar_ui2d              0x08003d01         Code  Gb  I32ToDbl.o [4]
__iar_ui2f              0x08004d1d         Code  Gb  I32ToFlt.o [4]
__iar_zero_init3        0x080022db   0x2a  Code  Gb  zero_init3.o [5]
__low_level_init        0x0800bdd7    0x4  Code  Gb  low_level_init.o [3]
__vector_table          0x08001000         Data  Gb  startup_stm32f030.o [1]
_call_main              0x0800bdc9         Code  Gb  cmain.o [5]
_exit                   0x0800bde5         Code  Gb  cexit.o [5]
_main                   0x0800bdd3         Code  Gb  cmain.o [5]
a                       0x08009f38   0x40  Data  Lc  xatan.o [4]
add_timer               0x080032b9   0x40  Code  Lc  etimer.o [1]
aplVersion              0x0800c168    0xc  Data  Gb  APL.o [1]
apl_ProcessCmdLine      0x08005297   0xc4  Code  Gb  apl_debug.o [1]
apl_ProcessDebugCmd     0x0800526b   0x2c  Code  Gb  apl_debug.o [1]
apl_update_process      0x20000190   0x10  Data  Gb  APL.o [1]
asin                    0x08008f55   0xf0  Code  Gb  asin.o [4]
atof                    0x0800226d    0xc  Code  Gb  atof.o [4]
atoi                    0x08002261    0xc  Code  Gb  atoi.o [3]
cal_power_angle         0x080058c5   0xe2  Code  Gb  apl_debug.o [1]
cal_power_gain          0x08005823   0x9e  Code  Gb  apl_debug.o [1]
calibration             0x20000160   0x10  Data  Gb  APL.o [1]
call_process            0x08003717   0x44  Code  Lc  process.o [1]
ceil                    0x0800a829         Code  Gb  ceil.o [4]
ceill                   0x0800a829         Code  Gb  ceil.o [4]
changeHopChannel        0x080056ff   0x1e  Code  Gb  apl_debug.o [1]
change_string_to_arry16
                        0x08005c99   0xa8  Code  Gb  apl_debug.o [1]
check_update_packect_state
                        0x080046f5   0x2e  Code  Gb  APL.o [1]
check_update_state      0x08004739   0x26  Code  Gb  APL.o [1]
clear_light_time        0x08004f17   0x12  Code  Gb  clock.o [1]
clock_time              0x08004f0b    0x6  Code  Gb  clock.o [1]
config_8209c_reg        0x08001935   0x58  Code  Gb  gpio_per.o [1]
config_GDOx_Map         0x08009531   0x44  Code  Gb  sx1276-LoRa.o [1]
contious_mode_rx        0x080056ef    0x8  Code  Gb  apl_debug.o [1]
current_clock           0x20001410    0x4  Data  Lc  clock.o [1]
current_seconds         0x20001414    0x4  Data  Lc  clock.o [1]
debug_save              0x08005bbf    0xe  Code  Gb  apl_debug.o [1]
debug_set_pwm           0x08005b55   0x38  Code  Gb  apl_debug.o [1]
digits                  0x080050c8   0x28  Data  Lc  xstoul.o [3]
div                     0x080091fd   0x20  Code  Gb  div.o [3]
dmul                    0x08007869   0x50  Code  Lc  xdtento.o [4]
do_event                0x080037a5   0xba  Code  Lc  process.o [1]
do_poll                 0x08003777   0x2e  Code  Lc  process.o [1]
drop_down_timer_init    0x080011c5   0x46  Code  Gb  gpio_per.o [1]
enegyDegree             0x20000180   0x10  Data  Gb  APL.o [1]
energyPulse             0x20000170   0x10  Data  Gb  APL.o [1]
etimer_next_expiration_time
                        0x0800331f   0x14  Code  Gb  etimer.o [1]
etimer_pending          0x0800330b   0x14  Code  Gb  etimer.o [1]
etimer_process          0x200001a0   0x10  Data  Gb  etimer.o [1]
etimer_remodify         0x08003389    0xc  Code  Gb  etimer.o [1]
etimer_request_poll     0x080032af    0xa  Code  Gb  etimer.o [1]
etimer_set              0x080032f9   0x12  Code  Gb  etimer.o [1]
etimer_stop             0x08003333   0x44  Code  Gb  etimer.o [1]
events                  0x20000b48  0x180  Data  Lc  process.o [1]
exit                    0x0800bddb    0x8  Code  Gb  exit.o [3]
exit_process            0x08003687   0x90  Code  Lc  process.o [1]
fevent                  0x20001461    0x1  Data  Lc  process.o [1]
fill_fifo               0x08008981   0x80  Code  Gb  sx1276-Fsk.o [1]
find_free_addr          0x08001a75   0x26  Code  Gb  gpio_per.o [1]
find_old_data           0x08001bcd   0xac  Code  Gb  gpio_per.o [1]
find_params             0x0800111d   0xa8  Code  Gb  gpio_per.o [1]
find_string16_len       0x08005c4d   0x4c  Code  Gb  apl_debug.o [1]
flash_ok                0x20000288    0x1  Data  Lc  gpio_per.o [1]
format_elc_data         0x08001dd5   0xb4  Code  Gb  gpio_per.o [1]
g_DebugRxBuffer         0x20001364   0x20  Data  Gb  hal_uart.o [1]
g_DebugRxFlag           0x20001438    0x4  Data  Gb  hal_uart.o [1]
g_DebugRx_state         0x2000028c    0x1  Data  Gb  hal_uart.o [1]
g_DebugTx_state         0x2000028b    0x1  Data  Gb  hal_uart.o [1]
g_GDOx_map_conf         0x20001404    0x8  Data  Gb  sx1276-LoRa.o [1]
g_Print                 0x20000290  0x4b8  Data  Gb  hal_uart.o [1]
g_RF_LoRa               0x20000dd4  0x108  Data  Gb  sx1276-LoRa.o [1]
g_SystickCounter        0x2000142c    0x4  Data  Gb  hal_timer.o [1]
g_UartRxBuffer          0x20000fdc  0x100  Data  Gb  hal_uart.o [1]
g_UartRxFlag            0x20001434    0x4  Data  Gb  hal_uart.o [1]
g_UartRx_state          0x2000028a    0x1  Data  Gb  hal_uart.o [1]
g_UartTxBuffer          0x20000edc  0x100  Data  Gb  hal_uart.o [1]
g_UartTxFlag            0x20001430    0x4  Data  Gb  hal_uart.o [1]
g_UartTx_state          0x20000289    0x1  Data  Gb  hal_uart.o [1]
g_cal_Buf               0x20000748  0x400  Data  Gb  gpio_per.o [1]
g_fsk                   0x20000cc8  0x10c  Data  Gb  sx1276-Fsk.o [1]
g_hopChannel            0x20001465    0x1  Data  Gb  sx1276-LoRa.o [1]
g_wokeUpPreambleLength  0x20001458    0x4  Data  Lc  sx1276-LoRa.o [1]
get_light_time          0x080020e9   0x2e  Code  Gb  gpio_per.o [1]
get_packet_info         0x0800420b   0x42  Code  Gb  APL.o [1]
get_reg                 0x080055d7   0x32  Code  Gb  apl_debug.o [1]
gpio_per_init           0x080010b5   0x14  Code  Gb  gpio_per.o [1]
hal_ADC_Init            0x0800141d   0x84  Code  Gb  gpio_per.o [1]
hal_BlindLED            0x08002893   0x18  Code  Lc  hal_uart.o [1]
hal_DebugDMATx          0x08002d95   0x66  Code  Gb  hal_uart.o [1]
hal_GetCurrentTime      0x0800aed5   0x3c  Code  Gb  hal_timer.o [1]
hal_GetSystickCounter   0x08005265    0x6  Code  Lc  apl_debug.o [1]
hal_GetSystickCounter   0x0800214d    0x6  Code  Lc  common.o [1]
hal_GetSystickCounter   0x08002875    0x6  Code  Lc  hal_uart.o [1]
hal_GetSystickCounter   0x08009375    0x6  Code  Lc  sx1276-LoRa.o [1]
hal_InitCOM             0x08002a39  0x172  Code  Gb  hal_uart.o [1]
hal_InitLED             0x0800b915   0x5c  Code  Gb  hal_led.o [1]
hal_InitMemoryVariable  0x08005dd5    0x8  Code  Gb  hal_memory.o [1]
hal_InitNVIC            0x0800b4a5   0xce  Code  Gb  hal_nvic.o [1]
hal_InitPrintVariable   0x080029bf   0x4e  Code  Gb  hal_uart.o [1]
hal_InitRCC             0x0800b8a9    0xe  Code  Gb  hal_rcc.o [1]
hal_InitRF              0x08008679   0x1e  Code  Gb  hal_radio.o [1]
hal_InitRTC             0x0800ad85   0x78  Code  Gb  hal_timer.o [1]
hal_InitSystickTimer    0x0800ad6b   0x1a  Code  Gb  hal_timer.o [1]
hal_InitTIMER           0x0800ad5f    0xc  Code  Gb  hal_timer.o [1]
hal_InitTimerVariable   0x0800ad57    0x8  Code  Gb  hal_timer.o [1]
hal_InitUART            0x08002a29   0x10  Code  Gb  hal_uart.o [1]
hal_InitUartVariable    0x080029b7    0x8  Code  Gb  hal_uart.o [1]
hal_Init_Flash          0x080035a7    0x8  Code  Gb  hal_falsh.o [1]
hal_Init_RF_pins        0x080084d1   0xd4  Code  Gb  hal_radio.o [1]
hal_Init_gdflash_pins   0x08006fa9   0x7a  Code  Gb  hal_GDflash.o [1]
hal_LightLED            0x0800b8fd   0x18  Code  Lc  hal_led.o [1]
hal_LightLED            0x0800287b   0x18  Code  Lc  hal_uart.o [1]
hal_RF_process          0x200001d0   0x10  Data  Gb  hal_radio.o [1]
hal_RF_reset            0x200001e0   0x10  Data  Gb  hal_radio.o [1]
hal_SetCurrentTime      0x0800adfd   0xd8  Code  Gb  hal_timer.o [1]
hal_ToggleLED           0x080086b1   0x26  Code  Lc  sx1276-Fsk.o [1]
hal_UartINTTx           0x08002e0d   0x4e  Code  Gb  hal_uart.o [1]
hal_init_PWM            0x08001529  0x108  Code  Gb  gpio_per.o [1]
hal_sRF_FSK_ITConfig    0x080084b3   0x1e  Code  Gb  hal_radio.o [1]
hal_sRF_ITConfig        0x08008495   0x1e  Code  Gb  hal_radio.o [1]
hal_sRF_InitSPI         0x0800866d    0xc  Code  Gb  hal_radio.o [1]
hal_sRF_SPI_Config      0x080085ed   0x7a  Code  Gb  hal_radio.o [1]
hal_urat_process        0x200001f0   0x10  Data  Gb  hal_uart.o [1]
init_8209c_params       0x08001c85  0x146  Code  Gb  gpio_per.o [1]
init_update             0x08004655   0x5c  Code  Gb  APL.o [1]
init_zero_detect        0x080014c9   0x60  Code  Gb  gpio_per.o [1]
internal_Pow            0x08009f99  0x434  Code  Lc  pow.o [4]
lastevent               0x2000145f    0x1  Data  Lc  process.o [1]
light_time              0x20001418    0x4  Data  Lc  clock.o [1]
lnbias                  0x0800a408  0x420  Data  Lc  pow.o [4]
local_addr              0x20000250    0x8  Data  Gb  hal_radio.o [1]
main                    0x0800b7c1   0x94  Code  Gb  contiki-main.o [1]
ndigs                   0x080050f0   0x28  Data  Lc  xstoul.o [3]
nevents                 0x20001460    0x1  Data  Lc  process.o [1]
next_expiration         0x20001420    0x4  Data  Lc  etimer.o [1]
packet_tx_data          0x08008947   0x22  Code  Gb  sx1276-Fsk.o [1]
paralist                0x200000f8   0x2c  Data  Gb  APL.o [1]
period_save_data_process
                        0x200001b0   0x10  Data  Gb  gpio_per.o [1]
phsA                    0x20000230    0x8  Data  Gb  APL.o [1]
phyVersion              0x0800c2ac    0xc  Data  Gb  PHY.o [1]
poll_requested          0x20001462    0x1  Data  Lc  process.o [1]
pow                     0x0800a3f9    0xe  Code  Gb  pow.o [4]
power_down_protect      0x08001ebd   0x34  Code  Gb  gpio_per.o [1]
pows                    0x08007a28   0x48  Data  Lc  xdtento.o [4]
printf                  0x08002be9  0x194  Code  Gb  hal_uart.o [1]
printf_params           0x08004775   0x52  Code  Gb  APL.o [1]
proceess_packet         0x080043c5   0x88  Code  Gb  APL.o [1]
process_current         0x20001440    0x4  Data  Gb  process.o [1]
process_init            0x0800375b   0x1c  Code  Gb  process.o [1]
process_is_running      0x08003941   0x12  Code  Gb  process.o [1]
process_list            0x2000143c    0x4  Data  Gb  process.o [1]
process_poll            0x080038f5   0x1e  Code  Gb  process.o [1]
process_post            0x0800387d   0x60  Code  Gb  process.o [1]
process_post_synch      0x080038dd   0x12  Code  Gb  process.o [1]
process_run             0x0800385f   0x1e  Code  Gb  process.o [1]
process_start           0x08003655   0x32  Code  Gb  process.o [1]
process_thread_apl_update_process
                        0x0800424d  0x178  Code  Lc  APL.o [1]
process_thread_etimer_process
                        0x080031dd   0xd2  Code  Lc  etimer.o [1]
process_thread_hal_RF_process
                        0x080081c9   0xe6  Code  Lc  hal_radio.o [1]
process_thread_hal_RF_reset
                        0x080082af   0xa4  Code  Lc  hal_radio.o [1]
process_thread_hal_urat_process
                        0x080028ab  0x10c  Code  Lc  hal_uart.o [1]
process_thread_period_save_data_process
                        0x0800120b   0xa4  Code  Lc  gpio_per.o [1]
process_thread_start_time_detect_process
                        0x080012b9  0x102  Code  Lc  gpio_per.o [1]
pstart                  0x20000220    0x8  Data  Gb  APL.o [1]
qphsal                  0x20000238    0x8  Data  Gb  APL.o [1]
radio_reset             0x080056f7    0x8  Code  Gb  apl_debug.o [1]
read_8209c_energyP      0x08001fdd   0x5e  Code  Gb  gpio_per.o [1]
read_8209c_reg          0x0800571d   0x54  Code  Gb  apl_debug.o [1]
read_8209c_regs         0x0800198d   0xbe  Code  Gb  gpio_per.o [1]
read_LED_state          0x08002117   0x12  Code  Gb  gpio_per.o [1]
read_PWM_volt           0x0800166d   0x4e  Code  Gb  gpio_per.o [1]
read_UIP                0x08001f01   0xc4  Code  Gb  gpio_per.o [1]
read_adc                0x08005bfd   0x12  Code  Gb  apl_debug.o [1]
read_energy             0x08005b91   0x1c  Code  Gb  apl_debug.o [1]
read_factor             0x08005bad   0x12  Code  Gb  apl_debug.o [1]
read_fifo               0x08008a05   0x86  Code  Gb  sx1276-Fsk.o [1]
read_flash              0x08004451   0x1a  Code  Gb  APL.o [1]
read_gdflash            0x08005c45    0x8  Code  Gb  apl_debug.o [1]
read_light_time         0x08004f11    0x6  Code  Gb  clock.o [1]
read_param_all          0x08005a95   0x50  Code  Gb  apl_debug.o [1]
read_params_area        0x080010c9   0x54  Code  Gb  gpio_per.o [1]
read_pow_factor         0x08002041   0xa8  Code  Gb  gpio_per.o [1]
read_reg_all            0x08005665   0x6c  Code  Gb  apl_debug.o [1]
read_u_i_p              0x08005bdd   0x1a  Code  Gb  apl_debug.o [1]
read_update_flash       0x0800446b   0x6a  Code  Gb  APL.o [1]
receive_packet          0x080056e7    0x8  Code  Gb  apl_debug.o [1]
relay_gpio_init         0x080016c5   0x72  Code  Gb  gpio_per.o [1]
reset_8029c             0x08005ae9   0x4e  Code  Gb  apl_debug.o [1]
reset_update_params     0x080045a9   0x14  Code  Gb  APL.o [1]
rn8209c_checkSum        0x08001a4b   0x2a  Code  Gb  gpio_per.o [1]
rn8209c_init            0x080018e1    0xc  Code  Gb  gpio_per.o [1]
rn8209c_papameter       0x200000c0   0x38  Data  Gb  gpio_per.o [1]
rn8209c_read            0x0800180d   0x78  Code  Gb  gpio_per.o [1]
rn8209c_reset           0x08001889   0x30  Code  Gb  gpio_per.o [1]
rn8209c_write           0x08001799   0x70  Code  Gb  gpio_per.o [1]
rn8209c_write_byte      0x08001737   0x5a  Code  Gb  gpio_per.o [1]
save_8209c_params       0x08001a9b   0xd6  Code  Gb  gpio_per.o [1]
save_elc_datas          0x08001e89   0x2c  Code  Gb  gpio_per.o [1]
second_countdown        0x2000027c    0x4  Data  Lc  clock.o [1]
select_length           0x080018ed   0x48  Code  Gb  gpio_per.o [1]
send_packet             0x080056d1   0x16  Code  Gb  apl_debug.o [1]
set_8209c_Kx            0x080059b5   0xda  Code  Gb  apl_debug.o [1]
set_8209c_Reg           0x08005771   0x6c  Code  Gb  apl_debug.o [1]
set_8209c_hfconst       0x080057dd   0x46  Code  Gb  apl_debug.o [1]
set_8209c_params        0x08001b71   0x5c  Code  Gb  gpio_per.o [1]
set_PWM                 0x0800163d   0x2a  Code  Gb  gpio_per.o [1]
set_local_addr          0x08005d41   0x50  Code  Gb  apl_debug.o [1]
set_power               0x080055bb   0x1c  Code  Gb  apl_debug.o [1]
set_reg                 0x08005611   0x4e  Code  Gb  apl_debug.o [1]
set_update_packetState  0x080046b1   0x36  Code  Gb  APL.o [1]
spiReadWriteByte        0x08008353   0x2e  Code  Gb  hal_radio.o [1]
sprintf                 0x080041c1   0x38  Code  Gb  sprintf.o [3]
sqrt                    0x08004deb         Code  Gb  sqrt.o [4]
sqrtl                   0x08004deb         Code  Gb  sqrt.o [4]
st_update               0x20001204   0x8c  Data  Gb  APL.o [1]
start_continuous_mode   0x080088d9   0x6e  Code  Gb  sx1276-Fsk.o [1]
start_time_detect_process
                        0x200001c0   0x10  Data  Gb  gpio_per.o [1]
strlen                  0x08002251   0x10  Code  Gb  strlen.o [5]
strstr                  0x08002215    0x8  Code  Gb  gpio_per.o [1]
strtol                  0x08008d2d    0xa  Code  Gb  strtol.o [3]
tedtbuf                 0x200010dc   0x98  Data  Gb  contiki-main.o [1]
timer_RFreset           0x200013c4   0x10  Data  Gb  hal_radio.o [1]
timer_debug_uart_tx     0x200013f4   0x10  Data  Gb  hal_uart.o [1]
timer_expired           0x080060ef   0x1e  Code  Gb  timer.o [1]
timer_rf                0x200013b4   0x10  Data  Gb  hal_radio.o [1]
timer_set               0x080060e1    0xe  Code  Gb  timer.o [1]
timer_uart_rx           0x200013e4   0x10  Data  Gb  hal_uart.o [1]
timer_uart_tx           0x200013d4   0x10  Data  Gb  hal_uart.o [1]
timerlist               0x2000141c    0x4  Data  Lc  etimer.o [1]
update_software_check   0x080045d1   0x7a  Code  Gb  APL.o [1]
update_time             0x08003195   0x48  Code  Lc  etimer.o [1]
vsnprintf               0x08005f65   0x3c  Code  Gb  vsnprint.o [3]
w_memcpy                0x080021e7   0x18  Code  Gb  common.o [1]
w_memset                0x080021ff   0x16  Code  Gb  common.o [1]
write_finish            0x08005d91    0xe  Code  Gb  apl_debug.o [1]
write_finish_debug      0x08004575   0x2e  Code  Gb  APL.o [1]
write_update_flash      0x080044d9   0x8c  Code  Gb  APL.o [1]


[1] = E:\svnProject\street_lamp_new\Debug\Obj
[2] = command line
[3] = dl6M_tln.a
[4] = m6M_tl.a
[5] = rt6M_tl.a

  42 558 bytes of readonly  code memory
   3 906 bytes of readonly  data memory
   7 077 bytes of readwrite data memory (+ 192 absolute)

Errors: none
Warnings: none
