###############################################################################
#
# IAR ELF Linker V7.10.3.6832/W32 for ARM                 12/Dec/2015  17:49:07
# Copyright 2007-2014 IAR Systems AB.
#
#    Output file  =  G:\git_hub_lamp\lamp_slave_git\Debug\Exe\SlaverNode.out
#    Map file     =  G:\git_hub_lamp\lamp_slave_git\Debug\List\SlaverNode.map
#    Command line =  
#        G:\git_hub_lamp\lamp_slave_git\Debug\Obj\APL.o
#        G:\git_hub_lamp\lamp_slave_git\Debug\Obj\apl_debug.o
#        G:\git_hub_lamp\lamp_slave_git\Debug\Obj\autostart.o
#        G:\git_hub_lamp\lamp_slave_git\Debug\Obj\checkpoint.o
#        G:\git_hub_lamp\lamp_slave_git\Debug\Obj\clock.o
#        G:\git_hub_lamp\lamp_slave_git\Debug\Obj\common.o
#        G:\git_hub_lamp\lamp_slave_git\Debug\Obj\compower.o
#        G:\git_hub_lamp\lamp_slave_git\Debug\Obj\contiki-main.o
#        G:\git_hub_lamp\lamp_slave_git\Debug\Obj\crc16.o
#        G:\git_hub_lamp\lamp_slave_git\Debug\Obj\ctimer.o
#        G:\git_hub_lamp\lamp_slave_git\Debug\Obj\elfloader.o
#        G:\git_hub_lamp\lamp_slave_git\Debug\Obj\energest.o
#        G:\git_hub_lamp\lamp_slave_git\Debug\Obj\etimer.o
#        G:\git_hub_lamp\lamp_slave_git\Debug\Obj\gpio_per.o
#        G:\git_hub_lamp\lamp_slave_git\Debug\Obj\hal_falsh.o
#        G:\git_hub_lamp\lamp_slave_git\Debug\Obj\hal_GDflash.o
#        G:\git_hub_lamp\lamp_slave_git\Debug\Obj\hal_led.o
#        G:\git_hub_lamp\lamp_slave_git\Debug\Obj\hal_memory.o
#        G:\git_hub_lamp\lamp_slave_git\Debug\Obj\hal_nvic.o
#        G:\git_hub_lamp\lamp_slave_git\Debug\Obj\hal_radio.o
#        G:\git_hub_lamp\lamp_slave_git\Debug\Obj\hal_rcc.o
#        G:\git_hub_lamp\lamp_slave_git\Debug\Obj\hal_timer.o
#        G:\git_hub_lamp\lamp_slave_git\Debug\Obj\hal_uart.o
#        G:\git_hub_lamp\lamp_slave_git\Debug\Obj\hal_wdg.o
#        G:\git_hub_lamp\lamp_slave_git\Debug\Obj\ifft.o
#        G:\git_hub_lamp\lamp_slave_git\Debug\Obj\list.o
#        G:\git_hub_lamp\lamp_slave_git\Debug\Obj\memb.o
#        G:\git_hub_lamp\lamp_slave_git\Debug\Obj\mmem.o
#        G:\git_hub_lamp\lamp_slave_git\Debug\Obj\os_cpu_a.o
#        G:\git_hub_lamp\lamp_slave_git\Debug\Obj\PHY.o
#        G:\git_hub_lamp\lamp_slave_git\Debug\Obj\print-stats.o
#        G:\git_hub_lamp\lamp_slave_git\Debug\Obj\process.o
#        G:\git_hub_lamp\lamp_slave_git\Debug\Obj\procinit.o
#        G:\git_hub_lamp\lamp_slave_git\Debug\Obj\profile.o
#        G:\git_hub_lamp\lamp_slave_git\Debug\Obj\random.o
#        G:\git_hub_lamp\lamp_slave_git\Debug\Obj\ringbuf.o
#        G:\git_hub_lamp\lamp_slave_git\Debug\Obj\rtimer.o
#        G:\git_hub_lamp\lamp_slave_git\Debug\Obj\settings.o
#        G:\git_hub_lamp\lamp_slave_git\Debug\Obj\startup_stm32f030.o
#        G:\git_hub_lamp\lamp_slave_git\Debug\Obj\stimer.o
#        G:\git_hub_lamp\lamp_slave_git\Debug\Obj\stm32f0xx_adc.o
#        G:\git_hub_lamp\lamp_slave_git\Debug\Obj\stm32f0xx_cec.o
#        G:\git_hub_lamp\lamp_slave_git\Debug\Obj\stm32f0xx_comp.o
#        G:\git_hub_lamp\lamp_slave_git\Debug\Obj\stm32f0xx_crc.o
#        G:\git_hub_lamp\lamp_slave_git\Debug\Obj\stm32f0xx_dac.o
#        G:\git_hub_lamp\lamp_slave_git\Debug\Obj\stm32f0xx_dbgmcu.o
#        G:\git_hub_lamp\lamp_slave_git\Debug\Obj\stm32f0xx_dma.o
#        G:\git_hub_lamp\lamp_slave_git\Debug\Obj\stm32f0xx_exti.o
#        G:\git_hub_lamp\lamp_slave_git\Debug\Obj\stm32f0xx_flash.o
#        G:\git_hub_lamp\lamp_slave_git\Debug\Obj\stm32f0xx_gpio.o
#        G:\git_hub_lamp\lamp_slave_git\Debug\Obj\stm32f0xx_i2c.o
#        G:\git_hub_lamp\lamp_slave_git\Debug\Obj\stm32f0xx_it.o
#        G:\git_hub_lamp\lamp_slave_git\Debug\Obj\stm32f0xx_iwdg.o
#        G:\git_hub_lamp\lamp_slave_git\Debug\Obj\stm32f0xx_misc.o
#        G:\git_hub_lamp\lamp_slave_git\Debug\Obj\stm32f0xx_pwr.o
#        G:\git_hub_lamp\lamp_slave_git\Debug\Obj\stm32f0xx_rcc.o
#        G:\git_hub_lamp\lamp_slave_git\Debug\Obj\stm32f0xx_rtc.o
#        G:\git_hub_lamp\lamp_slave_git\Debug\Obj\stm32f0xx_spi.o
#        G:\git_hub_lamp\lamp_slave_git\Debug\Obj\stm32f0xx_syscfg.o
#        G:\git_hub_lamp\lamp_slave_git\Debug\Obj\stm32f0xx_tim.o
#        G:\git_hub_lamp\lamp_slave_git\Debug\Obj\stm32f0xx_usart.o
#        G:\git_hub_lamp\lamp_slave_git\Debug\Obj\stm32f0xx_wwdg.o
#        G:\git_hub_lamp\lamp_slave_git\Debug\Obj\sx1276-Fsk.o
#        G:\git_hub_lamp\lamp_slave_git\Debug\Obj\sx1276-FskMisc.o
#        G:\git_hub_lamp\lamp_slave_git\Debug\Obj\sx1276-LoRa.o
#        G:\git_hub_lamp\lamp_slave_git\Debug\Obj\sx1276-LoRaMisc.o
#        G:\git_hub_lamp\lamp_slave_git\Debug\Obj\system_stm32f0xx.o
#        G:\git_hub_lamp\lamp_slave_git\Debug\Obj\timer.o
#        G:\git_hub_lamp\lamp_slave_git\Debug\Obj\timetable-aggregate.o
#        G:\git_hub_lamp\lamp_slave_git\Debug\Obj\trickle-timer.o -o
#        G:\git_hub_lamp\lamp_slave_git\Debug\Exe\SlaverNode.out --map
#        G:\git_hub_lamp\lamp_slave_git\Debug\List\SlaverNode.map --config
#        G:\git_hub_lamp\lamp_slave_git\SlaverNode.icf --entry
#        __iar_program_start --vfe
#
###############################################################################

*******************************************************************************
*** RUNTIME MODEL ATTRIBUTES
***

CppFlavor       = *
__SystemLibrary = DLib


*******************************************************************************
*** PLACEMENT SUMMARY
***

"A1":  place at 0x08001000 { ro section .intvec };
"P1":  place in [from 0x08001000 to 0x0800ffff] { ro };
"P2":  place in [from 0x20000000 to 0x20001fff] { rw, block CSTACK, block HEAP };

  Section             Kind        Address    Size  Object
  -------             ----        -------    ----  ------
"A1":                                        0xb4
  .intvec             ro code  0x08001000    0xb4  startup_stm32f030.o [1]
                             - 0x080010b4    0xb4

"P1":                                      0xb0f0
  .text               ro code  0x080010b4  0x10e4  gpio_per.o [1]
  .text               ro code  0x08002198   0x116  common.o [1]
  .text               ro code  0x080022ae    0x10  gpio_per.o [1]
  .text               ro code  0x080022be    0x2a  zero_init3.o [5]
  .text               ro code  0x080022e8    0x34  ABImemset.o [5]
  .text               ro code  0x0800231c    0x10  strlen.o [5]
  .text               ro code  0x0800232c     0xc  atoi.o [3]
  .text               ro code  0x08002338     0xc  atof.o [4]
  .text               ro code  0x08002344    0x62  DblToFlt.o [4]
  .text               ro code  0x080023a6     0xa  xsprout.o [3]
  .text               ro code  0x080023b0   0x3b8  stm32f0xx_rcc.o [1]
  .text               ro code  0x08002768   0x210  stm32f0xx_tim.o [1]
  .text               ro code  0x08002978   0x940  hal_uart.o [1]
  .text               ro code  0x080032b8   0x220  etimer.o [1]
  .text               ro code  0x080034d8    0xe0  I32DivModFast.o [5]
  .text               ro code  0x080035b8    0xd6  hal_falsh.o [1]
  .rodata             const    0x0800368e     0x2  gpio_per.o [1]
  .text               ro code  0x08003690   0x322  process.o [1]
  .rodata             const    0x080039b2     0x2  hal_uart.o [1]
  .text               ro code  0x080039b4    0xf4  stm32f0xx_adc.o [1]
  .text               ro code  0x08003aa8   0x168  stm32f0xx_gpio.o [1]
  .text               ro code  0x08003c10    0xc4  stm32f0xx_exti.o [1]
  .text               ro code  0x08003cd4    0x9c  stm32f0xx_syscfg.o [1]
  .text               ro code  0x08003d70    0x34  I32ToDbl.o [4]
  .text               ro code  0x08003da4   0x184  DblMul.o [4]
  .text               ro code  0x08003f28    0xc2  DblDiv.o [4]
  .rodata             const    0x08003fea     0x2  hal_uart.o [1]
  .text               ro code  0x08003fec    0x52  DblToI32.o [4]
  .rodata             const    0x0800403e     0x2  hal_uart.o [1]
  .text               ro code  0x08004040   0x1f2  stm32f0xx_usart.o [1]
  .rodata             const    0x08004232     0x2  hal_uart.o [1]
  .text               ro code  0x08004234    0x32  FltToDbl.o [4]
  .text               ro code  0x08004266     0x2  startup_stm32f030.o [1]
  .text               ro code  0x08004268    0x38  sprintf.o [3]
  .text               ro code  0x080042a0   0x71a  APL.o [1]
  .text               ro code  0x080049ba     0x2  startup_stm32f030.o [1]
  .text               ro code  0x080049bc   0x438  stm32f0xx_rtc.o [1]
  .text               ro code  0x08004df4    0x1e  I32ToFlt.o [4]
  .text               ro code  0x08004e12    0xb4  FltMul.o [4]
  .text               ro code  0x08004ec6    0xbe  sqrt.o [4]
  .text               ro code  0x08004f84    0x98  clock.o [1]
  .text               ro code  0x0800501c    0x3c  stm32f0xx_iwdg.o [1]
  .text               ro code  0x08005058    0x78  stm32f0xx_wwdg.o [1]
  .text               ro code  0x080050d0    0x38  strstr.o [3]
  .text               ro code  0x08005108   0x180  xstoul.o [3]
  .text               ro code  0x08005288   0x14a  xstod.o [4]
  .text               ro code  0x080053d2     0x2  startup_stm32f030.o [1]
  .text               ro code  0x080053d4   0xa04  apl_debug.o [1]
  .text               ro code  0x08005dd8   0x1b2  hal_memory.o [1]
  .text               ro code  0x08005f8a     0x2  startup_stm32f030.o [1]
  .text               ro code  0x08005f8c    0x3c  vsnprint.o [3]
  .text               ro code  0x08005fc8   0x144  stm32f0xx_dma.o [1]
  .text               ro code  0x0800610c    0x2e  timer.o [1]
  .text               ro code  0x0800613a     0x2  startup_stm32f030.o [1]
  .text               ro code  0x0800613c     0x2  IntDivZer.o [5]
  .text               ro code  0x0800613e     0x2  startup_stm32f030.o [1]
  .text               ro code  0x08006140   0x12e  stm32f0xx_flash.o [1]
  .text               ro code  0x0800626e     0x2  startup_stm32f030.o [1]
  .text               ro code  0x08006270   0xe96  xprintffull_nomb.o [3]
  .text               ro code  0x08007106     0x2  startup_stm32f030.o [1]
  .text               ro code  0x08007108   0x3b4  hal_GDflash.o [1]
  .text               ro code  0x080074bc     0xc  iarEdom.o [5]
  .text               ro code  0x080074c8    0x18  memchr.o [5]
  .text               ro code  0x080074e0    0x10  errno.o [3]
  .text               ro code  0x080074f0   0x12c  xstopfx.o [3]
  .text               ro code  0x0800761c   0x1cc  xstoflt.o [3]
  .text               ro code  0x080077e8   0x1b4  DblAddSub.o [4]
  .text               ro code  0x080079a0   0x208  xdtento.o [4]
  .text               ro code  0x08007ba8   0x220  xstoxflt.o [3]
  .text               ro code  0x08007dc8   0x11c  xdscale.o [4]
  .text               ro code  0x08007ee4   0x438  sx1276-LoRaMisc.o [1]
  .text               ro code  0x0800831c   0xa80  hal_radio.o [1]
  .text               ro code  0x08008d9c   0x99c  sx1276-LoRa.o [1]
  .text               ro code  0x08009738     0xa  strtol.o [3]
  .text               ro code  0x08009742     0x2  startup_stm32f030.o [1]
  CODE                ro code  0x08009744     0xe  os_cpu_a.o [1]
  .text               ro code  0x08009752    0x14  strchr.o [5]
  .text               ro code  0x08009766    0x6a  I64DivMod.o [5]
  .text               ro code  0x080097d0    0x5c  ABImemcpy.o [5]
  .text               ro code  0x0800982c    0x44  xdnorm.o [4]
  .text               ro code  0x08009870    0x32  DblCmpLe.o [4]
  .text               ro code  0x080098a2    0x32  DblCmpGe.o [4]
  .text               ro code  0x080098d4    0x20  div.o [3]
  .text               ro code  0x080098f4     0x2  xtls.o [3]
  .text               ro code  0x080098f6    0x24  DblCmpEq.o [4]
  .text               ro code  0x0800991a     0x2  startup_stm32f030.o [1]
  .text               ro code  0x0800991c    0x68  xdunscal.o [4]
  .text               ro code  0x08009984    0xd2  stm32f0xx_spi.o [1]
  .text               ro code  0x08009a56     0x2  startup_stm32f030.o [1]
  .text               ro code  0x08009a58   0x890  pow.o [4]
  .text               ro code  0x0800a2e8    0x58  ceil.o [4]
  .text               ro code  0x0800a340    0x98  xstol.o [3]
  .text               ro code  0x0800a3d8     0x2  I64DivZer.o [5]
  .text               ro code  0x0800a3da     0x2  startup_stm32f030.o [1]
  .text               ro code  0x0800a3dc    0x8c  xdint.o [4]
  .text               ro code  0x0800a468    0xa4  xlog.o [4]
  .text               ro code  0x0800a50c   0x2b4  xexp.o [4]
  .text               ro code  0x0800a7c0    0x3c  xdtest.o [4]
  .text               ro code  0x0800a7fc   0x34c  hal_timer.o [1]
  .text               ro code  0x0800ab48    0x30  stm32f0xx_pwr.o [1]
  .text               ro code  0x0800ab78   0x20c  system_stm32f0xx.o [1]
  .rodata             const    0x0800ad84   0x200  common.o [1]
  .text               ro code  0x0800af84   0x162  hal_nvic.o [1]
  .text               ro code  0x0800b0e6     0x2  startup_stm32f030.o [1]
  .text               ro code  0x0800b0e8    0x78  stm32f0xx_misc.o [1]
  .rodata             const    0x0800b160   0x100  apl_debug.o [1]
  .rodata             const    0x0800b260    0xc8  sx1276-LoRa.o [1]
  .text               ro code  0x0800b328    0xc4  contiki-main.o [1]
  .text               ro code  0x0800b3ec    0x34  PHY.o [1]
  .text               ro code  0x0800b420    0x52  hal_rcc.o [1]
  .text               ro code  0x0800b472     0x2  startup_stm32f030.o [1]
  .text               ro code  0x0800b474    0x80  hal_led.o [1]
  .text               ro code  0x0800b4f4    0x56  hal_wdg.o [1]
  .text               ro code  0x0800b54a     0x2  startup_stm32f030.o [1]
  .rodata             const    0x0800b54c    0x80  apl_debug.o [1]
  .rodata             const    0x0800b5cc    0x4c  APL.o [1]
  .rodata             const    0x0800b618    0x50  sx1276-LoRa.o [1]
  .rodata             const    0x0800b668    0x34  hal_timer.o [1]
  .rodata             const    0x0800b69c    0x30  APL.o [1]
  .rodata             const    0x0800b6cc    0x30  APL.o [1]
  .rodata             const    0x0800b6fc    0x30  APL.o [1]
  .rodata             const    0x0800b72c    0x30  gpio_per.o [1]
  .rodata             const    0x0800b75c    0x30  hal_timer.o [1]
  .text               ro code  0x0800b78c    0x30  copy_init3.o [5]
  .rodata             const    0x0800b7bc    0x2c  apl_debug.o [1]
  .rodata             const    0x0800b7e8    0x2c  gpio_per.o [1]
  .text               ro code  0x0800b814    0x2a  stm32f0xx_it.o [1]
  .text               ro code  0x0800b83e     0x2  startup_stm32f030.o [1]
  .rodata             const    0x0800b840    0x28  APL.o [1]
  .rodata             const    0x0800b868    0x28  apl_debug.o [1]
  .text               ro code  0x0800b890    0x28  data_init.o [5]
  .iar.init_table     const    0x0800b8b8    0x24  - Linker created -
  .rodata             const    0x0800b8dc    0x20  gpio_per.o [1]
  .rodata             const    0x0800b8fc    0x20  gpio_per.o [1]
  .rodata             const    0x0800b91c    0x20  gpio_per.o [1]
  .rodata             const    0x0800b93c    0x1c  APL.o [1]
  .rodata             const    0x0800b958    0x1c  apl_debug.o [1]
  .rodata             const    0x0800b974    0x1c  apl_debug.o [1]
  .rodata             const    0x0800b990    0x1c  apl_debug.o [1]
  .rodata             const    0x0800b9ac    0x1c  gpio_per.o [1]
  .rodata             const    0x0800b9c8    0x1c  gpio_per.o [1]
  .rodata             const    0x0800b9e4    0x1c  hal_timer.o [1]
  .text               ro code  0x0800ba00    0x1c  xsnprout.o [3]
  .text               ro code  0x0800ba1c    0x1a  cmain.o [5]
  .text               ro code  0x0800ba36     0x4  low_level_init.o [3]
  .text               ro code  0x0800ba3a     0x8  exit.o [3]
  .text               ro code  0x0800ba42     0x2  startup_stm32f030.o [1]
  .text               ro code  0x0800ba44     0xa  cexit.o [5]
  .text               ro code  0x0800ba50     0xc  XXexit.o [5]
  .rodata             const    0x0800ba5c    0x18  APL.o [1]
  .rodata             const    0x0800ba74    0x18  APL.o [1]
  .rodata             const    0x0800ba8c    0x18  apl_debug.o [1]
  .rodata             const    0x0800baa4    0x18  apl_debug.o [1]
  .rodata             const    0x0800babc    0x18  gpio_per.o [1]
  .rodata             const    0x0800bad4    0x18  gpio_per.o [1]
  .rodata             const    0x0800baec    0x18  gpio_per.o [1]
  .rodata             const    0x0800bb04    0x18  gpio_per.o [1]
  .rodata             const    0x0800bb1c    0x18  hal_radio.o [1]
  .rodata             const    0x0800bb34    0x18  hal_timer.o [1]
  .rodata             const    0x0800bb4c    0x18  hal_timer.o [1]
  .rodata             const    0x0800bb64    0x18  hal_uart.o [1]
  .rodata             const    0x0800bb7c    0x18  hal_uart.o [1]
  .rodata             const    0x0800bb94    0x18  hal_uart.o [1]
  .rodata             const    0x0800bbac    0x18  xprintffull_nomb.o [3]
  .rodata             const    0x0800bbc4    0x14  APL.o [1]
  .rodata             const    0x0800bbd8    0x14  APL.o [1]
  .rodata             const    0x0800bbec    0x14  APL.o [1]
  .rodata             const    0x0800bc00    0x14  APL.o [1]
  .rodata             const    0x0800bc14    0x14  APL.o [1]
  .rodata             const    0x0800bc28    0x14  APL.o [1]
  .rodata             const    0x0800bc3c    0x14  APL.o [1]
  .rodata             const    0x0800bc50    0x14  APL.o [1]
  .rodata             const    0x0800bc64    0x14  APL.o [1]
  .rodata             const    0x0800bc78    0x14  APL.o [1]
  .rodata             const    0x0800bc8c    0x14  hal_timer.o [1]
  .rodata             const    0x0800bca0    0x14  hal_timer.o [1]
  .rodata             const    0x0800bcb4    0x14  hal_timer.o [1]
  .rodata             const    0x0800bcc8    0x14  hal_uart.o [1]
  .rodata             const    0x0800bcdc    0x10  APL.o [1]
  .rodata             const    0x0800bcec    0x10  APL.o [1]
  .rodata             const    0x0800bcfc    0x10  APL.o [1]
  .rodata             const    0x0800bd0c    0x10  APL.o [1]
  .rodata             const    0x0800bd1c    0x10  apl_debug.o [1]
  .rodata             const    0x0800bd2c    0x10  apl_debug.o [1]
  .rodata             const    0x0800bd3c    0x10  apl_debug.o [1]
  .rodata             const    0x0800bd4c    0x10  apl_debug.o [1]
  .rodata             const    0x0800bd5c    0x10  gpio_per.o [1]
  .rodata             const    0x0800bd6c    0x10  hal_radio.o [1]
  .rodata             const    0x0800bd7c    0x10  hal_radio.o [1]
  .rodata             const    0x0800bd8c    0x10  hal_radio.o [1]
  .rodata             const    0x0800bd9c    0x10  hal_uart.o [1]
  .text               ro code  0x0800bdac    0x10  startup_stm32f030.o [1]
  .rodata             const    0x0800bdbc     0xc  APL.o [1]
  .rodata             const    0x0800bdc8     0xc  apl_debug.o [1]
  .rodata             const    0x0800bdd4     0xc  apl_debug.o [1]
  .rodata             const    0x0800bde0     0xc  apl_debug.o [1]
  .rodata             const    0x0800bdec     0xc  apl_debug.o [1]
  .rodata             const    0x0800bdf8     0xc  apl_debug.o [1]
  .rodata             const    0x0800be04     0xc  apl_debug.o [1]
  .rodata             const    0x0800be10     0xc  apl_debug.o [1]
  .rodata             const    0x0800be1c     0xc  apl_debug.o [1]
  .rodata             const    0x0800be28     0xc  apl_debug.o [1]
  .rodata             const    0x0800be34     0xc  apl_debug.o [1]
  .rodata             const    0x0800be40     0xc  apl_debug.o [1]
  .rodata             const    0x0800be4c     0xc  apl_debug.o [1]
  .rodata             const    0x0800be58     0xc  apl_debug.o [1]
  .rodata             const    0x0800be64     0xc  contiki-main.o [1]
  .rodata             const    0x0800be70     0xc  etimer.o [1]
  .rodata             const    0x0800be7c     0xc  gpio_per.o [1]
  .rodata             const    0x0800be88     0xc  hal_radio.o [1]
  .rodata             const    0x0800be94     0xc  hal_radio.o [1]
  .rodata             const    0x0800bea0     0xc  hal_radio.o [1]
  .rodata             const    0x0800beac     0xc  hal_radio.o [1]
  .rodata             const    0x0800beb8     0xc  hal_radio.o [1]
  .rodata             const    0x0800bec4     0xc  hal_radio.o [1]
  .rodata             const    0x0800bed0     0xc  hal_radio.o [1]
  .rodata             const    0x0800bedc     0xc  PHY.o [1]
  .text               ro code  0x0800bee8     0xc  cstartup_M.o [5]
  .rodata             const    0x0800bef4     0x8  apl_debug.o [1]
  .rodata             const    0x0800befc     0x8  apl_debug.o [1]
  .rodata             const    0x0800bf04     0x8  apl_debug.o [1]
  .rodata             const    0x0800bf0c     0x8  apl_debug.o [1]
  .rodata             const    0x0800bf14     0x8  apl_debug.o [1]
  .rodata             const    0x0800bf1c     0x8  apl_debug.o [1]
  .rodata             const    0x0800bf24     0x8  apl_debug.o [1]
  .rodata             const    0x0800bf2c     0x8  apl_debug.o [1]
  .rodata             const    0x0800bf34     0x8  apl_debug.o [1]
  .rodata             const    0x0800bf3c     0x8  apl_debug.o [1]
  .rodata             const    0x0800bf44     0x8  apl_debug.o [1]
  .rodata             const    0x0800bf4c     0x8  apl_debug.o [1]
  .rodata             const    0x0800bf54     0x8  apl_debug.o [1]
  .rodata             const    0x0800bf5c     0x8  apl_debug.o [1]
  .rodata             const    0x0800bf64     0x8  apl_debug.o [1]
  .rodata             const    0x0800bf6c     0x8  apl_debug.o [1]
  .rodata             const    0x0800bf74     0x8  apl_debug.o [1]
  .rodata             const    0x0800bf7c     0x8  apl_debug.o [1]
  .rodata             const    0x0800bf84     0x8  apl_debug.o [1]
  .rodata             const    0x0800bf8c     0x8  hal_led.o [1]
  .rodata             const    0x0800bf94     0x8  hal_uart.o [1]
  .rodata             const    0x0800bf9c     0x8  hal_uart.o [1]
  .rodata             const    0x0800bfa4     0x8  hal_uart.o [1]
  .rodata             const    0x0800bfac     0x8  hal_uart.o [1]
  .rodata             const    0x0800bfb4     0x4  apl_debug.o [1]
  .rodata             const    0x0800bfb8     0x4  apl_debug.o [1]
  .rodata             const    0x0800bfbc     0x4  apl_debug.o [1]
  .rodata             const    0x0800bfc0     0x4  apl_debug.o [1]
  .rodata             const    0x0800bfc4     0x4  gpio_per.o [1]
  .rodata             const    0x0800bfc8     0x4  hal_led.o [1]
  .rodata             const    0x0800bfcc     0x4  hal_uart.o [1]
  .rodata             const    0x0800bfd0     0x4  hal_uart.o [1]
  .rodata             const    0x0800bfd4     0x0  zero_init3.o [5]
  .rodata             const    0x0800bfd4     0x0  copy_init3.o [5]
  Initializer bytes   ro data  0x0800bfd4   0x1d0  <for P2 s0>
                             - 0x0800c1a4  0xb0f0

Absolute sections:                           0xc0
  .noinit             uninit   0x20000000    0xc0  contiki-main.o [1]
                             - 0x200000c0    0xc0

"P2", part 1 of 3:                          0x1d0
  P2 s0                        0x200000c0   0x1d0  <Init block>
    .data             inited   0x200000c0    0x38  gpio_per.o [1]
    .data             inited   0x200000f8    0x2c  APL.o [1]
    .data             inited   0x20000124    0x20  sx1276-LoRa.o [1]
    .data             inited   0x20000144    0x10  APL.o [1]
    .data             inited   0x20000154    0x10  APL.o [1]
    .data             inited   0x20000164    0x10  APL.o [1]
    .data             inited   0x20000174    0x10  APL.o [1]
    .data             inited   0x20000184    0x10  etimer.o [1]
    .data             inited   0x20000194    0x10  gpio_per.o [1]
    .data             inited   0x200001a4    0x10  gpio_per.o [1]
    .data             inited   0x200001b4    0x10  hal_radio.o [1]
    .data             inited   0x200001c4    0x10  hal_radio.o [1]
    .data             inited   0x200001d4    0x10  hal_uart.o [1]
    .data             inited   0x200001e4    0x10  stm32f0xx_rcc.o [1]
    .data             inited   0x200001f4    0x10  system_stm32f0xx.o [1]
    .data             inited   0x20000204     0x8  APL.o [1]
    .data             inited   0x2000020c     0x8  APL.o [1]
    .data             inited   0x20000214     0x8  APL.o [1]
    .data             inited   0x2000021c     0x8  APL.o [1]
    .data             inited   0x20000224     0x8  APL.o [1]
    .data             inited   0x2000022c     0x8  hal_led.o [1]
    .data             inited   0x20000234     0x8  hal_radio.o [1]
    .data             inited   0x2000023c     0x8  hal_radio.o [1]
    .data             inited   0x20000244     0x8  hal_uart.o [1]
    .data             inited   0x2000024c     0x8  hal_uart.o [1]
    .data             inited   0x20000254     0x8  hal_uart.o [1]
    .data             inited   0x2000025c     0x4  APL.o [1]
    .data             inited   0x20000260     0x4  APL.o [1]
    .data             inited   0x20000264     0x4  APL.o [1]
    .data             inited   0x20000268     0x4  clock.o [1]
    .data             inited   0x2000026c     0x4  hal_radio.o [1]
    .data             inited   0x20000270     0x4  hal_radio.o [1]
    .data             inited   0x20000274     0x4  hal_radio.o [1]
    .data             inited   0x20000278     0x4  hal_radio.o [1]
    .data             inited   0x2000027c     0x4  hal_radio.o [1]
    .data             inited   0x20000280     0x4  system_stm32f0xx.o [1]
    __DLIB_PERTHREAD  inited   0x20000284     0x4  errno.o [3]
    .data             inited   0x20000288     0x1  gpio_per.o [1]
    .data             inited   0x20000289     0x1  hal_uart.o [1]
    .data             inited   0x2000028a     0x1  hal_uart.o [1]
    .data             inited   0x2000028b     0x1  hal_uart.o [1]
    .data             inited   0x2000028c     0x1  hal_uart.o [1]
    .data             inited   0x2000028d     0x1  sx1276-LoRa.o [1]
                             - 0x20000290   0x1d0

"P2", part 2 of 3:                         0x10d0
  .bss                zero     0x20000290   0x4b8  hal_uart.o [1]
  .bss                zero     0x20000748   0x400  gpio_per.o [1]
  .bss                zero     0x20000b48   0x180  process.o [1]
  .bss                zero     0x20000cc8   0x108  sx1276-LoRa.o [1]
  .bss                zero     0x20000dd0   0x100  hal_uart.o [1]
  .bss                zero     0x20000ed0   0x100  hal_uart.o [1]
  .bss                zero     0x20000fd0    0x98  contiki-main.o [1]
  .bss                zero     0x20001068    0x90  APL.o [1]
  .bss                zero     0x200010f8    0x8c  APL.o [1]
  .bss                zero     0x20001184    0x70  sx1276-LoRa.o [1]
  .bss                zero     0x200011f4    0x64  hal_memory.o [1]
  .bss                zero     0x20001258    0x20  hal_uart.o [1]
  .bss                zero     0x20001278    0x10  APL.o [1]
  .bss                zero     0x20001288    0x10  gpio_per.o [1]
  .bss                zero     0x20001298    0x10  gpio_per.o [1]
  .bss                zero     0x200012a8    0x10  hal_radio.o [1]
  .bss                zero     0x200012b8    0x10  hal_radio.o [1]
  .bss                zero     0x200012c8    0x10  hal_uart.o [1]
  .bss                zero     0x200012d8    0x10  hal_uart.o [1]
  .bss                zero     0x200012e8    0x10  hal_uart.o [1]
  .bss                zero     0x200012f8     0x8  sx1276-LoRa.o [1]
  .bss                zero     0x20001300     0x8  sx1276-LoRa.o [1]
  .bss                zero     0x20001308     0x4  APL.o [1]
  .bss                zero     0x2000130c     0x4  clock.o [1]
  .bss                zero     0x20001310     0x4  clock.o [1]
  .bss                zero     0x20001314     0x4  clock.o [1]
  .bss                zero     0x20001318     0x4  etimer.o [1]
  .bss                zero     0x2000131c     0x4  etimer.o [1]
  .bss                zero     0x20001320     0x4  gpio_per.o [1]
  .bss                zero     0x20001324     0x4  hal_memory.o [1]
  .bss                zero     0x20001328     0x4  hal_timer.o [1]
  .bss                zero     0x2000132c     0x4  hal_uart.o [1]
  .bss                zero     0x20001330     0x4  hal_uart.o [1]
  .bss                zero     0x20001334     0x4  hal_uart.o [1]
  .bss                zero     0x20001338     0x4  process.o [1]
  .bss                zero     0x2000133c     0x4  process.o [1]
  .bss                zero     0x20001340     0x4  process.o [1]
  .bss                zero     0x20001344     0x4  process.o [1]
  .bss                zero     0x20001348     0x4  process.o [1]
  .bss                zero     0x2000134c     0x4  sx1276-LoRa.o [1]
  .bss                zero     0x20001350     0x4  sx1276-LoRa.o [1]
  .bss                zero     0x20001354     0x2  gpio_per.o [1]
  .bss                zero     0x20001356     0x1  APL.o [1]
  .bss                zero     0x20001357     0x1  process.o [1]
  .bss                zero     0x20001358     0x1  process.o [1]
  .bss                zero     0x20001359     0x1  process.o [1]
  .bss                zero     0x2000135a     0x1  process.o [1]
  .bss                zero     0x2000135b     0x1  process.o [1]
  .bss                zero     0x2000135c     0x1  process.o [1]
  .bss                zero     0x2000135d     0x1  sx1276-LoRa.o [1]
  .bss                zero     0x2000135e     0x1  sx1276-LoRa.o [1]
                             - 0x2000135f  0x10cf

"P2", part 3 of 3:                          0x800
  CSTACK                       0x20001360   0x800  <Block>
    CSTACK            uninit   0x20001360   0x800  <Block tail>
                             - 0x20001b60   0x800


*******************************************************************************
*** INIT TABLE
***

          Address     Size
          -------     ----
Zero (__iar_zero_init3)
    1 destination range, total size 0x10cf:
          0x20000290  0x10cf

Copy (__iar_copy_init3)
    1 source range, total size 0x1d0 (100% of destination):
          0x0800bfd4   0x1d0
    1 destination range, total size 0x1ce:
          0x200000c0   0x1ce



*******************************************************************************
*** MODULE SUMMARY
***

    Module               ro code  ro data  rw data  rw data
                                                     (abs)
    ------               -------  -------  -------  -------
G:\git_hub_lamp\lamp_slave_git\Debug\Obj: [1]
    APL.o                  1 818      772      465
    PHY.o                     52       12
    apl_debug.o            2 564      988
    clock.o                  152        4       16
    common.o                 278      512
    contiki-main.o           196       12      152      192
    etimer.o                 544       28       24
    gpio_per.o             4 340      463    1 151
    hal_GDflash.o            948
    hal_falsh.o              214
    hal_led.o                128       20        8
    hal_memory.o             434               104
    hal_nvic.o               354
    hal_radio.o            2 688      224      100
    hal_rcc.o                 82
    hal_timer.o              844      236        4
    hal_uart.o             2 368      200    1 856
    hal_wdg.o                 86
    os_cpu_a.o                14
    process.o                802               410
    startup_stm32f030.o      230
    stm32f0xx_adc.o          244
    stm32f0xx_dma.o          324
    stm32f0xx_exti.o         196
    stm32f0xx_flash.o        302
    stm32f0xx_gpio.o         360
    stm32f0xx_it.o            42
    stm32f0xx_iwdg.o          60
    stm32f0xx_misc.o         120
    stm32f0xx_pwr.o           48
    stm32f0xx_rcc.o          952       16       16
    stm32f0xx_rtc.o        1 080
    stm32f0xx_spi.o          210
    stm32f0xx_syscfg.o       156
    stm32f0xx_tim.o          528
    stm32f0xx_usart.o        498
    stm32f0xx_wwdg.o         120
    sx1276-LoRa.o          2 460      313      435
    sx1276-LoRaMisc.o      1 080
    system_stm32f0xx.o       524       20       20
    timer.o                   46
    -------------------------------------------------------
    Total:                28 486    3 820    4 761      192

command line: [2]
    -------------------------------------------------------
    Total:

dl6M_tln.a: [3]
    atoi.o                    12
    div.o                     32
    errno.o                   16        4        4
    exit.o                     8
    low_level_init.o           4
    sprintf.o                 56
    strstr.o                  56
    strtol.o                  10
    vsnprint.o                60
    xprintffull_nomb.o     3 734       24
    xsnprout.o                28
    xsprout.o                 10
    xstoflt.o                460
    xstol.o                  152
    xstopfx.o                300
    xstoul.o                 384
    xstoxflt.o               544
    xtls.o                     2
    -------------------------------------------------------
    Total:                 5 868       28        4

m6M_tl.a: [4]
    DblAddSub.o              436
    DblCmpEq.o                36
    DblCmpGe.o                50
    DblCmpLe.o                50
    DblDiv.o                 194
    DblMul.o                 388
    DblToFlt.o                98
    DblToI32.o                82
    FltMul.o                 180
    FltToDbl.o                50
    I32ToDbl.o                52
    I32ToFlt.o                30
    atof.o                    12
    ceil.o                    88
    pow.o                  2 192
    sqrt.o                   190
    xdint.o                  140
    xdnorm.o                  68
    xdscale.o                284
    xdtento.o                520
    xdtest.o                  60
    xdunscal.o               104
    xexp.o                   692
    xlog.o                   164
    xstod.o                  330
    -------------------------------------------------------
    Total:                 6 490

rt6M_tl.a: [5]
    ABImemcpy.o               92
    ABImemset.o               52
    I32DivModFast.o          224
    I64DivMod.o              106
    I64DivZer.o                2
    IntDivZer.o                2
    XXexit.o                  12
    cexit.o                   10
    cmain.o                   26
    copy_init3.o              48
    cstartup_M.o              12
    data_init.o               40
    iarEdom.o                 12
    memchr.o                  24
    strchr.o                  20
    strlen.o                  16
    zero_init3.o              42
    -------------------------------------------------------
    Total:                   740

    Gaps                       6
    Linker created                     38    2 048
-----------------------------------------------------------
    Grand Total:          41 590    3 886    6 813      192


*******************************************************************************
*** ENTRY LIST
***

Entry                      Address   Size  Type      Object
-----                      -------   ----  ----      ------
?main                   0x0800ba1d         Code  Gb  cmain.o [5]
ADC_ChannelConfig       0x08003a01   0x16  Code  Gb  stm32f0xx_adc.o [1]
ADC_ClearFlag           0x08003aa5    0x4  Code  Gb  stm32f0xx_adc.o [1]
ADC_Cmd                 0x080039e5   0x1c  Code  Gb  stm32f0xx_adc.o [1]
ADC_GetCalibrationFactor
                        0x08003a17   0x3e  Code  Gb  stm32f0xx_adc.o [1]
ADC_GetConversionValue  0x08003a69    0x6  Code  Gb  stm32f0xx_adc.o [1]
ADC_GetFlagStatus       0x08003a6f   0x2c  Code  Gb  stm32f0xx_adc.o [1]
ADC_Init                0x080039b5   0x30  Code  Gb  stm32f0xx_adc.o [1]
ADC_StartOfConversion   0x08003a5f    0xa  Code  Gb  stm32f0xx_adc.o [1]
ADC_StopOfConversion    0x08003a55    0xa  Code  Gb  stm32f0xx_adc.o [1]
AHBPrescTable           0x200001f4   0x10  Data  Gb  system_stm32f0xx.o [1]
APBAHBPrescTable        0x200001e4   0x10  Data  Lc  stm32f0xx_rcc.o [1]
COM_BAUD                0x0800bf94    0x8  Data  Gb  hal_uart.o [1]
COM_RX_AF               0x08004232    0x2  Data  Gb  hal_uart.o [1]
COM_RX_PIN              0x0800bfd0    0x4  Data  Gb  hal_uart.o [1]
COM_RX_PIN_SOURCE       0x08003fea    0x2  Data  Gb  hal_uart.o [1]
COM_RX_PORT             0x20000254    0x8  Data  Gb  hal_uart.o [1]
COM_RX_PORT_CLK         0x0800bfac    0x8  Data  Gb  hal_uart.o [1]
COM_TX_AF               0x0800403e    0x2  Data  Gb  hal_uart.o [1]
COM_TX_PIN              0x0800bfcc    0x4  Data  Gb  hal_uart.o [1]
COM_TX_PIN_SOURCE       0x080039b2    0x2  Data  Gb  hal_uart.o [1]
COM_TX_PORT             0x2000024c    0x8  Data  Gb  hal_uart.o [1]
COM_TX_PORT_CLK         0x0800bfa4    0x8  Data  Gb  hal_uart.o [1]
COM_USART               0x20000244    0x8  Data  Gb  hal_uart.o [1]
COM_USART_CLK           0x0800bf9c    0x8  Data  Gb  hal_uart.o [1]
CRC16_CCITT_Table       0x0800ad84  0x200  Data  Gb  common.o [1]
CSTACK$$Base            0x20001360          --   Gb  - Linker created -
CSTACK$$Limit           0x20001b60          --   Gb  - Linker created -
CmdList                 0x0800b160  0x100  Data  Lc  apl_debug.o [1]
DMA1_Channel4_5_IRQHandler
                        0x08003161   0xc0  Code  Gb  hal_uart.o [1]
DMA_ClearITPendingBit   0x080060e1    0x6  Code  Gb  stm32f0xx_dma.o [1]
DMA_Cmd                 0x0800608f   0x1c  Code  Gb  stm32f0xx_dma.o [1]
DMA_DeInit              0x08005fc9   0x84  Code  Gb  stm32f0xx_dma.o [1]
DMA_GetITStatus         0x080060c3   0x1e  Code  Gb  stm32f0xx_dma.o [1]
DMA_ITConfig            0x080060ab   0x18  Code  Gb  stm32f0xx_dma.o [1]
DMA_Init                0x0800604d   0x42  Code  Gb  stm32f0xx_dma.o [1]
Delayms                 0x080021e1   0x26  Code  Gb  common.o [1]
EXTI0_1_IRQHandler      0x08009529   0xfe  Code  Gb  sx1276-LoRa.o [1]
EXTI4_15_IRQHandler     0x0800962d   0xd4  Code  Gb  sx1276-LoRa.o [1]
EXTI_ClearITPendingBit  0x08003cb9    0x6  Code  Gb  stm32f0xx_exti.o [1]
EXTI_GetITStatus        0x08003c9b   0x1e  Code  Gb  stm32f0xx_exti.o [1]
EXTI_Init               0x08003c11   0x8a  Code  Gb  stm32f0xx_exti.o [1]
FLASH_ClearFlag         0x080061fd    0x6  Code  Gb  stm32f0xx_flash.o [1]
FLASH_ErasePage         0x08006159   0x4e  Code  Gb  stm32f0xx_flash.o [1]
FLASH_GetStatus         0x08006203   0x36  Code  Gb  stm32f0xx_flash.o [1]
FLASH_Init              0x080035b9    0xe  Code  Gb  hal_falsh.o [1]
FLASH_ProgramHalfWord   0x080061a7   0x42  Code  Gb  stm32f0xx_flash.o [1]
FLASH_Unlock            0x08006141   0x18  Code  Gb  stm32f0xx_flash.o [1]
FLASH_WaitForLastOperation
                        0x08006241   0x2e  Code  Gb  stm32f0xx_flash.o [1]
FLASH_Write_chars       0x080035e1   0xae  Code  Gb  hal_falsh.o [1]
FLASH_Write_update_page
                        0x08004853   0x20  Code  Gb  APL.o [1]
GDflash_64KByte_erase   0x080074b1    0xc  Code  Gb  hal_GDflash.o [1]
GDflash_ReadByte        0x080071bf   0x42  Code  Gb  hal_GDflash.o [1]
GDflash_WriteByte       0x08007183   0x3c  Code  Gb  hal_GDflash.o [1]
GDflash_erase           0x08007365   0x82  Code  Gb  hal_GDflash.o [1]
GDflash_init            0x08007205    0xe  Code  Gb  hal_GDflash.o [1]
GDflash_page_program    0x080072e5   0x80  Code  Gb  hal_GDflash.o [1]
GDflash_read            0x080073e7   0x16  Code  Gb  hal_GDflash.o [1]
GDflash_read_datas      0x08007273   0x72  Code  Gb  hal_GDflash.o [1]
GDflash_read_status_reg
                        0x08007245   0x2e  Code  Gb  hal_GDflash.o [1]
GDflash_write           0x080073fd   0xb4  Code  Gb  hal_GDflash.o [1]
GDflash_write_enable    0x08007213   0x32  Code  Gb  hal_GDflash.o [1]
GPIO_Init               0x08003aa9   0xbe  Code  Gb  stm32f0xx_gpio.o [1]
GPIO_PinAFConfig        0x08003ba1   0x70  Code  Gb  stm32f0xx_gpio.o [1]
GPIO_ReadInputDataBit   0x08003b67   0x1e  Code  Gb  stm32f0xx_gpio.o [1]
GPIO_ResetBits          0x08003b8b    0x4  Code  Gb  stm32f0xx_gpio.o [1]
GPIO_SetBits            0x08003b85    0x6  Code  Gb  stm32f0xx_gpio.o [1]
GPIO_WriteBit           0x08003b8f   0x12  Code  Gb  stm32f0xx_gpio.o [1]
GPIO_int_Config         0x08008c4d   0x3a  Code  Gb  hal_radio.o [1]
GPQA                    0x2000020c    0x8  Data  Gb  APL.o [1]
GetCRC16                0x0800219f   0x36  Code  Gb  common.o [1]
GetStringParameter      0x080056cd   0x8e  Code  Gb  apl_debug.o [1]
GetTime                 0x0800ab41    0x8  Code  Gb  hal_timer.o [1]
Getu16Parameter         0x080055e9   0xcc  Code  Gb  apl_debug.o [1]
Getu8Parameter          0x080054e9  0x100  Code  Gb  apl_debug.o [1]
HardFault_Handler       0x0800b837    0x4  Code  Gb  stm32f0xx_it.o [1]
HexCharToInt8u          0x08005765   0x44  Code  Lc  apl_debug.o [1]
HoppingFrequencies      0x0800b260   0xc8  Data  Gb  sx1276-LoRa.o [1]
IWDG_Enable             0x0800503d    0x8  Code  Gb  stm32f0xx_iwdg.o [1]
IWDG_ReloadCounter      0x08005035    0x8  Code  Gb  stm32f0xx_iwdg.o [1]
IWDG_SetPrescaler       0x08005025    0x8  Code  Gb  stm32f0xx_iwdg.o [1]
IWDG_SetReload          0x0800502d    0x8  Code  Gb  stm32f0xx_iwdg.o [1]
IWDG_WriteAccessCmd     0x0800501d    0x8  Code  Gb  stm32f0xx_iwdg.o [1]
InitHardware            0x0800b3ed   0x24  Code  Gb  PHY.o [1]
InitPhyVariable         0x0800b411   0x10  Code  Gb  PHY.o [1]
InitVariable            0x0800b329    0x8  Code  Gb  contiki-main.o [1]
Ki                      0x20000260    0x4  Data  Gb  APL.o [1]
Kp                      0x20000264    0x4  Data  Gb  APL.o [1]
Ku                      0x2000025c    0x4  Data  Gb  APL.o [1]
LED_CLK                 0x0800bf8c    0x8  Data  Gb  hal_led.o [1]
LED_PIN                 0x0800bfc8    0x4  Data  Gb  hal_led.o [1]
LED_PORT                0x2000022c    0x8  Data  Gb  hal_led.o [1]
LoRaSettings            0x20000124   0x20  Data  Gb  sx1276-LoRa.o [1]
MemCpy                  0x08002207   0x1e  Code  Gb  common.o [1]
MemSet                  0x08002225   0x16  Code  Gb  common.o [1]
NMI_Handler             0x0800b815   0x22  Code  Gb  stm32f0xx_it.o [1]
NVIC_Init               0x0800b0e9   0x6a  Code  Gb  stm32f0xx_misc.o [1]
NVIC_SetPriority        0x0800af85   0x8a  Code  Lc  hal_nvic.o [1]
NVIC_SetPriority        0x0800a7fd   0x8a  Code  Lc  hal_timer.o [1]
NVIC_SystemReset        0x080042a1   0x12  Code  Lc  APL.o [1]
OSMemCreate             0x08005e2b   0x84  Code  Gb  hal_memory.o [1]
OSMemFreeList           0x20001324    0x4  Data  Gb  hal_memory.o [1]
OSMemGet                0x08005eb9   0x3e  Code  Gb  hal_memory.o [1]
OSMemPut                0x08005ef7   0x36  Code  Gb  hal_memory.o [1]
OSMemQuery              0x08005f2d   0x34  Code  Gb  hal_memory.o [1]
OSMemTbl                0x200011f4   0x64  Data  Gb  hal_memory.o [1]
OS_CPU_SR_Restore       0x0800974d         Code  Gb  os_cpu_a.o [1]
OS_CPU_SR_Save          0x08009745         Code  Gb  os_cpu_a.o [1]
OS_MemClr               0x08005f77   0x14  Code  Gb  hal_memory.o [1]
OS_MemCopy              0x08005f61   0x16  Code  Gb  hal_memory.o [1]
OS_MemInit              0x08005de1   0x4a  Code  Lc  hal_memory.o [1]
PFCont                  0x20000224    0x8  Data  Gb  APL.o [1]
PWR_BackupAccessCmd     0x0800ab49   0x26  Code  Gb  stm32f0xx_pwr.o [1]
PendSV_Handler          0x0800b83d    0x2  Code  Gb  stm32f0xx_it.o [1]
RCC_ADCCLKConfig        0x08002425   0x34  Code  Gb  stm32f0xx_rcc.o [1]
RCC_AHBPeriphClockCmd   0x080025e5   0x20  Code  Gb  stm32f0xx_rcc.o [1]
RCC_APB1PeriphClockCmd  0x08002627   0x20  Code  Gb  stm32f0xx_rcc.o [1]
RCC_APB1PeriphResetCmd  0x08002655   0x20  Code  Gb  stm32f0xx_rcc.o [1]
RCC_APB2PeriphClockCmd  0x08002605   0x20  Code  Gb  stm32f0xx_rcc.o [1]
RCC_ClearITPendingBit   0x08002725    0x6  Code  Gb  stm32f0xx_rcc.o [1]
RCC_ClockSecuritySystemCmd
                        0x080023e3   0x26  Code  Gb  stm32f0xx_rcc.o [1]
RCC_GetClocksFreq       0x08002461  0x146  Code  Gb  stm32f0xx_rcc.o [1]
RCC_GetFlagStatus       0x0800269d   0x5c  Code  Gb  stm32f0xx_rcc.o [1]
RCC_GetITStatus         0x08002705   0x20  Code  Gb  stm32f0xx_rcc.o [1]
RCC_HSEConfig           0x080023b1    0xc  Code  Gb  stm32f0xx_rcc.o [1]
RCC_IRQHandler          0x0800b42f   0x44  Code  Gb  hal_rcc.o [1]
RCC_ITConfig            0x08002679   0x20  Code  Gb  stm32f0xx_rcc.o [1]
RCC_PLLCmd              0x080023bd   0x26  Code  Gb  stm32f0xx_rcc.o [1]
RCC_RTCCLKCmd           0x080025b9   0x26  Code  Gb  stm32f0xx_rcc.o [1]
RCC_RTCCLKConfig        0x080025a7    0xc  Code  Gb  stm32f0xx_rcc.o [1]
RCC_SYSCLKConfig        0x08002409   0x14  Code  Gb  stm32f0xx_rcc.o [1]
RTC_Bcd2ToByte          0x08004ddd   0x18  Code  Lc  stm32f0xx_rtc.o [1]
RTC_ByteToBcd2          0x08004dc5   0x18  Code  Lc  stm32f0xx_rtc.o [1]
RTC_DateStructInit      0x08004d05   0x12  Code  Gb  stm32f0xx_rtc.o [1]
RTC_EnterInitMode       0x08004a1d   0x54  Code  Gb  stm32f0xx_rtc.o [1]
RTC_ExitInitMode        0x08004a71    0xe  Code  Gb  stm32f0xx_rtc.o [1]
RTC_GetDate             0x08004d17   0x56  Code  Gb  stm32f0xx_rtc.o [1]
RTC_GetTime             0x08004bdf   0x56  Code  Gb  stm32f0xx_rtc.o [1]
RTC_Init                0x080049bd   0x60  Code  Gb  stm32f0xx_rtc.o [1]
RTC_ReadBackupRegister  0x08004da1   0x1e  Code  Gb  stm32f0xx_rtc.o [1]
RTC_SetDate             0x08004c39   0xcc  Code  Gb  stm32f0xx_rtc.o [1]
RTC_SetTime             0x08004af5   0xca  Code  Gb  stm32f0xx_rtc.o [1]
RTC_TimeStructInit      0x08004bcd   0x12  Code  Gb  stm32f0xx_rtc.o [1]
RTC_WaitForSynchro      0x08004a7f   0x6a  Code  Gb  stm32f0xx_rtc.o [1]
RTC_WriteBackupRegister
                        0x08004d85   0x1c  Code  Gb  stm32f0xx_rtc.o [1]
ReadVersion             0x08004873  0x104  Code  Gb  APL.o [1]
Region$$Table$$Base     0x0800b8b8          --   Gb  - Linker created -
Region$$Table$$Limit    0x0800b8dc          --   Gb  - Linker created -
Relay_close             0x08005aaf    0xc  Code  Gb  apl_debug.o [1]
Relay_open              0x08005abb    0xc  Code  Gb  apl_debug.o [1]
RxEndProcess            0x08009221   0x20  Code  Gb  sx1276-LoRa.o [1]
RxGain                  0x2000028d    0x1  Data  Lc  sx1276-LoRa.o [1]
RxPacketRssiValue       0x200012f8    0x8  Data  Lc  sx1276-LoRa.o [1]
RxPacketSnrEstimate     0x2000135d    0x1  Data  Lc  sx1276-LoRa.o [1]
SPI_Cmd                 0x080099e5   0x1c  Code  Gb  stm32f0xx_spi.o [1]
SPI_I2S_GetFlagStatus   0x08009a3d   0x1a  Code  Gb  stm32f0xx_spi.o [1]
SPI_Init                0x08009985   0x60  Code  Gb  stm32f0xx_spi.o [1]
SPI_ReceiveData8        0x08009a1b    0xc  Code  Gb  stm32f0xx_spi.o [1]
SPI_RxFIFOThresholdConfig
                        0x08009a01   0x10  Code  Gb  stm32f0xx_spi.o [1]
SPI_SendData8           0x08009a11    0xa  Code  Gb  stm32f0xx_spi.o [1]
SVC_Handler             0x0800b83b    0x2  Code  Gb  stm32f0xx_it.o [1]
SX1276LR                0x2000134c    0x4  Data  Gb  sx1276-LoRa.o [1]
SX1276LoRaGetPacketRssi
                        0x08008f7f    0x6  Code  Gb  sx1276-LoRa.o [1]
SX1276LoRaGetPacketSnr  0x08008f77    0x8  Code  Gb  sx1276-LoRa.o [1]
SX1276LoRaGetPayloadSymbNb
                        0x08008e7b   0xa6  Code  Gb  sx1276-LoRa.o [1]
SX1276LoRaGetRFState    0x080090ad    0x6  Code  Gb  sx1276-LoRa.o [1]
SX1276LoRaGetSymbolTs   0x08008e2d   0x4e  Code  Gb  sx1276-LoRa.o [1]
SX1276LoRaGetWokeUpPreambleLenth
                        0x08008f33    0x6  Code  Gb  sx1276-LoRa.o [1]
SX1276LoRaInit          0x080090bb   0xbe  Code  Gb  sx1276-LoRa.o [1]
SX1276LoRaInitHopPeriod
                        0x08008f21   0x12  Code  Gb  sx1276-LoRa.o [1]
SX1276LoRaReadRxGain    0x08008f5d   0x1a  Code  Gb  sx1276-LoRa.o [1]
SX1276LoRaSetErrorCoding
                        0x080080d9   0x36  Code  Gb  sx1276-LoRaMisc.o [1]
SX1276LoRaSetImplicitHeaderOn
                        0x08008185   0x34  Code  Gb  sx1276-LoRaMisc.o [1]
SX1276LoRaSetLowDatarateOptimize
                        0x080082ab   0x38  Code  Gb  sx1276-LoRaMisc.o [1]
SX1276LoRaSetNbTrigPeaks
                        0x080082e3   0x36  Code  Gb  sx1276-LoRaMisc.o [1]
SX1276LoRaSetOpMode     0x08008f39   0x24  Code  Gb  sx1276-LoRa.o [1]
SX1276LoRaSetPAOutput   0x0800822b   0x30  Code  Gb  sx1276-LoRaMisc.o [1]
SX1276LoRaSetPa20dBm    0x080081d9   0x52  Code  Gb  sx1276-LoRaMisc.o [1]
SX1276LoRaSetPacketCrcOn
                        0x08008115   0x36  Code  Gb  sx1276-LoRaMisc.o [1]
SX1276LoRaSetPayloadLength
                        0x080081b9   0x20  Code  Gb  sx1276-LoRaMisc.o [1]
SX1276LoRaSetPreambleLength
                        0x0800814b   0x3a  Code  Gb  sx1276-LoRaMisc.o [1]
SX1276LoRaSetRFFrequency
                        0x08007ee5   0x48  Code  Gb  sx1276-LoRaMisc.o [1]
SX1276LoRaSetRFPower    0x08007f2d  0x10e  Code  Gb  sx1276-LoRaMisc.o [1]
SX1276LoRaSetRFState    0x080090b3    0x6  Code  Gb  sx1276-LoRa.o [1]
SX1276LoRaSetSignalBandwidth
                        0x0800803b   0x36  Code  Gb  sx1276-LoRaMisc.o [1]
SX1276LoRaSetSpreadingFactor
                        0x08008071   0x60  Code  Gb  sx1276-LoRaMisc.o [1]
SX1276LoRaSetSymbTimeout
                        0x08008265   0x46  Code  Gb  sx1276-LoRaMisc.o [1]
SX1276LoRa_Receive_Packet
                        0x080093d5  0x144  Code  Gb  sx1276-LoRa.o [1]
SX1276LoRa_Send_Packet  0x08009261  0x14a  Code  Gb  sx1276-LoRa.o [1]
SX1276Read              0x08008ac3   0x14  Code  Gb  hal_radio.o [1]
SX1276ReadBuffer        0x08008a73   0x3e  Code  Gb  hal_radio.o [1]
SX1276ReadFifo          0x08008aeb   0x14  Code  Gb  hal_radio.o [1]
SX1276Regs              0x20001184   0x70  Data  Gb  sx1276-LoRa.o [1]
SX1276Reset             0x08008da3   0x34  Code  Gb  sx1276-LoRa.o [1]
SX1276SetReset          0x08008aff   0x26  Code  Gb  hal_radio.o [1]
SX1276Write             0x08008ab1   0x12  Code  Gb  hal_radio.o [1]
SX1276WriteBuffer       0x08008a35   0x3e  Code  Gb  hal_radio.o [1]
SX1276WriteFifo         0x08008ad7   0x14  Code  Gb  hal_radio.o [1]
SX1276_lora_init        0x08008dd7   0x56  Code  Gb  sx1276-LoRa.o [1]
SYSCFG_DMAChannelRemapConfig
                        0x08003ce9   0x20  Code  Gb  stm32f0xx_syscfg.o [1]
SYSCFG_EXTILineConfig   0x08003d09   0x60  Code  Gb  stm32f0xx_syscfg.o [1]
SYSCFG_MemoryRemapConfig
                        0x08003cd5   0x14  Code  Gb  stm32f0xx_syscfg.o [1]
SendUart                0x08003231   0x58  Code  Gb  hal_uart.o [1]
SetSysClock             0x0800ac83   0xbe  Code  Lc  system_stm32f0xx.o [1]
SetTime                 0x0800aabd   0x84  Code  Gb  hal_timer.o [1]
SoftReset               0x080049b1    0xa  Code  Gb  APL.o [1]
SysTick_Config          0x0800a887   0x32  Code  Lc  hal_timer.o [1]
SysTick_Handler         0x08004f85   0x62  Code  Gb  clock.o [1]
SystemCoreClock         0x20000280    0x4  Data  Gb  system_stm32f0xx.o [1]
SystemCoreClockUpdate   0x0800abe7   0x9c  Code  Gb  system_stm32f0xx.o [1]
SystemInit              0x0800ab79   0x6e  Code  Gb  system_stm32f0xx.o [1]
TIM14_IRQHandler        0x080013c9   0x3c  Code  Gb  gpio_per.o [1]
TIM_ARRPreloadConfig    0x080027d3   0x1c  Code  Gb  stm32f0xx_tim.o [1]
TIM_ClearFlag           0x08002941    0x8  Code  Gb  stm32f0xx_tim.o [1]
TIM_Cmd                 0x080027ef   0x1c  Code  Gb  stm32f0xx_tim.o [1]
TIM_CtrlPWMOutputs      0x0800281d   0x26  Code  Gb  stm32f0xx_tim.o [1]
TIM_GetITStatus         0x08002949   0x30  Code  Gb  stm32f0xx_tim.o [1]
TIM_ITConfig            0x08002929   0x18  Code  Gb  stm32f0xx_tim.o [1]
TIM_OC1Init             0x08002843   0x94  Code  Gb  stm32f0xx_tim.o [1]
TIM_OC1PreloadConfig    0x0800290d   0x12  Code  Gb  stm32f0xx_tim.o [1]
TIM_SetCounter          0x080027cf    0x4  Code  Gb  stm32f0xx_tim.o [1]
TIM_TimeBaseInit        0x08002769   0x66  Code  Gb  stm32f0xx_tim.o [1]
USART1_IRQHandler       0x080030c5   0x7c  Code  Gb  hal_uart.o [1]
USART2_IRQHandler       0x08002f85  0x13c  Code  Gb  hal_uart.o [1]
USART_Cmd               0x0800410f   0x1c  Code  Gb  stm32f0xx_usart.o [1]
USART_DMACmd            0x08004151   0x18  Code  Gb  stm32f0xx_usart.o [1]
USART_GetFlagStatus     0x080041ad   0x1c  Code  Gb  stm32f0xx_usart.o [1]
USART_GetITStatus       0x080041c9   0x6a  Code  Gb  stm32f0xx_usart.o [1]
USART_ITConfig          0x08004169   0x44  Code  Gb  stm32f0xx_usart.o [1]
USART_Init              0x08004041   0xce  Code  Gb  stm32f0xx_usart.o [1]
USART_ReceiveData       0x08004139    0x8  Code  Gb  stm32f0xx_usart.o [1]
USART_SendData          0x08004131    0x8  Code  Gb  stm32f0xx_usart.o [1]
VectorTable             0x20000000   0xc0  Data  Gb  contiki-main.o [1]
WWDG_DeInit             0x08005059   0x18  Code  Gb  stm32f0xx_wwdg.o [1]
WWDG_Enable             0x080050b7    0xc  Code  Gb  stm32f0xx_wwdg.o [1]
WWDG_SetCounter         0x080050ab    0xc  Code  Gb  stm32f0xx_wwdg.o [1]
WWDG_SetPrescaler       0x08005071   0x14  Code  Gb  stm32f0xx_wwdg.o [1]
WWDG_SetWindowValue     0x08005085   0x26  Code  Gb  stm32f0xx_wwdg.o [1]
_GenldFullNoMb          0x08006e6d  0x266  Code  Lc  xprintffull_nomb.o [3]
_LdtobFullNoMb          0x080069d5  0x482  Code  Lc  xprintffull_nomb.o [3]
_LitobFullNoMb          0x080068a1  0x12e  Code  Lc  xprintffull_nomb.o [3]
_PrintfFullNoMb         0x08006271  0x630  Code  Gb  xprintffull_nomb.o [3]
_PutcharsFullNoMb       0x080070d3   0x30  Code  Lc  xprintffull_nomb.o [3]
_SNProut                0x0800ba01   0x1c  Code  Gb  xsnprout.o [3]
_SProut                 0x080023a7    0xa  Code  Gb  xsprout.o [3]
_Stoflt                 0x0800761d  0x1cc  Code  Gb  xstoflt.o [3]
_Stopfx                 0x080074f1  0x12c  Code  Gb  xstopfx.o [3]
_Stoxflt                0x08007ba9  0x1ea  Code  Gb  xstoxflt.o [3]
__ICFEDIT_region_RAM_end__ {Abs}
                        0x20001fff          --   Gb  command line/config [2]
__ICFEDIT_region_RAM_start__ {Abs}
                        0x20000000          --   Gb  command line/config [2]
__aeabi_cdcmpeq         0x080098f7         Code  Gb  DblCmpEq.o [4]
__aeabi_cdcmple         0x08009871         Code  Gb  DblCmpLe.o [4]
__aeabi_cdrcmple        0x080098a3         Code  Gb  DblCmpGe.o [4]
__aeabi_d2f             0x08002345         Code  Gb  DblToFlt.o [4]
__aeabi_d2iz            0x08003fed         Code  Gb  DblToI32.o [4]
__aeabi_d2uiz           0x08004011         Code  Gb  DblToI32.o [4]
__aeabi_dadd            0x080077e9         Code  Gb  DblAddSub.o [4]
__aeabi_ddiv            0x08003f29         Code  Gb  DblDiv.o [4]
__aeabi_dmul            0x08003da5         Code  Gb  DblMul.o [4]
__aeabi_dsub            0x080078af         Code  Gb  DblAddSub.o [4]
__aeabi_errno_addr      0x080074e1    0xa  Code  Gb  errno.o [3]
__aeabi_f2d             0x08004235         Code  Gb  FltToDbl.o [4]
__aeabi_fmul            0x08004e13         Code  Gb  FltMul.o [4]
__aeabi_i2d             0x08003d71         Code  Gb  I32ToDbl.o [4]
__aeabi_idiv            0x08003505         Code  Gb  I32DivModFast.o [5]
__aeabi_idiv0           0x0800613d         Code  Gb  IntDivZer.o [5]
__aeabi_idivmod         0x08003505         Code  Gb  I32DivModFast.o [5]
__aeabi_ldiv0           0x0800a3d9         Code  Gb  I64DivZer.o [5]
__aeabi_memclr4         0x08002319         Code  Gb  ABImemset.o [5]
__aeabi_memclr8         0x08002319         Code  Gb  ABImemset.o [5]
__aeabi_memcpy          0x080097d1         Code  Gb  ABImemcpy.o [5]
__aeabi_memcpy4         0x080097f9         Code  Gb  ABImemcpy.o [5]
__aeabi_memcpy8         0x080097f9         Code  Gb  ABImemcpy.o [5]
__aeabi_ui2d            0x08003d85         Code  Gb  I32ToDbl.o [4]
__aeabi_ui2f            0x08004df5         Code  Gb  I32ToFlt.o [4]
__aeabi_uidiv           0x0800350b         Code  Gb  I32DivModFast.o [5]
__aeabi_uidivmod        0x0800350b         Code  Gb  I32DivModFast.o [5]
__aeabi_uldivmod        0x08009767         Code  Gb  I64DivMod.o [5]
__cmain                 0x0800ba1d         Code  Gb  cmain.o [5]
__exit                  0x0800ba51         Code  Gb  XXexit.o [5]
__iar_Dint              0x0800a3dd   0x8c  Code  Gb  xdint.o [4]
__iar_Dnorm             0x0800982d   0x44  Code  Gb  xdnorm.o [4]
__iar_Dscale            0x08007dc9  0x11c  Code  Gb  xdscale.o [4]
__iar_Dtentox           0x080079f1  0x146  Code  Gb  xdtento.o [4]
__iar_Dtest             0x0800a7c1   0x3c  Code  Gb  xdtest.o [4]
__iar_Dunscale          0x0800991d   0x68  Code  Gb  xdunscal.o [4]
__iar_Errno             0x20000284    0x4  Data  Gb  errno.o [3]
__iar_Exp               0x0800a50d  0x2b4  Code  Gb  xexp.o [4]
__iar_Logpoly           0x0800a469   0x6c  Code  Gb  xlog.o [4]
__iar_Memchr            0x080074c9   0x18  Code  Gb  memchr.o [5]
__iar_Memset4_word      0x080022e9         Code  Gb  ABImemset.o [5]
__iar_Stod              0x080053c9    0xa  Code  Gb  xstod.o [4]
__iar_Stodx             0x08005289  0x134  Code  Gb  xstod.o [4]
__iar_Stolx             0x0800a341   0x98  Code  Gb  xstol.o [3]
__iar_Stoul             0x0800522f    0xa  Code  Gb  xstoul.o [3]
__iar_Stoulx            0x08005109  0x126  Code  Gb  xstoul.o [3]
__iar_Strchr            0x08009753   0x14  Code  Gb  strchr.o [5]
__iar_Strstr            0x080050d1   0x38  Code  Gb  strstr.o [3]
__iar_ceil              0x0800a2e9         Code  Gb  ceil.o [4]
__iar_ceill             0x0800a2e9         Code  Gb  ceil.o [4]
__iar_copy_init3        0x0800b78d   0x30  Code  Gb  copy_init3.o [5]
__iar_d2uiz             0x08004015         Code  Gb  DblToI32.o [4]
__iar_data_init3        0x0800b891   0x28  Code  Gb  data_init.o [5]
__iar_dlib_perthread_access
                        0x080098f5    0x2  Code  Gb  xtls.o [3]
__iar_edom              0x080074bd         Code  Gb  iarEdom.o [5]
__iar_program_start     0x0800bee9         Code  Gb  cstartup_M.o [5]
__iar_sqrt              0x08004ec7         Code  Gb  sqrt.o [4]
__iar_ui2d              0x08003d89         Code  Gb  I32ToDbl.o [4]
__iar_ui2f              0x08004df9         Code  Gb  I32ToFlt.o [4]
__iar_zero_init3        0x080022bf   0x2a  Code  Gb  zero_init3.o [5]
__low_level_init        0x0800ba37    0x4  Code  Gb  low_level_init.o [3]
__vector_table          0x08001000         Data  Gb  startup_stm32f030.o [1]
_call_main              0x0800ba29         Code  Gb  cmain.o [5]
_exit                   0x0800ba45         Code  Gb  cexit.o [5]
_main                   0x0800ba33         Code  Gb  cmain.o [5]
add_timer               0x080033ed   0x42  Code  Lc  etimer.o [1]
aplVersion              0x0800bdbc    0xc  Data  Gb  APL.o [1]
apl_ProcessCmdLine      0x08005407   0xe2  Code  Gb  apl_debug.o [1]
apl_ProcessDebugCmd     0x080053db   0x2c  Code  Gb  apl_debug.o [1]
apl_ProcessRadioCmd     0x0800834d  0x492  Code  Gb  hal_radio.o [1]
apl_update_process      0x20000174   0x10  Data  Gb  APL.o [1]
atof                    0x08002339    0xc  Code  Gb  atof.o [4]
atoi                    0x0800232d    0xc  Code  Gb  atoi.o [3]
bordcast_addr           0x2000023c    0x8  Data  Gb  hal_radio.o [1]
cal_power_angle         0x080059c1    0x2  Code  Gb  apl_debug.o [1]
cal_power_gain          0x080059bf    0x2  Code  Gb  apl_debug.o [1]
calibration             0x20000144   0x10  Data  Gb  APL.o [1]
call_process            0x08003763   0x4a  Code  Lc  process.o [1]
ceil                    0x0800a2e9         Code  Gb  ceil.o [4]
ceill                   0x0800a2e9         Code  Gb  ceil.o [4]
changeHopChannel        0x080058df   0x1e  Code  Gb  apl_debug.o [1]
change_string_to_arry16
                        0x08005bfd   0xaa  Code  Gb  apl_debug.o [1]
check_update_packect_state
                        0x080047e9   0x2e  Code  Gb  APL.o [1]
check_update_state      0x0800482d   0x26  Code  Gb  APL.o [1]
clear_light_time        0x08004ff3   0x12  Code  Gb  clock.o [1]
clock_time              0x08004fe7    0x6  Code  Gb  clock.o [1]
cmd_broadcast           0x2000026c    0x4  Data  Gb  hal_radio.o [1]
cmd_op_light            0x2000027c    0x4  Data  Gb  hal_radio.o [1]
cmd_read_data           0x20000278    0x4  Data  Gb  hal_radio.o [1]
cmd_update              0x20000270    0x4  Data  Gb  hal_radio.o [1]
cmp                     0x08002289   0x26  Code  Gb  common.o [1]
config_8209c_reg        0x08001965   0x5e  Code  Gb  gpio_per.o [1]
config_GDOx_Map         0x08008f85   0x44  Code  Gb  sx1276-LoRa.o [1]
current_clock           0x2000130c    0x4  Data  Lc  clock.o [1]
current_seconds         0x20001310    0x4  Data  Lc  clock.o [1]
debug_save              0x08005b35    0xe  Code  Gb  apl_debug.o [1]
debug_set_pwm           0x08005ac7   0x38  Code  Gb  apl_debug.o [1]
digits                  0x08005238   0x28  Data  Lc  xstoul.o [3]
div                     0x080098d5   0x20  Code  Gb  div.o [3]
dmul                    0x080079a1   0x50  Code  Lc  xdtento.o [4]
do_event                0x080037f9   0xba  Code  Lc  process.o [1]
do_poll                 0x080037c9   0x30  Code  Lc  process.o [1]
drop_down_timer_init    0x080011cb   0x46  Code  Gb  gpio_per.o [1]
enegyDegree             0x20000164   0x10  Data  Gb  APL.o [1]
energyPulse             0x20000154   0x10  Data  Gb  APL.o [1]
etimer_next_expiration_time
                        0x08003459   0x14  Code  Gb  etimer.o [1]
etimer_pending          0x08003445   0x14  Code  Gb  etimer.o [1]
etimer_process          0x20000184   0x10  Data  Gb  etimer.o [1]
etimer_remodify         0x080034c5   0x14  Code  Gb  etimer.o [1]
etimer_request_poll     0x080033e3    0xa  Code  Gb  etimer.o [1]
etimer_set              0x0800342f   0x16  Code  Gb  etimer.o [1]
etimer_stop             0x0800346d   0x46  Code  Gb  etimer.o [1]
events                  0x20000b48  0x180  Data  Lc  process.o [1]
exit                    0x0800ba3b    0x8  Code  Gb  exit.o [3]
exit_process            0x080036cb   0x98  Code  Lc  process.o [1]
fevent                  0x20001359    0x1  Data  Lc  process.o [1]
find_free_addr          0x08001aab   0x2a  Code  Gb  gpio_per.o [1]
find_old_data           0x08001c0b   0xae  Code  Gb  gpio_per.o [1]
find_params             0x08001123   0xa8  Code  Gb  gpio_per.o [1]
find_string16_len       0x08005b9d   0x60  Code  Gb  apl_debug.o [1]
flash_erase_page        0x080035cf   0x12  Code  Gb  hal_falsh.o [1]
flash_ok                0x20000288    0x1  Data  Lc  gpio_per.o [1]
format_elc_data         0x08001e15   0xb6  Code  Gb  gpio_per.o [1]
g_DebugRxBuffer         0x20001258   0x20  Data  Gb  hal_uart.o [1]
g_DebugRxFlag           0x20001334    0x4  Data  Gb  hal_uart.o [1]
g_DebugRx_state         0x2000028c    0x1  Data  Gb  hal_uart.o [1]
g_DebugTx_state         0x2000028b    0x1  Data  Gb  hal_uart.o [1]
g_GDOx_map_conf         0x20001300    0x8  Data  Gb  sx1276-LoRa.o [1]
g_Print                 0x20000290  0x4b8  Data  Gb  hal_uart.o [1]
g_RF_LoRa               0x20000cc8  0x108  Data  Gb  sx1276-LoRa.o [1]
g_SystickCounter        0x20001328    0x4  Data  Gb  hal_timer.o [1]
g_UartRxBuffer          0x20000ed0  0x100  Data  Gb  hal_uart.o [1]
g_UartRxFlag            0x20001330    0x4  Data  Gb  hal_uart.o [1]
g_UartRx_state          0x2000028a    0x1  Data  Gb  hal_uart.o [1]
g_UartTxBuffer          0x20000dd0  0x100  Data  Gb  hal_uart.o [1]
g_UartTxFlag            0x2000132c    0x4  Data  Gb  hal_uart.o [1]
g_UartTx_state          0x20000289    0x1  Data  Gb  hal_uart.o [1]
g_cal_Buf               0x20000748  0x400  Data  Gb  gpio_per.o [1]
g_hopChannel            0x2000135e    0x1  Data  Gb  sx1276-LoRa.o [1]
g_wokeUpPreambleLength  0x20001350    0x4  Data  Lc  sx1276-LoRa.o [1]
getPacketSnr            0x08008fd1   0x48  Code  Gb  sx1276-LoRa.o [1]
getSum                  0x0800226b   0x1e  Code  Gb  common.o [1]
get_RxPacketRssi        0x08009021   0x86  Code  Gb  sx1276-LoRa.o [1]
get_light_time          0x08002133   0x2e  Code  Gb  gpio_per.o [1]
get_packet_info         0x080042b3   0x44  Code  Gb  APL.o [1]
get_reg                 0x080057c5   0x32  Code  Gb  apl_debug.o [1]
gpio_per_init           0x080010b5   0x14  Code  Gb  gpio_per.o [1]
hal_ADC_Init            0x08001421   0x84  Code  Gb  gpio_per.o [1]
hal_BlindLED            0x08002997   0x18  Code  Lc  hal_uart.o [1]
hal_DebugDMATx          0x08002eb1   0x68  Code  Gb  hal_uart.o [1]
hal_GetCurrentTime      0x0800aa39   0x3c  Code  Gb  hal_timer.o [1]
hal_GetSystickCounter   0x080053d5    0x6  Code  Lc  apl_debug.o [1]
hal_GetSystickCounter   0x08002199    0x6  Code  Lc  common.o [1]
hal_GetSystickCounter   0x08002979    0x6  Code  Lc  hal_uart.o [1]
hal_GetSystickCounter   0x08008d9d    0x6  Code  Lc  sx1276-LoRa.o [1]
hal_InitCOM             0x08002b41  0x172  Code  Gb  hal_uart.o [1]
hal_InitIwdg            0x0800b501   0x20  Code  Gb  hal_wdg.o [1]
hal_InitLED             0x0800b48d   0x5c  Code  Gb  hal_led.o [1]
hal_InitMemoryVariable  0x08005dd9    0x8  Code  Gb  hal_memory.o [1]
hal_InitNVIC            0x0800b019   0xce  Code  Gb  hal_nvic.o [1]
hal_InitPrintVariable   0x08002ac5   0x4e  Code  Gb  hal_uart.o [1]
hal_InitRCC             0x0800b421    0xe  Code  Gb  hal_rcc.o [1]
hal_InitRF              0x08008d5d   0x24  Code  Gb  hal_radio.o [1]
hal_InitRTC             0x0800a8e7   0x78  Code  Gb  hal_timer.o [1]
hal_InitSystickTimer    0x0800a8cd   0x1a  Code  Gb  hal_timer.o [1]
hal_InitTIMER           0x0800a8c1    0xc  Code  Gb  hal_timer.o [1]
hal_InitTimerVariable   0x0800a8b9    0x8  Code  Gb  hal_timer.o [1]
hal_InitUART            0x08002b31   0x10  Code  Gb  hal_uart.o [1]
hal_InitUartVariable    0x08002abd    0x8  Code  Gb  hal_uart.o [1]
hal_InitWDG             0x0800b4f5    0xc  Code  Gb  hal_wdg.o [1]
hal_InitWwdg            0x0800b525   0x26  Code  Gb  hal_wdg.o [1]
hal_Init_Flash          0x080035c7    0x8  Code  Gb  hal_falsh.o [1]
hal_Init_RF_pins        0x08008b73   0xd4  Code  Gb  hal_radio.o [1]
hal_Init_gdflash_pins   0x08007109   0x7a  Code  Gb  hal_GDflash.o [1]
hal_LightLED            0x0800b475   0x18  Code  Lc  hal_led.o [1]
hal_LightLED            0x0800297f   0x18  Code  Lc  hal_uart.o [1]
hal_PacketRF_TxData     0x08009179   0x18  Code  Gb  sx1276-LoRa.o [1]
hal_RF_process          0x200001b4   0x10  Data  Gb  hal_radio.o [1]
hal_RF_reset            0x200001c4   0x10  Data  Gb  hal_radio.o [1]
hal_SetCurrentTime      0x0800a95f   0xda  Code  Gb  hal_timer.o [1]
hal_ToggleLED           0x0800831d   0x26  Code  Lc  hal_radio.o [1]
hal_UartINTTx           0x08002f21   0x54  Code  Gb  hal_uart.o [1]
hal_init_PWM            0x0800152d  0x108  Code  Gb  gpio_per.o [1]
hal_sRF_ITConfig        0x08008b51   0x22  Code  Gb  hal_radio.o [1]
hal_sRF_InitSPI         0x08008d11    0xc  Code  Gb  hal_radio.o [1]
hal_sRF_SPI_Config      0x08008c91   0x7a  Code  Gb  hal_radio.o [1]
hal_urat_process        0x200001d4   0x10  Data  Gb  hal_uart.o [1]
init_8209c_params       0x08001cc5  0x148  Code  Gb  gpio_per.o [1]
init_update             0x0800474d   0x5c  Code  Gb  APL.o [1]
init_zero_detect        0x080014cd   0x60  Code  Gb  gpio_per.o [1]
internal_Pow            0x08009a59  0x434  Code  Lc  pow.o [4]
lastevent               0x20001357    0x1  Data  Lc  process.o [1]
light_time              0x20001314    0x4  Data  Lc  clock.o [1]
lnbias                  0x08009ec8  0x420  Data  Lc  pow.o [4]
local_addr              0x20000234    0x8  Data  Gb  hal_radio.o [1]
main                    0x0800b331   0x98  Code  Gb  contiki-main.o [1]
ndigs                   0x08005260   0x28  Data  Lc  xstoul.o [3]
nevents                 0x20001358    0x1  Data  Lc  process.o [1]
next_expiration         0x2000131c    0x4  Data  Lc  etimer.o [1]
paralist                0x200000f8   0x2c  Data  Gb  APL.o [1]
period_save_data_process
                        0x20000194   0x10  Data  Gb  gpio_per.o [1]
phsA                    0x20000214    0x8  Data  Gb  APL.o [1]
phyVersion              0x0800bedc    0xc  Data  Gb  PHY.o [1]
poll_requested          0x2000135a    0x1  Data  Lc  process.o [1]
pow                     0x08009eb9    0xe  Code  Gb  pow.o [4]
power_down_protect      0x08001f05   0x34  Code  Gb  gpio_per.o [1]
pows                    0x08007b60   0x48  Data  Lc  xdtento.o [4]
printf                  0x08002cf5  0x19e  Code  Gb  hal_uart.o [1]
printf_params           0x08004649   0x52  Code  Gb  APL.o [1]
proceess_packet         0x08004453   0x8a  Code  Gb  APL.o [1]
process_current         0x2000133c    0x4  Data  Gb  process.o [1]
process_init            0x080037ad   0x1c  Code  Gb  process.o [1]
process_is_running      0x080039a1   0x12  Code  Gb  process.o [1]
process_list            0x20001338    0x4  Data  Gb  process.o [1]
process_poll            0x08003959   0x1e  Code  Gb  process.o [1]
process_post            0x080038d1   0x60  Code  Gb  process.o [1]
process_post_synch      0x08003935   0x1e  Code  Gb  process.o [1]
process_run             0x080038b3   0x1e  Code  Gb  process.o [1]
process_start           0x08003691   0x3a  Code  Gb  process.o [1]
process_thread_apl_update_process
                        0x080042f7  0x15c  Code  Lc  APL.o [1]
process_thread_etimer_process
                        0x08003309   0xda  Code  Lc  etimer.o [1]
process_thread_hal_RF_process
                        0x08008811  0x128  Code  Lc  hal_radio.o [1]
process_thread_hal_RF_reset
                        0x08008961   0x96  Code  Lc  hal_radio.o [1]
process_thread_hal_urat_process
                        0x080029af  0x10e  Code  Lc  hal_uart.o [1]
process_thread_period_save_data_process
                        0x08001211   0xa6  Code  Lc  gpio_per.o [1]
process_thread_start_time_detect_process
                        0x080012c1  0x100  Code  Lc  gpio_per.o [1]
pstart                  0x20000204    0x8  Data  Gb  APL.o [1]
qphsal                  0x2000021c    0x8  Data  Gb  APL.o [1]
radio_reset             0x080058d7    0x8  Code  Gb  apl_debug.o [1]
read_8209c_energyP      0x08002025   0x5e  Code  Gb  gpio_per.o [1]
read_8209c_reg          0x080058fd   0x54  Code  Gb  apl_debug.o [1]
read_8209c_regs         0x080019c3   0xbe  Code  Gb  gpio_per.o [1]
read_LED_state          0x08002165   0x12  Code  Gb  gpio_per.o [1]
read_PWM_volt           0x08001675   0x56  Code  Gb  gpio_per.o [1]
read_UIP                0x08001f4d   0xc4  Code  Gb  gpio_per.o [1]
read_adc                0x08005b5d   0x14  Code  Gb  apl_debug.o [1]
read_addr               0x08008d1d   0x3c  Code  Gb  hal_radio.o [1]
read_energy             0x08005aff   0x1e  Code  Gb  apl_debug.o [1]
read_factor             0x08005b1d   0x14  Code  Gb  apl_debug.o [1]
read_flash              0x080044dd   0x1a  Code  Gb  APL.o [1]
read_light_time         0x08004fed    0x6  Code  Gb  clock.o [1]
read_local_addr         0x08005d6d   0x28  Code  Gb  apl_debug.o [1]
read_param_all          0x08005a11   0x50  Code  Gb  apl_debug.o [1]
read_params_area        0x080010c9   0x5a  Code  Gb  gpio_per.o [1]
read_pow_factor         0x08002089   0xaa  Code  Gb  gpio_per.o [1]
read_reg_all            0x0800584b   0x6c  Code  Gb  apl_debug.o [1]
read_u_i_p              0x08005b43   0x1a  Code  Gb  apl_debug.o [1]
read_update_flash       0x080044f7   0x6e  Code  Gb  APL.o [1]
read_version            0x20000274    0x4  Data  Gb  hal_radio.o [1]
receiveRxData           0x08009195   0x7c  Code  Gb  sx1276-LoRa.o [1]
receive_packet          0x080058cd    0xa  Code  Gb  apl_debug.o [1]
relay_gpio_init         0x080016d5   0x72  Code  Gb  gpio_per.o [1]
reset_8029c             0x08005a61   0x4e  Code  Gb  apl_debug.o [1]
reset_update_params     0x080046a1   0x14  Code  Gb  APL.o [1]
rn8209c_checkSum        0x08001a81   0x2a  Code  Gb  gpio_per.o [1]
rn8209c_init            0x08001905    0xc  Code  Gb  gpio_per.o [1]
rn8209c_papameter       0x200000c0   0x38  Data  Gb  gpio_per.o [1]
rn8209c_read            0x08001831   0x7a  Code  Gb  gpio_per.o [1]
rn8209c_reset           0x080018b1   0x30  Code  Gb  gpio_per.o [1]
rn8209c_write           0x080017b1   0x7c  Code  Gb  gpio_per.o [1]
rn8209c_write_byte      0x08001751   0x5c  Code  Gb  gpio_per.o [1]
save_8209c_params       0x08001ad5   0xda  Code  Gb  gpio_per.o [1]
save_elc_datas          0x08001ecb   0x30  Code  Gb  gpio_per.o [1]
second_countdown        0x20000268    0x4  Data  Lc  clock.o [1]
select_length           0x08001911   0x54  Code  Gb  gpio_per.o [1]
send_packet             0x080058b7   0x16  Code  Gb  apl_debug.o [1]
set_8209c_Kx            0x080059c3   0x4a  Code  Gb  apl_debug.o [1]
set_8209c_Reg           0x08005951   0x6e  Code  Gb  apl_debug.o [1]
set_8209c_params        0x08001baf   0x5c  Code  Gb  gpio_per.o [1]
set_PWM                 0x08001641   0x2e  Code  Gb  gpio_per.o [1]
set_local_addr          0x08005ca7   0xc0  Code  Gb  apl_debug.o [1]
set_power               0x080057a9   0x1c  Code  Gb  apl_debug.o [1]
set_reg                 0x080057fd   0x4e  Code  Gb  apl_debug.o [1]
set_update_packetState  0x080047ad   0x36  Code  Gb  APL.o [1]
spiReadWriteByte        0x080089fd   0x2e  Code  Gb  hal_radio.o [1]
sprintf                 0x08004269   0x38  Code  Gb  sprintf.o [3]
sqrt                    0x08004ec7         Code  Gb  sqrt.o [4]
sqrtl                   0x08004ec7         Code  Gb  sqrt.o [4]
st_update               0x200010f8   0x8c  Data  Gb  APL.o [1]
start_time_detect_process
                        0x200001a4   0x10  Data  Gb  gpio_per.o [1]
strlen                  0x0800231d   0x10  Code  Gb  strlen.o [5]
strstr                  0x080022af   0x10  Code  Gb  gpio_per.o [1]
strtol                  0x08009739    0xa  Code  Gb  strtol.o [3]
tedtbuf                 0x20000fd0   0x98  Data  Gb  contiki-main.o [1]
timer_RFreset           0x200012b8   0x10  Data  Gb  hal_radio.o [1]
timer_debug_uart_tx     0x200012e8   0x10  Data  Gb  hal_uart.o [1]
timer_expired           0x0800611d   0x1e  Code  Gb  timer.o [1]
timer_rf                0x200012a8   0x10  Data  Gb  hal_radio.o [1]
timer_set               0x0800610d   0x10  Code  Gb  timer.o [1]
timer_uart_rx           0x200012d8   0x10  Data  Gb  hal_uart.o [1]
timer_uart_tx           0x200012c8   0x10  Data  Gb  hal_uart.o [1]
timerlist               0x20001318    0x4  Data  Lc  etimer.o [1]
update_software_check   0x080046b9   0x80  Code  Gb  APL.o [1]
update_time             0x080032b9   0x50  Code  Lc  etimer.o [1]
vsnprintf               0x08005f8d   0x3c  Code  Gb  vsnprint.o [3]
w_memcpy                0x0800223b   0x1a  Code  Gb  common.o [1]
w_memset                0x08002255   0x16  Code  Gb  common.o [1]
write_finish            0x08005d95    0xe  Code  Gb  apl_debug.o [1]
write_finish_debug      0x080045fd   0x2e  Code  Gb  APL.o [1]
write_update_flash      0x0800456d   0x8c  Code  Gb  APL.o [1]


[1] = G:\git_hub_lamp\lamp_slave_git\Debug\Obj
[2] = command line
[3] = dl6M_tln.a
[4] = m6M_tl.a
[5] = rt6M_tl.a

  41 590 bytes of readonly  code memory
   3 886 bytes of readonly  data memory
   6 813 bytes of readwrite data memory (+ 192 absolute)

Errors: none
Warnings: none
